Component: ARM Compiler 6.14 Tool: armlink [5db06800]

==============================================================================

Section Cross References

    startup_stm32l562xx_ns.o(RESET) refers (Special) to heapauxi.o(.text) for __use_two_region_memory
    startup_stm32l562xx_ns.o(RESET) refers to startup_stm32l562xx_ns.o(.text) for Reset_Handler
    startup_stm32l562xx_ns.o(RESET) refers to stm32l5xx_it.o(.text.NMI_Handler) for NMI_Handler
    startup_stm32l562xx_ns.o(RESET) refers to stm32l5xx_it.o(.text.HardFault_Handler) for HardFault_Handler
    startup_stm32l562xx_ns.o(RESET) refers to stm32l5xx_it.o(.text.MemManage_Handler) for MemManage_Handler
    startup_stm32l562xx_ns.o(RESET) refers to stm32l5xx_it.o(.text.BusFault_Handler) for BusFault_Handler
    startup_stm32l562xx_ns.o(RESET) refers to stm32l5xx_it.o(.text.UsageFault_Handler) for UsageFault_Handler
    startup_stm32l562xx_ns.o(RESET) refers to stm32l5xx_it.o(.text.DebugMon_Handler) for DebugMon_Handler
    startup_stm32l562xx_ns.o(RESET) refers to stm32l5xx_it.o(.text.SysTick_Handler) for SysTick_Handler
    startup_stm32l562xx_ns.o(RESET) refers to stm32l5xx_it.o(.text.FLASH_IRQHandler) for FLASH_IRQHandler
    startup_stm32l562xx_ns.o(.text) refers (Special) to heapauxi.o(.text) for __use_two_region_memory
    startup_stm32l562xx_ns.o(.text) refers to system_stm32l5xx.o(.text.SystemInit) for SystemInit
    startup_stm32l562xx_ns.o(.text) refers to __main.o(!!!main) for __main
    com.o(.text.COM_Init) refers to setvbuf.o(.text) for setvbuf
    com.o(.text.COM_Init) refers to stm32l5xx_hal_uart.o(.text.HAL_UART_Init) for HAL_UART_Init
    com.o(.text.COM_Init) refers to main.o(.bss.__stdout) for __stdout
    com.o(.text.COM_Init) refers to com.o(.bss.UartHandle) for [Anonymous Symbol]
    com.o(.ARM.exidx.text.COM_Init) refers to com.o(.text.COM_Init) for [Anonymous Symbol]
    com.o(.ARM.exidx.text.COM_DeInit) refers to com.o(.text.COM_DeInit) for [Anonymous Symbol]
    com.o(.text.HAL_UART_MspInit) refers to stm32l5xx_hal_gpio.o(.text.HAL_GPIO_Init) for HAL_GPIO_Init
    com.o(.ARM.exidx.text.HAL_UART_MspInit) refers to com.o(.text.HAL_UART_MspInit) for [Anonymous Symbol]
    com.o(.text.HAL_UART_MspDeInit) refers to stm32l5xx_hal_gpio.o(.text.HAL_GPIO_DeInit) for HAL_GPIO_DeInit
    com.o(.ARM.exidx.text.HAL_UART_MspDeInit) refers to com.o(.text.HAL_UART_MspDeInit) for [Anonymous Symbol]
    com.o(.text.COM_Transmit) refers to stm32l5xx_hal_uart.o(.text.HAL_UART_Transmit) for HAL_UART_Transmit
    com.o(.text.COM_Transmit) refers to com.o(.bss.UartHandle) for [Anonymous Symbol]
    com.o(.ARM.exidx.text.COM_Transmit) refers to com.o(.text.COM_Transmit) for [Anonymous Symbol]
    com.o(.text.COM_Receive) refers to stm32l5xx_hal_uart.o(.text.HAL_UART_Receive) for HAL_UART_Receive
    com.o(.text.COM_Receive) refers to com.o(.bss.UartHandle) for [Anonymous Symbol]
    com.o(.ARM.exidx.text.COM_Receive) refers to com.o(.text.COM_Receive) for [Anonymous Symbol]
    com.o(.text.COM_Flush) refers to com.o(.bss.UartHandle) for [Anonymous Symbol]
    com.o(.ARM.exidx.text.COM_Flush) refers to com.o(.text.COM_Flush) for [Anonymous Symbol]
    com.o(.ARM.exidx.text.Ymodem_HeaderPktRxCpltCallback) refers to com.o(.text.Ymodem_HeaderPktRxCpltCallback) for [Anonymous Symbol]
    com.o(.ARM.exidx.text.Ymodem_DataPktRxCpltCallback) refers to com.o(.text.Ymodem_DataPktRxCpltCallback) for [Anonymous Symbol]
    common.o(.ARM.exidx.text.Str2Int) refers to common.o(.text.Str2Int) for [Anonymous Symbol]
    common.o(.text.Serial_PutByte) refers to com.o(.text.COM_Transmit) for COM_Transmit
    common.o(.ARM.exidx.text.Serial_PutByte) refers to common.o(.text.Serial_PutByte) for [Anonymous Symbol]
    flash_if.o(.text.FLASH_If_Erase_Size) refers to flash_if.o(.text.FLASH_If_Init) for FLASH_If_Init
    flash_if.o(.text.FLASH_If_Erase_Size) refers to stm32l5xx_hal_flash.o(.text.HAL_FLASH_Unlock) for HAL_FLASH_Unlock
    flash_if.o(.text.FLASH_If_Erase_Size) refers to flash_if.o(.text.GetPage) for GetPage
    flash_if.o(.text.FLASH_If_Erase_Size) refers to flash_if.o(.text.GetBank) for GetBank
    flash_if.o(.text.FLASH_If_Erase_Size) refers to stm32l5xx_hal_flash_ex.o(.text.HAL_FLASHEx_Erase) for HAL_FLASHEx_Erase
    flash_if.o(.text.FLASH_If_Erase_Size) refers to stm32l5xx_hal_flash.o(.text.HAL_FLASH_GetError) for HAL_FLASH_GetError
    flash_if.o(.text.FLASH_If_Erase_Size) refers to stm32l5xx_hal_flash.o(.text.HAL_FLASH_Lock) for HAL_FLASH_Lock
    flash_if.o(.ARM.exidx.text.FLASH_If_Erase_Size) refers to flash_if.o(.text.FLASH_If_Erase_Size) for [Anonymous Symbol]
    flash_if.o(.text.FLASH_If_Init) refers to stm32l5xx_hal_flash.o(.text.HAL_FLASH_Unlock) for HAL_FLASH_Unlock
    flash_if.o(.text.FLASH_If_Init) refers to stm32l5xx_hal_flash.o(.text.HAL_FLASH_Lock) for HAL_FLASH_Lock
    flash_if.o(.text.FLASH_If_Init) refers to puts.o(.text) for puts
[...]
    __arm_cp.1_11                            0x90003a7c   Number         4  tfm_app.o(.text.tfm_app_print_menu)
    __arm_cp.1_12                            0x90003a80   Number         4  tfm_app.o(.text.tfm_app_print_menu)
    __arm_cp.1_13                            0x90003a84   Number         4  tfm_app.o(.text.tfm_app_print_menu)
    __arm_cp.1_14                            0x90003a88   Number         4  tfm_app.o(.text.tfm_app_print_menu)
    __arm_cp.1_15                            0x90003a8c   Number         4  tfm_app.o(.text.tfm_app_print_menu)
    tfm_eat_test_circuit_sig                 0x90003a91   Thumb Code   204  tfm_app.o(.text.tfm_eat_test_circuit_sig)
    [Anonymous Symbol]                       0x90003a90   Section        0  tfm_app.o(.text.tfm_eat_test_circuit_sig)
    tfm_its_read_uid                         0x90003b5d   Thumb Code    68  tfm_app.o(.text.tfm_its_read_uid)
    [Anonymous Symbol]                       0x90003b5c   Section        0  tfm_app.o(.text.tfm_its_read_uid)
    tfm_its_remove_uid                       0x90003ba1   Thumb Code    22  tfm_app.o(.text.tfm_its_remove_uid)
    [Anonymous Symbol]                       0x90003ba0   Section        0  tfm_app.o(.text.tfm_its_remove_uid)
    tfm_its_set_uid                          0x90003bb9   Thumb Code    56  tfm_app.o(.text.tfm_its_set_uid)
    [Anonymous Symbol]                       0x90003bb8   Section        0  tfm_app.o(.text.tfm_its_set_uid)
    [Anonymous Symbol]                       0x90003bf0   Section        0  tfm_ns_lock.o(.text.tfm_ns_interface_dispatch)
    __arm_cp.0_0                             0x90003c20   Number         4  tfm_ns_lock.o(.text.tfm_ns_interface_dispatch)
    tfm_sst_read_uid                         0x90003c25   Thumb Code    64  tfm_app.o(.text.tfm_sst_read_uid)
    [Anonymous Symbol]                       0x90003c24   Section        0  tfm_app.o(.text.tfm_sst_read_uid)
    __arm_cp.3_0                             0x90003c60   Number         4  tfm_app.o(.text.tfm_sst_read_uid)
    tfm_sst_remove_uid                       0x90003c65   Thumb Code    22  tfm_app.o(.text.tfm_sst_remove_uid)
    [Anonymous Symbol]                       0x90003c64   Section        0  tfm_app.o(.text.tfm_sst_remove_uid)
    tfm_sst_set_uid                          0x90003c7d   Thumb Code    60  tfm_app.o(.text.tfm_sst_set_uid)
    [Anonymous Symbol]                       0x90003c7c   Section        0  tfm_app.o(.text.tfm_sst_set_uid)
    __arm_cp.2_0                             0x90003cb4   Number         4  tfm_app.o(.text.tfm_sst_set_uid)
    i._is_digit                              0x90003cb8   Section        0  __printf_wp.o(i._is_digit)
    $v0                                      0x90003cc6   Number         0  fpinit.o(x$fpl$fpinit)
    x$fpl$fpinit                             0x90003cc6   Section       26  fpinit.o(x$fpl$fpinit)
    uc_hextab                                0x90003ce0   Data          20  _printf_hex_int.o(.constdata)
    .constdata                               0x90003ce0   Section       40  _printf_hex_int.o(.constdata)
    lc_hextab                                0x90003cf4   Data          20  _printf_hex_int.o(.constdata)
    maptable                                 0x90003d08   Data          17  __printf_flags_wp.o(.constdata)
    .constdata                               0x90003d08   Section       17  __printf_flags_wp.o(.constdata)
    [Anonymous Symbol]                       0x90003d1c   Section        0  crypto_tests_common.o(.rodata..Lswitch.table.psa_mac_test.53)
    .Lswitch.table.UART_SetConfig.5          0x90003fe0   Data          16  stm32l5xx_hal_uart.o(.rodata.cst16)
    .L__const.psa_mac_test.msg_size          0x90003ff0   Data           8  crypto_tests_common.o(.rodata.cst8)
    hash_alg                                 0x90003ff8   Data          20  crypto_tests_common.o(.rodata.hash_alg)
    [Anonymous Symbol]                       0x90003ff8   Section        0  crypto_tests_common.o(.rodata.hash_alg)
    hash_val                                 0x9000400c   Data         320  crypto_tests_common.o(.rodata.hash_val)
    [Anonymous Symbol]                       0x9000400c   Section        0  crypto_tests_common.o(.rodata.hash_val)
    .Lstr.11                                 0x9000414c   Data          62  main.o(.rodata.str1.1)
    [Anonymous Symbol]                       0x9000414c   Section        0  main.o(.rodata.str1.1)
    .Lstr.10                                 0x9000418a   Data          63  main.o(.rodata.str1.1)
    .L.str.2                                 0x900041c9   Data          73  main.o(.rodata.str1.1)
    .L.str.3                                 0x90004212   Data          74  main.o(.rodata.str1.1)
    .L.str.1                                 0x9000425c   Data          73  main.o(.rodata.str1.1)
    .L.str                                   0x900042a5   Data          73  main.o(.rodata.str1.1)
    .Lstr.18                                 0x900042ee   Data          62  test_protections.o(.rodata.str1.1)
    [Anonymous Symbol]                       0x900042ee   Section        0  test_protections.o(.rodata.str1.1)
    .Lstr                                    0x9000432c   Data          63  test_protections.o(.rodata.str1.1)
    .L.str.8                                 0x9000436b   Data          44  test_protections.o(.rodata.str1.1)
    .Lstr.36                                 0x90004397   Data          77  tfm_app.o(.rodata.str1.1)
    [Anonymous Symbol]                       0x90004397   Section        0  tfm_app.o(.rodata.str1.1)
    .Lstr.37                                 0x900043e4   Data          77  tfm_app.o(.rodata.str1.1)
    .Lstr.38                                 0x90004431   Data          77  tfm_app.o(.rodata.str1.1)
    .Lstr.39                                 0x9000447e   Data          77  tfm_app.o(.rodata.str1.1)
    .Lstr.40                                 0x900044cb   Data          77  tfm_app.o(.rodata.str1.1)
    .Lstr.41                                 0x90004518   Data          77  tfm_app.o(.rodata.str1.1)
    .Lstr.42                                 0x90004565   Data          77  tfm_app.o(.rodata.str1.1)
    .Lstr.43                                 0x900045b2   Data          77  tfm_app.o(.rodata.str1.1)
    .Lstr.44                                 0x900045ff   Data          77  tfm_app.o(.rodata.str1.1)
    .Lstr.45                                 0x9000464c   Data          77  tfm_app.o(.rodata.str1.1)
    .Lstr                                    0x90004699   Data          74  tfm_app.o(.rodata.str1.1)
    .Lstr.46                                 0x900046e3   Data          77  tfm_app.o(.rodata.str1.1)
    .Lstr.47                                 0x90004730   Data          77  tfm_app.o(.rodata.str1.1)
    .Lstr.48                                 0x9000477d   Data          77  tfm_app.o(.rodata.str1.1)
    .L.str.12                                0x900047ca   Data          17  tfm_app.o(.rodata.str1.1)
    .L.str.13                                0x900047db   Data          17  tfm_app.o(.rodata.str1.1)
    .L.str.3                                 0x900047ec   Data          18  tfm_app.o(.rodata.str1.1)
    .L.str.7                                 0x900047fe   Data          25  tfm_app.o(.rodata.str1.1)
    .L.str.6                                 0x90004817   Data          31  tfm_app.o(.rodata.str1.1)
    .L.str.5                                 0x90004836   Data          22  tfm_app.o(.rodata.str1.1)
    .L.str.4                                 0x9000484c   Data          18  tfm_app.o(.rodata.str1.1)
    .L.str                                   0x9000485e   Data          18  tfm_app.o(.rodata.str1.1)
    .L.str.8                                 0x90004870   Data          33  tfm_app.o(.rodata.str1.1)
    .Lstr.49                                 0x90004891   Data          77  tfm_app.o(.rodata.str1.1)
    .Lstr.53                                 0x900048de   Data           2  tfm_app.o(.rodata.str1.1)
    .L.str.2                                 0x900048e0   Data           7  tfm_app.o(.rodata.str1.1)
    .L.str.1                                 0x900048e7   Data          12  tfm_app.o(.rodata.str1.1)
    .L.str.26                                0x900048f3   Data          26  crypto_tests_common.o(.rodata.str1.1)
    [Anonymous Symbol]                       0x900048f3   Section        0  crypto_tests_common.o(.rodata.str1.1)
    .L__func__.psa_key_interface_test        0x9000490a   Data          23  crypto_tests_common.o(.rodata.str1.1)
    .L.str.27                                0x9000490d   Data          33  crypto_tests_common.o(.rodata.str1.1)
    .L.str.4                                 0x9000492e   Data          27  crypto_tests_common.o(.rodata.str1.1)
    .L.str.17                                0x90004949   Data          58  crypto_tests_common.o(.rodata.str1.1)
    .L.str.5                                 0x90004983   Data          50  crypto_tests_common.o(.rodata.str1.1)
    .L.str.6                                 0x900049b5   Data          47  crypto_tests_common.o(.rodata.str1.1)
    .L.str.9                                 0x900049cc   Data          44  crypto_tests_common.o(.rodata.str1.1)
    .L.str.23                                0x900049e4   Data          46  crypto_tests_common.o(.rodata.str1.1)
    .L.str.10                                0x900049f8   Data          25  crypto_tests_common.o(.rodata.str1.1)
    .L.str.11                                0x90004a11   Data          33  crypto_tests_common.o(.rodata.str1.1)
    .L.str.15                                0x90004a12   Data          29  crypto_tests_common.o(.rodata.str1.1)
    .L.str.18                                0x90004a2f   Data          38  crypto_tests_common.o(.rodata.str1.1)
    .L.str.19                                0x90004a55   Data          44  crypto_tests_common.o(.rodata.str1.1)
    .L.str.12                                0x90004a81   Data          46  crypto_tests_common.o(.rodata.str1.1)
    .L.str.37                                0x90004aaf   Data          33  crypto_tests_common.o(.rodata.str1.1)
    .L.str.21                                0x90004ad0   Data          24  crypto_tests_common.o(.rodata.str1.1)
    .L.str.20                                0x90004ae8   Data          36  crypto_tests_common.o(.rodata.str1.1)
    .L.str.35                                0x90004b0c   Data          33  crypto_tests_common.o(.rodata.str1.1)
    .L.str.13                                0x90004b2d   Data          41  crypto_tests_common.o(.rodata.str1.1)
    .L__func__.psa_aead_test                 0x90004b56   Data          14  crypto_tests_common.o(.rodata.str1.1)
    .L__func__.psa_hash_test                 0x90004b64   Data          14  crypto_tests_common.o(.rodata.str1.1)
    .L__func__.psa_cipher_test               0x90004b72   Data          16  crypto_tests_common.o(.rodata.str1.1)
    .L.str.22                                0x90004b82   Data          45  crypto_tests_common.o(.rodata.str1.1)
    .L.str.1                                 0x90004baf   Data          25  crypto_tests_common.o(.rodata.str1.1)
    .L.str.3                                 0x90004bc8   Data          22  crypto_tests_common.o(.rodata.str1.1)
    .L.str.24                                0x90004bde   Data          23  crypto_tests_common.o(.rodata.str1.1)
    .L__func__.psa_invalid_cipher_test       0x90004bf0   Data          24  crypto_tests_common.o(.rodata.str1.1)
    .L.str                                   0x90004bf5   Data          23  crypto_tests_common.o(.rodata.str1.1)
    .L.str                                   0x90004c0c   Data          24  test_framework.o(.rodata.str1.1)
    .L.str.6                                 0x90004c0c   Data          34  test_framework.o(.rodata.str1.1)
    [Anonymous Symbol]                       0x90004c0c   Section        0  test_framework.o(.rodata.str1.1)
    .L.str.1                                 0x90004c24   Data          28  test_framework.o(.rodata.str1.1)
    .L__const.tfm_its_read_uid.read_data     0x90004c30   Data          45  tfm_app.o(.rodata.str1.4)
    [Anonymous Symbol]                       0x90004c30   Section        0  tfm_app.o(.rodata.str1.4)
    .L.str.2                                 0x90004c40   Data          33  test_framework.o(.rodata.str1.1)
    .L.str.31                                0x90004c51   Data          33  crypto_tests_common.o(.rodata.str1.1)
    .L__const.tfm_its_read_uid.expected_data 0x90004c60   Data          26  tfm_app.o(.rodata.str1.4)
    .L.str.3                                 0x90004c61   Data          27  test_framework.o(.rodata.str1.1)
    .L__func__.psa_mac_test                  0x90004c72   Data          13  crypto_tests_common.o(.rodata.str1.1)
    .L.str.5                                 0x90004c7c   Data          29  test_framework.o(.rodata.str1.1)
    .L__const.psa_aead_test.plain_text       0x90004c7c   Data          16  crypto_tests_common.o(.rodata.str1.4)
    [Anonymous Symbol]                       0x90004c7c   Section        0  crypto_tests_common.o(.rodata.str1.4)
    .L.str.34                                0x90004c7f   Data          42  crypto_tests_common.o(.rodata.str1.1)
    .L__const.psa_policy_invalid_policy_usage_test.data 0x90004c8c   Data          16  crypto_tests_common.o(.rodata.str1.4)
    .L.str.8                                 0x90004cbb   Data          41  test_framework.o(.rodata.str1.1)
    .L.str.16                                0x90004ce4   Data          20  test_framework.o(.rodata.str1.1)
    .Lstr.20                                 0x90004cf8   Data          16  test_framework.o(.rodata.str1.1)
    .L__func__.psa_invalid_key_length_test   0x90004cf9   Data          28  crypto_tests_common.o(.rodata.str1.1)
    .L.str.40                                0x90004d15   Data          23  crypto_tests_common.o(.rodata.str1.1)
    .L__func__.psa_policy_key_interface_test 0x90004d2c   Data          30  crypto_tests_common.o(.rodata.str1.1)
    .L.str.41                                0x90004d4a   Data          27  crypto_tests_common.o(.rodata.str1.1)
    .L__func__.psa_policy_invalid_policy_usage_test 0x90004d65   Data          37  crypto_tests_common.o(.rodata.str1.1)
    .L.str.48                                0x90004d8a   Data          50  crypto_tests_common.o(.rodata.str1.1)
    .L.str.49                                0x90004dbc   Data          55  crypto_tests_common.o(.rodata.str1.1)

    Global Symbols

    Symbol Name                              Value     Ov Type        Size  Object(Section)

    BuildAttributes$$THM_ISAv4$E$P$D$K$B$S$7EM$8M$VFPi5$EXTD16$VFPS$VFMA$PE$A:L22UL41UL21$X:L11$S22US41US21$IEEE1$IW$~IW$USESV6$~STKCKD$USESV7$~SHL$OSPACE$ROPI$EBA8$UX$STANDARDLIB$REQ8$PRES8$EABIv2 0x00000000   Number         0  anon$$obj.o ABSOLUTE
    _printf_flags                            0x00000000   Number         0  printf_stubs.o ABSOLUTE
    _printf_return_value                     0x00000000   Number         0  printf_stubs.o ABSOLUTE
    _printf_sizespec                         0x00000000   Number         0  printf_stubs.o ABSOLUTE
    _printf_widthprec                        0x00000000   Number         0  printf_stubs.o ABSOLUTE
    __ARM_exceptions_init                     - Undefined Weak Reference
    __alloca_initialize                       - Undefined Weak Reference
    __arm_preinit_                            - Undefined Weak Reference
    __cpp_initialize__aeabi_                  - Undefined Weak Reference
    __cxa_finalize                            - Undefined Weak Reference
    __rt_locale                               - Undefined Weak Reference
    __sigvec_lookup                           - Undefined Weak Reference
    _atexit_init                              - Undefined Weak Reference
    _call_atexit_fns                          - Undefined Weak Reference
    _clock_init                               - Undefined Weak Reference
    _fp_trap_init                             - Undefined Weak Reference
    _fp_trap_shutdown                         - Undefined Weak Reference
    _get_lc_collate                           - Undefined Weak Reference
    _get_lc_ctype                             - Undefined Weak Reference
    _get_lc_monetary                          - Undefined Weak Reference
    _get_lc_numeric                           - Undefined Weak Reference
    _get_lc_time                              - Undefined Weak Reference
    _getenv_init                              - Undefined Weak Reference
    _handle_redirection                       - Undefined Weak Reference
    _init_alloc                               - Undefined Weak Reference
    _init_user_alloc                          - Undefined Weak Reference
    _initio                                   - Undefined Weak Reference
    _mutex_acquire                            - Undefined Weak Reference
    _mutex_release                            - Undefined Weak Reference
    _printf_mbtowc                            - Undefined Weak Reference
    _printf_truncate_signed                   - Undefined Weak Reference
    _printf_truncate_unsigned                 - Undefined Weak Reference
    _rand_init                                - Undefined Weak Reference
    _signal_finish                            - Undefined Weak Reference
    _signal_init                              - Undefined Weak Reference
    _terminate_alloc                          - Undefined Weak Reference
    _terminate_user_alloc                     - Undefined Weak Reference
    _terminateio                              - Undefined Weak Reference
    __Vectors_Size                           0x000001f4   Number         0  startup_stm32l562xx_ns.o ABSOLUTE
    TZ_AllocModuleContext_S                  0x0c038c81   Thumb Code     8  veneer.o ABSOLUTE
    TZ_FreeModuleContext_S                   0x0c038c89   Thumb Code     8  veneer.o ABSOLUTE
    TZ_InitContextSystem_S                   0x0c038c91   Thumb Code     8  veneer.o ABSOLUTE
    TZ_LoadContext_S                         0x0c038c99   Thumb Code     8  veneer.o ABSOLUTE
    TZ_StoreContext_S                        0x0c038ca1   Thumb Code     8  veneer.o ABSOLUTE
    tfm_psa_call_veneer                      0x0c038ca9   Thumb Code     8  veneer.o ABSOLUTE
    tfm_psa_close_veneer                     0x0c038cb1   Thumb Code     8  veneer.o ABSOLUTE
    tfm_psa_connect_veneer                   0x0c038cb9   Thumb Code     8  veneer.o ABSOLUTE
    tfm_psa_framework_version_veneer         0x0c038cc1   Thumb Code     8  veneer.o ABSOLUTE
    tfm_psa_version_veneer                   0x0c038cc9   Thumb Code     8  veneer.o ABSOLUTE
    tfm_initial_attest_get_token_size_veneer 0x0c038cd1   Thumb Code     8  veneer.o ABSOLUTE
    tfm_initial_attest_get_token_veneer      0x0c038cd9   Thumb Code     8  veneer.o ABSOLUTE
    tfm_tfm_crypto_aead_decrypt_veneer       0x0c038ce1   Thumb Code     8  veneer.o ABSOLUTE
    tfm_tfm_crypto_aead_encrypt_veneer       0x0c038ce9   Thumb Code     8  veneer.o ABSOLUTE
    tfm_tfm_crypto_allocate_key_veneer       0x0c038cf1   Thumb Code     8  veneer.o ABSOLUTE
    tfm_tfm_crypto_asymmetric_decrypt_veneer 0x0c038cf9   Thumb Code     8  veneer.o ABSOLUTE
    tfm_tfm_crypto_asymmetric_encrypt_veneer 0x0c038d01   Thumb Code     8  veneer.o ABSOLUTE
    tfm_tfm_crypto_asymmetric_sign_veneer    0x0c038d09   Thumb Code     8  veneer.o ABSOLUTE
    tfm_tfm_crypto_asymmetric_verify_veneer  0x0c038d11   Thumb Code     8  veneer.o ABSOLUTE
    tfm_tfm_crypto_cipher_abort_veneer       0x0c038d19   Thumb Code     8  veneer.o ABSOLUTE
    tfm_tfm_crypto_cipher_decrypt_setup_veneer 0x0c038d21   Thumb Code     8  veneer.o ABSOLUTE
    tfm_tfm_crypto_cipher_encrypt_setup_veneer 0x0c038d29   Thumb Code     8  veneer.o ABSOLUTE
    tfm_tfm_crypto_cipher_finish_veneer      0x0c038d31   Thumb Code     8  veneer.o ABSOLUTE
    tfm_tfm_crypto_cipher_generate_iv_veneer 0x0c038d39   Thumb Code     8  veneer.o ABSOLUTE
    tfm_tfm_crypto_cipher_set_iv_veneer      0x0c038d41   Thumb Code     8  veneer.o ABSOLUTE
    tfm_tfm_crypto_cipher_update_veneer      0x0c038d49   Thumb Code     8  veneer.o ABSOLUTE
    tfm_tfm_crypto_copy_key_veneer           0x0c038d51   Thumb Code     8  veneer.o ABSOLUTE
    tfm_tfm_crypto_destroy_key_veneer        0x0c038d59   Thumb Code     8  veneer.o ABSOLUTE
    tfm_tfm_crypto_export_key_veneer         0x0c038d61   Thumb Code     8  veneer.o ABSOLUTE
    tfm_tfm_crypto_export_public_key_veneer  0x0c038d69   Thumb Code     8  veneer.o ABSOLUTE
    tfm_tfm_crypto_generate_key_veneer       0x0c038d71   Thumb Code     8  veneer.o ABSOLUTE
    tfm_tfm_crypto_generate_random_veneer    0x0c038d79   Thumb Code     8  veneer.o ABSOLUTE
    tfm_tfm_crypto_generator_abort_veneer    0x0c038d81   Thumb Code     8  veneer.o ABSOLUTE
    tfm_tfm_crypto_generator_import_key_veneer 0x0c038d89   Thumb Code     8  veneer.o ABSOLUTE
    tfm_tfm_crypto_generator_read_veneer     0x0c038d91   Thumb Code     8  veneer.o ABSOLUTE
    tfm_tfm_crypto_get_generator_capacity_veneer 0x0c038d99   Thumb Code     8  veneer.o ABSOLUTE
    tfm_tfm_crypto_get_key_information_veneer 0x0c038da1   Thumb Code     8  veneer.o ABSOLUTE
    tfm_tfm_crypto_get_key_lifetime_veneer   0x0c038da9   Thumb Code     8  veneer.o ABSOLUTE
    tfm_tfm_crypto_get_key_policy_veneer     0x0c038db1   Thumb Code     8  veneer.o ABSOLUTE
    tfm_tfm_crypto_hash_abort_veneer         0x0c038db9   Thumb Code     8  veneer.o ABSOLUTE
    tfm_tfm_crypto_hash_clone_veneer         0x0c038dc1   Thumb Code     8  veneer.o ABSOLUTE
    tfm_tfm_crypto_hash_finish_veneer        0x0c038dc9   Thumb Code     8  veneer.o ABSOLUTE
    tfm_tfm_crypto_hash_setup_veneer         0x0c038dd1   Thumb Code     8  veneer.o ABSOLUTE
    tfm_tfm_crypto_hash_update_veneer        0x0c038dd9   Thumb Code     8  veneer.o ABSOLUTE
    tfm_tfm_crypto_hash_verify_veneer        0x0c038de1   Thumb Code     8  veneer.o ABSOLUTE
    tfm_tfm_crypto_import_key_veneer         0x0c038de9   Thumb Code     8  veneer.o ABSOLUTE
    tfm_tfm_crypto_key_agreement_veneer      0x0c038df1   Thumb Code     8  veneer.o ABSOLUTE
    tfm_tfm_crypto_key_derivation_veneer     0x0c038df9   Thumb Code     8  veneer.o ABSOLUTE
    tfm_tfm_crypto_mac_abort_veneer          0x0c038e01   Thumb Code     8  veneer.o ABSOLUTE
    tfm_tfm_crypto_mac_sign_finish_veneer    0x0c038e09   Thumb Code     8  veneer.o ABSOLUTE
    tfm_tfm_crypto_mac_sign_setup_veneer     0x0c038e11   Thumb Code     8  veneer.o ABSOLUTE
    tfm_tfm_crypto_mac_update_veneer         0x0c038e19   Thumb Code     8  veneer.o ABSOLUTE
    tfm_tfm_crypto_mac_verify_finish_veneer  0x0c038e21   Thumb Code     8  veneer.o ABSOLUTE
    tfm_tfm_crypto_mac_verify_setup_veneer   0x0c038e29   Thumb Code     8  veneer.o ABSOLUTE
    tfm_tfm_crypto_set_key_policy_veneer     0x0c038e31   Thumb Code     8  veneer.o ABSOLUTE
    tfm_tfm_its_get_info_req_veneer          0x0c038e39   Thumb Code     8  veneer.o ABSOLUTE
    tfm_tfm_its_get_req_veneer               0x0c038e41   Thumb Code     8  veneer.o ABSOLUTE
    tfm_tfm_its_remove_req_veneer            0x0c038e49   Thumb Code     8  veneer.o ABSOLUTE
    tfm_tfm_its_set_req_veneer               0x0c038e51   Thumb Code     8  veneer.o ABSOLUTE
    tfm_tfm_sst_get_info_req_veneer          0x0c038e59   Thumb Code     8  veneer.o ABSOLUTE
    tfm_tfm_sst_get_req_veneer               0x0c038e61   Thumb Code     8  veneer.o ABSOLUTE
    tfm_tfm_sst_get_support_req_veneer       0x0c038e69   Thumb Code     8  veneer.o ABSOLUTE
    tfm_tfm_sst_remove_req_veneer            0x0c038e71   Thumb Code     8  veneer.o ABSOLUTE
    tfm_tfm_sst_set_req_veneer               0x0c038e79   Thumb Code     8  veneer.o ABSOLUTE
    TestNumber                               0x20000000   Data           4  main.o(.bss.NoInit)
    uwTickFreq                               0x20000100   Data           1  stm32l5xx_hal.o(.data..L_MergedGlobals)
    uwTickPrio                               0x20000104   Data           4  stm32l5xx_hal.o(.data..L_MergedGlobals)
    SystemCoreClock                          0x20000108   Data           4  system_stm32l5xx.o(.data.SystemCoreClock)
    pFlash                                   0x2000010c   Data          28  stm32l5xx_hal_flash.o(.data.pFlash)
    __stdout                                 0x200001b8   Data          84  main.o(.bss.__stdout)
    pUserAppId                               0x2000020c   Data           4  main.o(.bss.pUserAppId)
    uwTick                                   0x20000214   Data           4  stm32l5xx_hal.o(.bss.uwTick)
    Image$$ARM_LIB_STACK$$ZI$$Base           0x20000620   Number         0  anon$$obj.o ABSOLUTE
    Image$$ARM_LIB_HEAP$$ZI$$Base            0x20001220   Number         0  anon$$obj.o ABSOLUTE
    Image$$ARM_LIB_STACK$$ZI$$Limit          0x20001220   Number         0  anon$$obj.o ABSOLUTE
    Image$$ARM_LIB_HEAP$$ZI$$Limit           0x20002220   Number         0  anon$$obj.o ABSOLUTE
    __Vectors                                0x90000400   Data           4  startup_stm32l562xx_ns.o(RESET)
    __Vectors_End                            0x900005f4   Data           0  startup_stm32l562xx_ns.o(RESET)
    __main                                   0x900005f5   Thumb Code     8  __main.o(!!!main)
    __scatterload                            0x900005fd   Thumb Code     0  __scatter.o(!!!scatter)
    __scatterload_rt2                        0x900005fd   Thumb Code    44  __scatter.o(!!!scatter)
    __scatterload_rt2_thumb_only             0x900005fd   Thumb Code     0  __scatter.o(!!!scatter)
    __scatterload_null                       0x9000060b   Thumb Code     0  __scatter.o(!!!scatter)
    __scatterload_copy                       0x90000631   Thumb Code    26  __scatter_copy.o(!!handler_copy)
    __scatterload_zeroinit                   0x9000064d   Thumb Code    28  __scatter_zi.o(!!handler_zi)
    _printf_d                                0x90000669   Thumb Code     0  _printf_d.o(.ARM.Collect$$_printf_percent$$00000009)
    _printf_percent                          0x90000669   Thumb Code     0  _printf_percent.o(.ARM.Collect$$_printf_percent$$00000000)
    _printf_x                                0x9000066f   Thumb Code     0  _printf_x.o(.ARM.Collect$$_printf_percent$$0000000C)
    _printf_c                                0x90000675   Thumb Code     0  _printf_c.o(.ARM.Collect$$_printf_percent$$00000013)
    _printf_s                                0x9000067b   Thumb Code     0  _printf_s.o(.ARM.Collect$$_printf_percent$$00000014)
    _printf_percent_end                      0x90000681   Thumb Code     0  _printf_percent_end.o(.ARM.Collect$$_printf_percent$$00000017)
    __rt_lib_init                            0x90000685   Thumb Code     0  libinit.o(.ARM.Collect$$libinit$$00000000)
    __rt_lib_init_fp_1                       0x90000687   Thumb Code     0  libinit2.o(.ARM.Collect$$libinit$$00000001)
    __rt_lib_init_alloca_1                   0x9000068b   Thumb Code     0  libinit2.o(.ARM.Collect$$libinit$$0000002E)
    __rt_lib_init_argv_1                     0x9000068b   Thumb Code     0  libinit2.o(.ARM.Collect$$libinit$$0000002C)
    __rt_lib_init_atexit_1                   0x9000068b   Thumb Code     0  libinit2.o(.ARM.Collect$$libinit$$0000001B)
    __rt_lib_init_clock_1                    0x9000068b   Thumb Code     0  libinit2.o(.ARM.Collect$$libinit$$00000021)
    __rt_lib_init_cpp_1                      0x9000068b   Thumb Code     0  libinit2.o(.ARM.Collect$$libinit$$00000032)
    __rt_lib_init_exceptions_1               0x9000068b   Thumb Code     0  libinit2.o(.ARM.Collect$$libinit$$00000030)
    __rt_lib_init_fp_trap_1                  0x9000068b   Thumb Code     0  libinit2.o(.ARM.Collect$$libinit$$0000001F)
    __rt_lib_init_getenv_1                   0x9000068b   Thumb Code     0  libinit2.o(.ARM.Collect$$libinit$$00000023)
    __rt_lib_init_heap_1                     0x9000068b   Thumb Code     0  libinit2.o(.ARM.Collect$$libinit$$0000000A)
    __rt_lib_init_lc_collate_1               0x9000068b   Thumb Code     0  libinit2.o(.ARM.Collect$$libinit$$00000011)
    __rt_lib_init_lc_ctype_1                 0x9000068b   Thumb Code     0  libinit2.o(.ARM.Collect$$libinit$$00000013)
    __rt_lib_init_lc_monetary_1              0x9000068b   Thumb Code     0  libinit2.o(.ARM.Collect$$libinit$$00000015)
    __rt_lib_init_lc_numeric_1               0x9000068b   Thumb Code     0  libinit2.o(.ARM.Collect$$libinit$$00000017)
    __rt_lib_init_lc_time_1                  0x9000068b   Thumb Code     0  libinit2.o(.ARM.Collect$$libinit$$00000019)
    __rt_lib_init_preinit_1                  0x9000068b   Thumb Code     0  libinit2.o(.ARM.Collect$$libinit$$00000004)
    __rt_lib_init_rand_1                     0x9000068b   Thumb Code     0  libinit2.o(.ARM.Collect$$libinit$$0000000E)
    __rt_lib_init_return                     0x9000068b   Thumb Code     0  libinit2.o(.ARM.Collect$$libinit$$00000033)
    __rt_lib_init_signal_1                   0x9000068b   Thumb Code     0  libinit2.o(.ARM.Collect$$libinit$$0000001D)
    __rt_lib_init_stdio_1                    0x9000068b   Thumb Code     0  libinit2.o(.ARM.Collect$$libinit$$00000025)
    __rt_lib_init_user_alloc_1               0x9000068b   Thumb Code     0  libinit2.o(.ARM.Collect$$libinit$$0000000C)
    __rt_lib_shutdown                        0x9000068d   Thumb Code     0  libshutdown.o(.ARM.Collect$$libshutdown$$00000000)
    __rt_lib_shutdown_cpp_1                  0x9000068f   Thumb Code     0  libshutdown2.o(.ARM.Collect$$libshutdown$$00000002)
    __rt_lib_shutdown_fp_trap_1              0x9000068f   Thumb Code     0  libshutdown2.o(.ARM.Collect$$libshutdown$$00000007)
    __rt_lib_shutdown_heap_1                 0x9000068f   Thumb Code     0  libshutdown2.o(.ARM.Collect$$libshutdown$$0000000F)
    __rt_lib_shutdown_return                 0x9000068f   Thumb Code     0  libshutdown2.o(.ARM.Collect$$libshutdown$$00000010)
    __rt_lib_shutdown_signal_1               0x9000068f   Thumb Code     0  libshutdown2.o(.ARM.Collect$$libshutdown$$0000000A)
    __rt_lib_shutdown_stdio_1                0x9000068f   Thumb Code     0  libshutdown2.o(.ARM.Collect$$libshutdown$$00000004)
    __rt_lib_shutdown_user_alloc_1           0x9000068f   Thumb Code     0  libshutdown2.o(.ARM.Collect$$libshutdown$$0000000C)
    __rt_entry                               0x90000691   Thumb Code     0  __rtentry.o(.ARM.Collect$$rtentry$$00000000)
    __rt_entry_presh_1                       0x90000691   Thumb Code     0  __rtentry2.o(.ARM.Collect$$rtentry$$00000002)
    __rt_entry_sh                            0x90000691   Thumb Code     0  __rtentry7.o(.ARM.Collect$$rtentry$$00000007)
    __rt_entry_li                            0x90000695   Thumb Code     0  __rtentry2.o(.ARM.Collect$$rtentry$$0000000A)
    __rt_entry_postsh_1                      0x90000695   Thumb Code     0  __rtentry2.o(.ARM.Collect$$rtentry$$00000009)
    __rt_entry_main                          0x90000699   Thumb Code     0  __rtentry2.o(.ARM.Collect$$rtentry$$0000000D)
    __rt_entry_postli_1                      0x90000699   Thumb Code     0  __rtentry2.o(.ARM.Collect$$rtentry$$0000000C)
    __rt_exit                                0x900006a5   Thumb Code     0  rtexit.o(.ARM.Collect$$rtexit$$00000000)
    __rt_exit_ls                             0x900006a7   Thumb Code     0  rtexit2.o(.ARM.Collect$$rtexit$$00000003)
    __rt_exit_prels_1                        0x900006a7   Thumb Code     0  rtexit2.o(.ARM.Collect$$rtexit$$00000002)
    __rt_exit_exit                           0x900006ab   Thumb Code     0  rtexit2.o(.ARM.Collect$$rtexit$$00000004)
    Reset_Handler                            0x900006b1   Thumb Code     8  startup_stm32l562xx_ns.o(.text)
    SecureFault_Handler                      0x900006c3   Thumb Code     2  startup_stm32l562xx_ns.o(.text)
    SVC_Handler                              0x900006c5   Thumb Code     2  startup_stm32l562xx_ns.o(.text)
    PendSV_Handler                           0x900006c9   Thumb Code     2  startup_stm32l562xx_ns.o(.text)
    ADC1_2_IRQHandler                        0x900006cd   Thumb Code     0  startup_stm32l562xx_ns.o(.text)
    AES_IRQHandler                           0x900006cd   Thumb Code     0  startup_stm32l562xx_ns.o(.text)
    COMP_IRQHandler                          0x900006cd   Thumb Code     0  startup_stm32l562xx_ns.o(.text)
    CRS_IRQHandler                           0x900006cd   Thumb Code     0  startup_stm32l562xx_ns.o(.text)
    DAC_IRQHandler                           0x900006cd   Thumb Code     0  startup_stm32l562xx_ns.o(.text)
    DFSDM1_FLT0_IRQHandler                   0x900006cd   Thumb Code     0  startup_stm32l562xx_ns.o(.text)
    DFSDM1_FLT1_IRQHandler                   0x900006cd   Thumb Code     0  startup_stm32l562xx_ns.o(.text)
    DFSDM1_FLT2_IRQHandler                   0x900006cd   Thumb Code     0  startup_stm32l562xx_ns.o(.text)
    DFSDM1_FLT3_IRQHandler                   0x900006cd   Thumb Code     0  startup_stm32l562xx_ns.o(.text)
    DMA1_Channel1_IRQHandler                 0x900006cd   Thumb Code     0  startup_stm32l562xx_ns.o(.text)
    DMA1_Channel2_IRQHandler                 0x900006cd   Thumb Code     0  startup_stm32l562xx_ns.o(.text)
    DMA1_Channel3_IRQHandler                 0x900006cd   Thumb Code     0  startup_stm32l562xx_ns.o(.text)
    DMA1_Channel4_IRQHandler                 0x900006cd   Thumb Code     0  startup_stm32l562xx_ns.o(.text)
    DMA1_Channel5_IRQHandler                 0x900006cd   Thumb Code     0  startup_stm32l562xx_ns.o(.text)
    DMA1_Channel6_IRQHandler                 0x900006cd   Thumb Code     0  startup_stm32l562xx_ns.o(.text)
    DMA1_Channel7_IRQHandler                 0x900006cd   Thumb Code     0  startup_stm32l562xx_ns.o(.text)
    DMA1_Channel8_IRQHandler                 0x900006cd   Thumb Code     0  startup_stm32l562xx_ns.o(.text)
    DMA2_Channel1_IRQHandler                 0x900006cd   Thumb Code     0  startup_stm32l562xx_ns.o(.text)
    DMA2_Channel2_IRQHandler                 0x900006cd   Thumb Code     0  startup_stm32l562xx_ns.o(.text)
    DMA2_Channel3_IRQHandler                 0x900006cd   Thumb Code     0  startup_stm32l562xx_ns.o(.text)
    DMA2_Channel4_IRQHandler                 0x900006cd   Thumb Code     0  startup_stm32l562xx_ns.o(.text)
    DMA2_Channel5_IRQHandler                 0x900006cd   Thumb Code     0  startup_stm32l562xx_ns.o(.text)
    DMA2_Channel6_IRQHandler                 0x900006cd   Thumb Code     0  startup_stm32l562xx_ns.o(.text)
    DMA2_Channel7_IRQHandler                 0x900006cd   Thumb Code     0  startup_stm32l562xx_ns.o(.text)
    DMA2_Channel8_IRQHandler                 0x900006cd   Thumb Code     0  startup_stm32l562xx_ns.o(.text)
    DMAMUX1_IRQHandler                       0x900006cd   Thumb Code     0  startup_stm32l562xx_ns.o(.text)
    DMAMUX1_S_IRQHandler                     0x900006cd   Thumb Code     0  startup_stm32l562xx_ns.o(.text)
    EXTI0_IRQHandler                         0x900006cd   Thumb Code     0  startup_stm32l562xx_ns.o(.text)
    EXTI10_IRQHandler                        0x900006cd   Thumb Code     0  startup_stm32l562xx_ns.o(.text)
    EXTI11_IRQHandler                        0x900006cd   Thumb Code     0  startup_stm32l562xx_ns.o(.text)
    EXTI12_IRQHandler                        0x900006cd   Thumb Code     0  startup_stm32l562xx_ns.o(.text)
    EXTI13_IRQHandler                        0x900006cd   Thumb Code     0  startup_stm32l562xx_ns.o(.text)
    EXTI14_IRQHandler                        0x900006cd   Thumb Code     0  startup_stm32l562xx_ns.o(.text)
    EXTI15_IRQHandler                        0x900006cd   Thumb Code     0  startup_stm32l562xx_ns.o(.text)
    EXTI1_IRQHandler                         0x900006cd   Thumb Code     0  startup_stm32l562xx_ns.o(.text)
    EXTI2_IRQHandler                         0x900006cd   Thumb Code     0  startup_stm32l562xx_ns.o(.text)
    EXTI3_IRQHandler                         0x900006cd   Thumb Code     0  startup_stm32l562xx_ns.o(.text)
    EXTI4_IRQHandler                         0x900006cd   Thumb Code     0  startup_stm32l562xx_ns.o(.text)
    EXTI5_IRQHandler                         0x900006cd   Thumb Code     0  startup_stm32l562xx_ns.o(.text)
    EXTI6_IRQHandler                         0x900006cd   Thumb Code     0  startup_stm32l562xx_ns.o(.text)
    EXTI7_IRQHandler                         0x900006cd   Thumb Code     0  startup_stm32l562xx_ns.o(.text)
    EXTI8_IRQHandler                         0x900006cd   Thumb Code     0  startup_stm32l562xx_ns.o(.text)
    EXTI9_IRQHandler                         0x900006cd   Thumb Code     0  startup_stm32l562xx_ns.o(.text)
    FDCAN1_IT0_IRQHandler                    0x900006cd   Thumb Code     0  startup_stm32l562xx_ns.o(.text)
    FDCAN1_IT1_IRQHandler                    0x900006cd   Thumb Code     0  startup_stm32l562xx_ns.o(.text)
    FLASH_S_IRQHandler                       0x900006cd   Thumb Code     0  startup_stm32l562xx_ns.o(.text)
    FMC_IRQHandler                           0x900006cd   Thumb Code     0  startup_stm32l562xx_ns.o(.text)
    FPU_IRQHandler                           0x900006cd   Thumb Code     0  startup_stm32l562xx_ns.o(.text)
    GTZC_IRQHandler                          0x900006cd   Thumb Code     0  startup_stm32l562xx_ns.o(.text)
    HASH_IRQHandler                          0x900006cd   Thumb Code     0  startup_stm32l562xx_ns.o(.text)
    I2C1_ER_IRQHandler                       0x900006cd   Thumb Code     0  startup_stm32l562xx_ns.o(.text)
    I2C1_EV_IRQHandler                       0x900006cd   Thumb Code     0  startup_stm32l562xx_ns.o(.text)
    I2C2_ER_IRQHandler                       0x900006cd   Thumb Code     0  startup_stm32l562xx_ns.o(.text)
    I2C2_EV_IRQHandler                       0x900006cd   Thumb Code     0  startup_stm32l562xx_ns.o(.text)
    I2C3_ER_IRQHandler                       0x900006cd   Thumb Code     0  startup_stm32l562xx_ns.o(.text)
    I2C3_EV_IRQHandler                       0x900006cd   Thumb Code     0  startup_stm32l562xx_ns.o(.text)
    I2C4_ER_IRQHandler                       0x900006cd   Thumb Code     0  startup_stm32l562xx_ns.o(.text)
    I2C4_EV_IRQHandler                       0x900006cd   Thumb Code     0  startup_stm32l562xx_ns.o(.text)
    ICACHE_IRQHandler                        0x900006cd   Thumb Code     0  startup_stm32l562xx_ns.o(.text)
    LPTIM1_IRQHandler                        0x900006cd   Thumb Code     0  startup_stm32l562xx_ns.o(.text)
    LPTIM2_IRQHandler                        0x900006cd   Thumb Code     0  startup_stm32l562xx_ns.o(.text)
    LPTIM3_IRQHandler                        0x900006cd   Thumb Code     0  startup_stm32l562xx_ns.o(.text)
    LPUART1_IRQHandler                       0x900006cd   Thumb Code     0  startup_stm32l562xx_ns.o(.text)
    OCTOSPI1_IRQHandler                      0x900006cd   Thumb Code     0  startup_stm32l562xx_ns.o(.text)
    OTFDEC1_IRQHandler                       0x900006cd   Thumb Code     0  startup_stm32l562xx_ns.o(.text)
    PKA_IRQHandler                           0x900006cd   Thumb Code     0  startup_stm32l562xx_ns.o(.text)
    PVD_PVM_IRQHandler                       0x900006cd   Thumb Code     0  startup_stm32l562xx_ns.o(.text)
    RCC_IRQHandler                           0x900006cd   Thumb Code     0  startup_stm32l562xx_ns.o(.text)
    RCC_S_IRQHandler                         0x900006cd   Thumb Code     0  startup_stm32l562xx_ns.o(.text)
    RNG_IRQHandler                           0x900006cd   Thumb Code     0  startup_stm32l562xx_ns.o(.text)
    RTC_IRQHandler                           0x900006cd   Thumb Code     0  startup_stm32l562xx_ns.o(.text)
    RTC_S_IRQHandler                         0x900006cd   Thumb Code     0  startup_stm32l562xx_ns.o(.text)
    SAI1_IRQHandler                          0x900006cd   Thumb Code     0  startup_stm32l562xx_ns.o(.text)
    SAI2_IRQHandler                          0x900006cd   Thumb Code     0  startup_stm32l562xx_ns.o(.text)
    SDMMC1_IRQHandler                        0x900006cd   Thumb Code     0  startup_stm32l562xx_ns.o(.text)
    SPI1_IRQHandler                          0x900006cd   Thumb Code     0  startup_stm32l562xx_ns.o(.text)
    SPI2_IRQHandler                          0x900006cd   Thumb Code     0  startup_stm32l562xx_ns.o(.text)
    SPI3_IRQHandler                          0x900006cd   Thumb Code     0  startup_stm32l562xx_ns.o(.text)
    TAMP_IRQHandler                          0x900006cd   Thumb Code     0  startup_stm32l562xx_ns.o(.text)
    TAMP_S_IRQHandler                        0x900006cd   Thumb Code     0  startup_stm32l562xx_ns.o(.text)
    TIM15_IRQHandler                         0x900006cd   Thumb Code     0  startup_stm32l562xx_ns.o(.text)
    TIM16_IRQHandler                         0x900006cd   Thumb Code     0  startup_stm32l562xx_ns.o(.text)
    TIM17_IRQHandler                         0x900006cd   Thumb Code     0  startup_stm32l562xx_ns.o(.text)
    TIM1_BRK_IRQHandler                      0x900006cd   Thumb Code     0  startup_stm32l562xx_ns.o(.text)
    TIM1_CC_IRQHandler                       0x900006cd   Thumb Code     0  startup_stm32l562xx_ns.o(.text)
    TIM1_TRG_COM_IRQHandler                  0x900006cd   Thumb Code     0  startup_stm32l562xx_ns.o(.text)
    TIM1_UP_IRQHandler                       0x900006cd   Thumb Code     0  startup_stm32l562xx_ns.o(.text)
    TIM2_IRQHandler                          0x900006cd   Thumb Code     0  startup_stm32l562xx_ns.o(.text)
    TIM3_IRQHandler                          0x900006cd   Thumb Code     0  startup_stm32l562xx_ns.o(.text)
    TIM4_IRQHandler                          0x900006cd   Thumb Code     0  startup_stm32l562xx_ns.o(.text)
    TIM5_IRQHandler                          0x900006cd   Thumb Code     0  startup_stm32l562xx_ns.o(.text)
    TIM6_IRQHandler                          0x900006cd   Thumb Code     0  startup_stm32l562xx_ns.o(.text)
    TIM7_IRQHandler                          0x900006cd   Thumb Code     0  startup_stm32l562xx_ns.o(.text)
    TIM8_BRK_IRQHandler                      0x900006cd   Thumb Code     0  startup_stm32l562xx_ns.o(.text)
    TIM8_CC_IRQHandler                       0x900006cd   Thumb Code     0  startup_stm32l562xx_ns.o(.text)
    TIM8_TRG_COM_IRQHandler                  0x900006cd   Thumb Code     0  startup_stm32l562xx_ns.o(.text)
    TIM8_UP_IRQHandler                       0x900006cd   Thumb Code     0  startup_stm32l562xx_ns.o(.text)
    TSC_IRQHandler                           0x900006cd   Thumb Code     0  startup_stm32l562xx_ns.o(.text)
    UART4_IRQHandler                         0x900006cd   Thumb Code     0  startup_stm32l562xx_ns.o(.text)
    UART5_IRQHandler                         0x900006cd   Thumb Code     0  startup_stm32l562xx_ns.o(.text)
    UCPD1_IRQHandler                         0x900006cd   Thumb Code     0  startup_stm32l562xx_ns.o(.text)
    USART1_IRQHandler                        0x900006cd   Thumb Code     0  startup_stm32l562xx_ns.o(.text)
    USART2_IRQHandler                        0x900006cd   Thumb Code     0  startup_stm32l562xx_ns.o(.text)
    USART3_IRQHandler                        0x900006cd   Thumb Code     0  startup_stm32l562xx_ns.o(.text)
    USB_FS_IRQHandler                        0x900006cd   Thumb Code     0  startup_stm32l562xx_ns.o(.text)
    WWDG_IRQHandler                          0x900006cd   Thumb Code     0  startup_stm32l562xx_ns.o(.text)
    __user_initial_stackheap                 0x900006d1   Thumb Code    12  startup_stm32l562xx_ns.o(.text)
    __aeabi_uldivmod                         0x900006f5   Thumb Code     0  lludivv7m.o(.text)
    _ll_udiv                                 0x900006f5   Thumb Code   240  lludivv7m.o(.text)
    __2printf                                0x900007e5   Thumb Code    20  noretval__2printf.o(.text)
    _printf_pre_padding                      0x900007fd   Thumb Code    44  _printf_pad.o(.text)
    _printf_post_padding                     0x90000829   Thumb Code    34  _printf_pad.o(.text)
    _printf_str                              0x9000084b   Thumb Code    82  _printf_str.o(.text)
    _printf_int_dec                          0x9000089d   Thumb Code   104  _printf_dec.o(.text)
    _printf_int_hex                          0x90000915   Thumb Code    84  _printf_hex_int.o(.text)
    _printf_longlong_hex                     0x90000915   Thumb Code     0  _printf_hex_int.o(.text)
    __printf                                 0x9000096d   Thumb Code   308  __printf_flags_wp.o(.text)
    puts                                     0x90000aa5   Thumb Code    40  puts.o(.text)
    setvbuf                                  0x90000ad1   Thumb Code    70  setvbuf.o(.text)
    memcmp                                   0x90000b17   Thumb Code    88  memcmp.o(.text)
    strncmp                                  0x90000b6f   Thumb Code   150  strncmp.o(.text)
    __aeabi_memcpy                           0x90000c05   Thumb Code     0  rt_memcpy_v6.o(.text)
    __rt_memcpy                              0x90000c05   Thumb Code   138  rt_memcpy_v6.o(.text)
    _memcpy_lastbytes                        0x90000c6b   Thumb Code     0  rt_memcpy_v6.o(.text)
    __aeabi_memclr4                          0x90000c8f   Thumb Code     0  rt_memclr_w.o(.text)
    __aeabi_memclr8                          0x90000c8f   Thumb Code     0  rt_memclr_w.o(.text)
    __rt_memclr_w                            0x90000c8f   Thumb Code    78  rt_memclr_w.o(.text)
    _memset_w                                0x90000c93   Thumb Code     0  rt_memclr_w.o(.text)
    __use_two_region_memory                  0x90000cdd   Thumb Code     2  heapauxi.o(.text)
    __rt_heap_escrow$2region                 0x90000cdf   Thumb Code     2  heapauxi.o(.text)
    __rt_heap_expand$2region                 0x90000ce1   Thumb Code     2  heapauxi.o(.text)
    _printf_int_common                       0x90000ce3   Thumb Code   178  _printf_intcommon.o(.text)
    _printf_cs_common                        0x90000d95   Thumb Code    20  _printf_char.o(.text)
    _printf_char                             0x90000da9   Thumb Code    16  _printf_char.o(.text)
    _printf_string                           0x90000db9   Thumb Code     8  _printf_char.o(.text)
    _printf_char_file                        0x90000dc1   Thumb Code    32  _printf_char_file.o(.text)
    __aeabi_memcpy4                          0x90000de5   Thumb Code     0  rt_memcpy_w.o(.text)
    __aeabi_memcpy8                          0x90000de5   Thumb Code     0  rt_memcpy_w.o(.text)
    __rt_memcpy_w                            0x90000de5   Thumb Code   100  rt_memcpy_w.o(.text)
    _memcpy_lastbytes_aligned                0x90000e2d   Thumb Code     0  rt_memcpy_w.o(.text)
    _printf_char_common                      0x90000e53   Thumb Code    32  _printf_char_common.o(.text)
    ferror                                   0x90000e79   Thumb Code     8  ferror.o(.text)
    exit                                     0x90000e81   Thumb Code    18  exit.o(.text)
    _sys_exit                                0x90000e95   Thumb Code     8  sys_exit.o(.text)
    __I$use$semihosting                      0x90000ea1   Thumb Code     0  use_no_semi.o(.text)
    __use_no_semihosting_swi                 0x90000ea1   Thumb Code     2  use_no_semi.o(.text)
    BusFault_Handler                         0x90000ea3   Thumb Code     2  stm32l5xx_it.o(.text.BusFault_Handler)
    __semihosting_library_function           0x90000ea3   Thumb Code     0  indicate_semi.o(.text)
    COM_Flush                                0x90000ea5   Thumb Code    24  com.o(.text.COM_Flush)
    COM_Init                                 0x90000ebd   Thumb Code    76  com.o(.text.COM_Init)
    COM_Receive                              0x90000f09   Thumb Code    12  com.o(.text.COM_Receive)
    COM_Transmit                             0x90000f15   Thumb Code    16  com.o(.text.COM_Transmit)
    DebugMon_Handler                         0x90000f25   Thumb Code     2  stm32l5xx_it.o(.text.DebugMon_Handler)
    FLASH_IRQHandler                         0x90000f27   Thumb Code     4  stm32l5xx_it.o(.text.FLASH_IRQHandler)
    FLASH_PageErase                          0x90000f61   Thumb Code    60  stm32l5xx_hal_flash_ex.o(.text.FLASH_PageErase)
    FLASH_WaitForLastOperation               0x90000fc1   Thumb Code    76  stm32l5xx_hal_flash.o(.text.FLASH_WaitForLastOperation)
    FW_APP_PrintMainMenu                     0x9000100d   Thumb Code   120  main.o(.text.FW_APP_PrintMainMenu)
    FW_APP_Run                               0x90001085   Thumb Code    96  main.o(.text.FW_APP_Run)
    HAL_Delay                                0x900010e5   Thumb Code    32  stm32l5xx_hal.o(.text.HAL_Delay)
    HAL_FLASHEx_Erase                        0x90001105   Thumb Code   152  stm32l5xx_hal_flash_ex.o(.text.HAL_FLASHEx_Erase)
    HAL_FLASH_EndOfOperationCallback         0x9000119d   Thumb Code     2  stm32l5xx_hal_flash.o(.text.HAL_FLASH_EndOfOperationCallback)
    HAL_FLASH_GetError                       0x900011a1   Thumb Code     8  stm32l5xx_hal_flash.o(.text.HAL_FLASH_GetError)
    HAL_FLASH_IRQHandler                     0x900011a9   Thumb Code   156  stm32l5xx_hal_flash.o(.text.HAL_FLASH_IRQHandler)
    HAL_FLASH_Lock                           0x90001245   Thumb Code    20  stm32l5xx_hal_flash.o(.text.HAL_FLASH_Lock)
    HAL_FLASH_OperationErrorCallback         0x90001259   Thumb Code     2  stm32l5xx_hal_flash.o(.text.HAL_FLASH_OperationErrorCallback)
    HAL_FLASH_Program                        0x9000125d   Thumb Code   104  stm32l5xx_hal_flash.o(.text.HAL_FLASH_Program)
    HAL_FLASH_Unlock                         0x900012c5   Thumb Code    40  stm32l5xx_hal_flash.o(.text.HAL_FLASH_Unlock)
    HAL_GPIO_Init                            0x900012ed   Thumb Code   360  stm32l5xx_hal_gpio.o(.text.HAL_GPIO_Init)
    HAL_GetTick                              0x90001455   Thumb Code     8  stm32l5xx_hal.o(.text.HAL_GetTick)
    HAL_IncTick                              0x9000145d   Thumb Code    24  stm32l5xx_hal.o(.text.HAL_IncTick)
    HAL_Init                                 0x90001475   Thumb Code    32  stm32l5xx_hal.o(.text.HAL_Init)
    HAL_InitTick                             0x90001495   Thumb Code    72  stm32l5xx_hal.o(.text.HAL_InitTick)
    HAL_MspInit                              0x900014dd   Thumb Code     2  stm32l5xx_hal.o(.text.HAL_MspInit)
    HAL_NVIC_SetPriority                     0x900014e1   Thumb Code    56  stm32l5xx_hal_cortex.o(.text.HAL_NVIC_SetPriority)
    HAL_NVIC_SetPriorityGrouping             0x90001519   Thumb Code    32  stm32l5xx_hal_cortex.o(.text.HAL_NVIC_SetPriorityGrouping)
    HAL_RCC_GetHCLKFreq                      0x90001539   Thumb Code    28  stm32l5xx_hal_rcc.o(.text.HAL_RCC_GetHCLKFreq)
    HAL_RCC_GetPCLK1Freq                     0x90001555   Thumb Code    24  stm32l5xx_hal_rcc.o(.text.HAL_RCC_GetPCLK1Freq)
    HAL_RCC_GetPCLK2Freq                     0x9000156d   Thumb Code    32  stm32l5xx_hal_rcc.o(.text.HAL_RCC_GetPCLK2Freq)
    HAL_RCC_GetSysClockFreq                  0x9000158d   Thumb Code   128  stm32l5xx_hal_rcc.o(.text.HAL_RCC_GetSysClockFreq)
    HAL_SYSTICK_Config                       0x9000160d   Thumb Code    40  stm32l5xx_hal_cortex.o(.text.HAL_SYSTICK_Config)
    HAL_UART_Init                            0x90001635   Thumb Code   100  stm32l5xx_hal_uart.o(.text.HAL_UART_Init)
    HAL_UART_MspInit                         0x90001699   Thumb Code   152  com.o(.text.HAL_UART_MspInit)
    HAL_UART_Receive                         0x90001731   Thumb Code   234  stm32l5xx_hal_uart.o(.text.HAL_UART_Receive)
    HAL_UART_Transmit                        0x9000181b   Thumb Code   206  stm32l5xx_hal_uart.o(.text.HAL_UART_Transmit)
    HardFault_Handler                        0x900018e9   Thumb Code     2  stm32l5xx_it.o(.text.HardFault_Handler)
    MemManage_Handler                        0x900018eb   Thumb Code     2  stm32l5xx_it.o(.text.MemManage_Handler)
    NMI_Handler                              0x900018ed   Thumb Code     2  stm32l5xx_it.o(.text.NMI_Handler)
    SysTick_Handler                          0x900018ef   Thumb Code     4  stm32l5xx_it.o(.text.SysTick_Handler)
    SystemCoreClockUpdate                    0x900018f5   Thumb Code   136  system_stm32l5xx.o(.text.SystemCoreClockUpdate)
    SystemInit                               0x9000197d   Thumb Code    28  system_stm32l5xx.o(.text.SystemInit)
    TEST_PROTECTIONS_Run                     0x90001a41   Thumb Code   364  test_protections.o(.text.TEST_PROTECTIONS_Run)
    TEST_PROTECTIONS_Run_SecUserMem          0x90001bad   Thumb Code   588  test_protections.o(.text.TEST_PROTECTIONS_Run_SecUserMem)
    UART_AdvFeatureConfig                    0x90001df9   Thumb Code   170  stm32l5xx_hal_uart.o(.text.UART_AdvFeatureConfig)
    UART_CheckIdleState                      0x90001ea3   Thumb Code   100  stm32l5xx_hal_uart.o(.text.UART_CheckIdleState)
    UART_SetConfig                           0x90001f09   Thumb Code   548  stm32l5xx_hal_uart.o(.text.UART_SetConfig)
    UART_WaitOnFlagUntilTimeout              0x9000212d   Thumb Code   160  stm32l5xx_hal_uart.o(.text.UART_WaitOnFlagUntilTimeout)
    UsageFault_Handler                       0x900021cd   Thumb Code     2  stm32l5xx_it.o(.text.UsageFault_Handler)
    UsefulBuf_CopyOffset                     0x900021cf   Thumb Code    50  usefulbuf.o(.text.UsefulBuf_CopyOffset)
    UsefulBuf_IsValue                        0x90002201   Thumb Code    38  usefulbuf.o(.text.UsefulBuf_IsValue)
    dump_eat_token                           0x9000224d   Thumb Code    88  tfm_app.o(.text.dump_eat_token)
    fputc                                    0x900022a5   Thumb Code    26  main.o(.text.fputc)
    main                                     0x900022c1   Thumb Code   108  main.o(.text.main)
    mpu_armv8m_region_enable                 0x9000232d   Thumb Code    90  mpu_armv8m_drv.o(.text.mpu_armv8m_region_enable)
    printf_set_color                         0x900023b1   Thumb Code    16  test_framework_helpers.o(.text.printf_set_color)
    psa_aead_decrypt                         0x900023c1   Thumb Code   180  tfm_crypto_ipc_api.o(.text.psa_aead_decrypt)
    psa_aead_encrypt                         0x90002475   Thumb Code   180  tfm_crypto_ipc_api.o(.text.psa_aead_encrypt)
    psa_aead_test                            0x90002529   Thumb Code   696  crypto_tests_common.o(.text.psa_aead_test)
    psa_allocate_key                         0x900027e1   Thumb Code    82  tfm_crypto_ipc_api.o(.text.psa_allocate_key)
    psa_call                                 0x90002835   Thumb Code    44  tfm_psa_ns_api.o(.text.psa_call)
    psa_cipher_abort                         0x90002861   Thumb Code    90  tfm_crypto_ipc_api.o(.text.psa_cipher_abort)
    psa_cipher_decrypt_setup                 0x900028bb   Thumb Code   106  tfm_crypto_ipc_api.o(.text.psa_cipher_decrypt_setup)
    psa_cipher_encrypt_setup                 0x90002925   Thumb Code   106  tfm_crypto_ipc_api.o(.text.psa_cipher_encrypt_setup)
    psa_cipher_finish                        0x9000298f   Thumb Code   110  tfm_crypto_ipc_api.o(.text.psa_cipher_finish)
    psa_cipher_set_iv                        0x900029fd   Thumb Code    98  tfm_crypto_ipc_api.o(.text.psa_cipher_set_iv)
    psa_cipher_test                          0x90002a61   Thumb Code  1012  crypto_tests_common.o(.text.psa_cipher_test)
    psa_cipher_update                        0x90002e55   Thumb Code   120  tfm_crypto_ipc_api.o(.text.psa_cipher_update)
    psa_close                                0x90002ecd   Thumb Code    24  tfm_psa_ns_api.o(.text.psa_close)
    psa_connect                              0x90002ee5   Thumb Code    24  tfm_psa_ns_api.o(.text.psa_connect)
    psa_destroy_key                          0x90002efd   Thumb Code    82  tfm_crypto_ipc_api.o(.text.psa_destroy_key)
    psa_get_key_information                  0x90002f4f   Thumb Code   104  tfm_crypto_ipc_api.o(.text.psa_get_key_information)
    psa_hash_setup                           0x90002fb7   Thumb Code    94  tfm_crypto_ipc_api.o(.text.psa_hash_setup)
    psa_hash_test                            0x90003015   Thumb Code   356  crypto_tests_common.o(.text.psa_hash_test)
    psa_hash_update                          0x90003179   Thumb Code    98  tfm_crypto_ipc_api.o(.text.psa_hash_update)
    psa_hash_verify                          0x900031db   Thumb Code    98  tfm_crypto_ipc_api.o(.text.psa_hash_verify)
    psa_import_key                           0x9000323d   Thumb Code   102  tfm_crypto_ipc_api.o(.text.psa_import_key)
    psa_initial_attest_get_token             0x900032a3   Thumb Code    80  tfm_initial_attestation_ipc_api.o(.text.psa_initial_attest_get_token)
    psa_its_get                              0x900032f3   Thumb Code   104  tfm_its_ipc_api.o(.text.psa_its_get)
    psa_its_remove                           0x9000335b   Thumb Code    68  tfm_its_ipc_api.o(.text.psa_its_remove)
    psa_its_set                              0x9000339f   Thumb Code    88  tfm_its_ipc_api.o(.text.psa_its_set)
    psa_key_policy_set_usage                 0x900033f7   Thumb Code     6  tfm_crypto_ipc_api.o(.text.psa_key_policy_set_usage)
    psa_ps_get                               0x900033fd   Thumb Code    96  tfm_sst_ipc_api.o(.text.psa_ps_get)
    psa_ps_remove                            0x9000345d   Thumb Code    82  tfm_sst_ipc_api.o(.text.psa_ps_remove)
    psa_ps_set                               0x900034af   Thumb Code    92  tfm_sst_ipc_api.o(.text.psa_ps_set)
    psa_set_key_policy                       0x9000350b   Thumb Code    90  tfm_crypto_ipc_api.o(.text.psa_set_key_policy)
    set_test_failed                          0x90003565   Thumb Code    28  test_framework.o(.text.set_test_failed)
    tfm_app_menu                             0x90003581   Thumb Code  1160  tfm_app.o(.text.tfm_app_menu)
    tfm_ns_interface_dispatch                0x90003bf1   Thumb Code    52  tfm_ns_lock.o(.text.tfm_ns_interface_dispatch)
    _is_digit                                0x90003cb9   Thumb Code    14  __printf_wp.o(i._is_digit)
    _fp_init                                 0x90003cc7   Thumb Code    26  fpinit.o(x$fpl$fpinit)
    __fplib_config_fpu_vfp                   0x90003cdf   Thumb Code     0  fpinit.o(x$fpl$fpinit)
    __fplib_config_pureend_doubles           0x90003cdf   Thumb Code     0  fpinit.o(x$fpl$fpinit)
    AHBPrescTable                            0x90003d64   Data          16  system_stm32l5xx.o(.rodata.AHBPrescTable)
    APBPrescTable                            0x90003d74   Data           8  system_stm32l5xx.o(.rodata.APBPrescTable)
    MSIRangeTable                            0x90003d7c   Data          64  system_stm32l5xx.o(.rodata.MSIRangeTable)
    UARTPrescTable                           0x90003dbc   Data          24  stm32l5xx_hal_uart.o(.rodata.UARTPrescTable)
    UserAppId                                0x90003dd4   Data           1  main.o(.rodata.UserAppId)
    aProtectTests                            0x90003dd8   Data         360  test_protections.o(.rodata.aProtectTests)
    aTestOperation                           0x90003f40   Data         160  test_protections.o(.rodata.aTestOperation)
    Region$$Table$$Base                      0x90004c9c   Number         0  anon$$obj.o(Region$$Table)
    Region$$Table$$Limit                     0x90004cbc   Number         0  anon$$obj.o(Region$$Table)



==============================================================================

Memory Map of the image

  Image Entry point : 0x900005f5

  Load Region LR_CODE (Base: 0x90000400, Size: 0x00004900, Max: 0xffffffff, ABSOLUTE)

    Execution Region ER_DATA_NO_INIT (Exec base: 0x20000000, Load base: 0x90004cbc, Size: 0x00000004, Max: 0x00000100, ABSOLUTE, UNINIT)

    Exec Addr    Load Addr    Size         Type   Attr      Idx    E Section Name        Object

    0x20000000        -       0x00000004   Zero   RW          102    .bss.NoInit         main.o


    Execution Region ER_DATA (Exec base: 0x20000100, Load base: 0x90004cbc, Size: 0x00000118, Max: 0x0002ff00, ABSOLUTE)

    Exec Addr    Load Addr    Size         Type   Attr      Idx    E Section Name        Object

    0x20000100   0x90004cbc   0x00000008   Data   RW          316    .data..L_MergedGlobals  stm32l5xx_hal.o
    0x20000108   0x90004cc4   0x00000004   Data   RW          159    .data.SystemCoreClock  system_stm32l5xx.o
    0x2000010c   0x90004cc8   0x0000001c   Data   RW          529    .data.pFlash        stm32l5xx_hal_flash.o
    0x20000128        -       0x00000090   Zero   RW           30    .bss.UartHandle     com.o
    0x200001b8        -       0x00000054   Zero   RW          104    .bss.__stdout       main.o
    0x2000020c        -       0x00000004   Zero   RW          101    .bss.pUserAppId     main.o
    0x20000210        -       0x00000001   Zero   RW          222    .bss.users          tfm_ns_lock.o
    0x20000211   0x90004ce4   0x00000003   PAD
    0x20000214        -       0x00000004   Zero   RW          315    .bss.uwTick         stm32l5xx_hal.o


    Execution Region ARM_LIB_STACK_MSP (Exec base: 0x20000220, Load base: 0x90004d00, Size: 0x00000400, Max: 0x00000400, ABSOLUTE)

    Exec Addr    Load Addr    Size         Type   Attr      Idx    E Section Name        Object

    0x20000220        -       0x00000400   Zero   RW            1    ARM_LIB_STACK_MSP.bss  anon$$obj.o


    Execution Region ARM_LIB_STACK (Exec base: 0x20000620, Load base: 0x90004d00, Size: 0x00000c00, Max: 0x00000c00, ABSOLUTE)

    Exec Addr    Load Addr    Size         Type   Attr      Idx    E Section Name        Object

    0x20000620        -       0x00000c00   Zero   RW            2    ARM_LIB_STACK.bss   anon$$obj.o


    Execution Region ARM_LIB_HEAP (Exec base: 0x20001220, Load base: 0x90004d00, Size: 0x00001000, Max: 0x00001000, ABSOLUTE)

    Exec Addr    Load Addr    Size         Type   Attr      Idx    E Section Name        Object

    0x20001220        -       0x00001000   Zero   RW            3    ARM_LIB_HEAP.bss    anon$$obj.o


    Execution Region ER_CODE (Exec base: 0x90000400, Load base: 0x90000400, Size: 0x000048bc, Max: 0x000fdc00, ABSOLUTE)

    Exec Addr    Load Addr    Size         Type   Attr      Idx    E Section Name        Object

    0x90000400   0x90000400   0x000001f4   Data   RO            4    RESET               startup_stm32l562xx_ns.o
    0x900005f4   0x900005f4   0x00000008   Code   RO         1401  * !!!main             c_w.l(__main.o)
    0x900005fc   0x900005fc   0x00000034   Code   RO         1604    !!!scatter          c_w.l(__scatter.o)
    0x90000630   0x90000630   0x0000001a   Code   RO         1606    !!handler_copy      c_w.l(__scatter_copy.o)
    0x9000064a   0x9000064a   0x00000002   PAD
    0x9000064c   0x9000064c   0x0000001c   Code   RO         1608    !!handler_zi        c_w.l(__scatter_zi.o)
    0x90000668   0x90000668   0x00000000   Code   RO         1378    .ARM.Collect$$_printf_percent$$00000000  c_w.l(_printf_percent.o)
    0x90000668   0x90000668   0x00000006   Code   RO         1376    .ARM.Collect$$_printf_percent$$00000009  c_w.l(_printf_d.o)
    0x9000066e   0x9000066e   0x00000006   Code   RO         1375    .ARM.Collect$$_printf_percent$$0000000C  c_w.l(_printf_x.o)
    0x90000674   0x90000674   0x00000006   Code   RO         1373    .ARM.Collect$$_printf_percent$$00000013  c_w.l(_printf_c.o)
    0x9000067a   0x9000067a   0x00000006   Code   RO         1374    .ARM.Collect$$_printf_percent$$00000014  c_w.l(_printf_s.o)
    0x90000680   0x90000680   0x00000004   Code   RO         1414    .ARM.Collect$$_printf_percent$$00000017  c_w.l(_printf_percent_end.o)
    0x90000684   0x90000684   0x00000002   Code   RO         1464    .ARM.Collect$$libinit$$00000000  c_w.l(libinit.o)
    0x90000686   0x90000686   0x00000004   Code   RO         1476    .ARM.Collect$$libinit$$00000001  c_w.l(libinit2.o)
    0x9000068a   0x9000068a   0x00000000   Code   RO         1479    .ARM.Collect$$libinit$$00000004  c_w.l(libinit2.o)
    0x9000068a   0x9000068a   0x00000000   Code   RO         1482    .ARM.Collect$$libinit$$0000000A  c_w.l(libinit2.o)
    0x9000068a   0x9000068a   0x00000000   Code   RO         1484    .ARM.Collect$$libinit$$0000000C  c_w.l(libinit2.o)
    0x9000068a   0x9000068a   0x00000000   Code   RO         1486    .ARM.Collect$$libinit$$0000000E  c_w.l(libinit2.o)
    0x9000068a   0x9000068a   0x00000000   Code   RO         1489    .ARM.Collect$$libinit$$00000011  c_w.l(libinit2.o)
    0x9000068a   0x9000068a   0x00000000   Code   RO         1491    .ARM.Collect$$libinit$$00000013  c_w.l(libinit2.o)
    0x9000068a   0x9000068a   0x00000000   Code   RO         1493    .ARM.Collect$$libinit$$00000015  c_w.l(libinit2.o)
    0x9000068a   0x9000068a   0x00000000   Code   RO         1495    .ARM.Collect$$libinit$$00000017  c_w.l(libinit2.o)
    0x9000068a   0x9000068a   0x00000000   Code   RO         1497    .ARM.Collect$$libinit$$00000019  c_w.l(libinit2.o)
    0x9000068a   0x9000068a   0x00000000   Code   RO         1499    .ARM.Collect$$libinit$$0000001B  c_w.l(libinit2.o)
    0x9000068a   0x9000068a   0x00000000   Code   RO         1501    .ARM.Collect$$libinit$$0000001D  c_w.l(libinit2.o)
    0x9000068a   0x9000068a   0x00000000   Code   RO         1503    .ARM.Collect$$libinit$$0000001F  c_w.l(libinit2.o)
    0x9000068a   0x9000068a   0x00000000   Code   RO         1505    .ARM.Collect$$libinit$$00000021  c_w.l(libinit2.o)
    0x9000068a   0x9000068a   0x00000000   Code   RO         1507    .ARM.Collect$$libinit$$00000023  c_w.l(libinit2.o)
    0x9000068a   0x9000068a   0x00000000   Code   RO         1509    .ARM.Collect$$libinit$$00000025  c_w.l(libinit2.o)
    0x9000068a   0x9000068a   0x00000000   Code   RO         1513    .ARM.Collect$$libinit$$0000002C  c_w.l(libinit2.o)
    0x9000068a   0x9000068a   0x00000000   Code   RO         1515    .ARM.Collect$$libinit$$0000002E  c_w.l(libinit2.o)
    0x9000068a   0x9000068a   0x00000000   Code   RO         1517    .ARM.Collect$$libinit$$00000030  c_w.l(libinit2.o)
    0x9000068a   0x9000068a   0x00000000   Code   RO         1519    .ARM.Collect$$libinit$$00000032  c_w.l(libinit2.o)
    0x9000068a   0x9000068a   0x00000002   Code   RO         1520    .ARM.Collect$$libinit$$00000033  c_w.l(libinit2.o)
    0x9000068c   0x9000068c   0x00000002   Code   RO         1559    .ARM.Collect$$libshutdown$$00000000  c_w.l(libshutdown.o)
    0x9000068e   0x9000068e   0x00000000   Code   RO         1587    .ARM.Collect$$libshutdown$$00000002  c_w.l(libshutdown2.o)
    0x9000068e   0x9000068e   0x00000000   Code   RO         1589    .ARM.Collect$$libshutdown$$00000004  c_w.l(libshutdown2.o)
    0x9000068e   0x9000068e   0x00000000   Code   RO         1592    .ARM.Collect$$libshutdown$$00000007  c_w.l(libshutdown2.o)
    0x9000068e   0x9000068e   0x00000000   Code   RO         1595    .ARM.Collect$$libshutdown$$0000000A  c_w.l(libshutdown2.o)
    0x9000068e   0x9000068e   0x00000000   Code   RO         1597    .ARM.Collect$$libshutdown$$0000000C  c_w.l(libshutdown2.o)
    0x9000068e   0x9000068e   0x00000000   Code   RO         1600    .ARM.Collect$$libshutdown$$0000000F  c_w.l(libshutdown2.o)
    0x9000068e   0x9000068e   0x00000002   Code   RO         1601    .ARM.Collect$$libshutdown$$00000010  c_w.l(libshutdown2.o)
    0x90000690   0x90000690   0x00000000   Code   RO         1403    .ARM.Collect$$rtentry$$00000000  c_w.l(__rtentry.o)
    0x90000690   0x90000690   0x00000000   Code   RO         1422    .ARM.Collect$$rtentry$$00000002  c_w.l(__rtentry2.o)
    0x90000690   0x90000690   0x00000004   Code   RO         1436    .ARM.Collect$$rtentry$$00000007  c_w.l(__rtentry7.o)
    0x90000694   0x90000694   0x00000000   Code   RO         1424    .ARM.Collect$$rtentry$$00000009  c_w.l(__rtentry2.o)
    0x90000694   0x90000694   0x00000004   Code   RO         1425    .ARM.Collect$$rtentry$$0000000A  c_w.l(__rtentry2.o)
    0x90000698   0x90000698   0x00000000   Code   RO         1427    .ARM.Collect$$rtentry$$0000000C  c_w.l(__rtentry2.o)
    0x90000698   0x90000698   0x00000008   Code   RO         1428    .ARM.Collect$$rtentry$$0000000D  c_w.l(__rtentry2.o)
    0x900006a0   0x900006a0   0x00000004   Code   RO         1437    .ARM.Collect$$rtentry$$00002718  c_w.l(__rtentry7.o)
    0x900006a4   0x900006a4   0x00000002   Code   RO         1468    .ARM.Collect$$rtexit$$00000000  c_w.l(rtexit.o)
    0x900006a6   0x900006a6   0x00000000   Code   RO         1530    .ARM.Collect$$rtexit$$00000002  c_w.l(rtexit2.o)
    0x900006a6   0x900006a6   0x00000004   Code   RO         1531    .ARM.Collect$$rtexit$$00000003  c_w.l(rtexit2.o)
    0x900006aa   0x900006aa   0x00000006   Code   RO         1532    .ARM.Collect$$rtexit$$00000004  c_w.l(rtexit2.o)
    0x900006b0   0x900006b0   0x00000044   Code   RO            5    .text               startup_stm32l562xx_ns.o
    0x900006f4   0x900006f4   0x000000f0   Code   RO         1318    .text               c_w.l(lludivv7m.o)
    0x900007e4   0x900007e4   0x00000018   Code   RO         1322    .text               c_w.l(noretval__2printf.o)
    0x900007fc   0x900007fc   0x0000004e   Code   RO         1326    .text               c_w.l(_printf_pad.o)
    0x9000084a   0x9000084a   0x00000052   Code   RO         1328    .text               c_w.l(_printf_str.o)
    0x9000089c   0x9000089c   0x00000078   Code   RO         1330    .text               c_w.l(_printf_dec.o)
    0x90000914   0x90000914   0x00000058   Code   RO         1335    .text               c_w.l(_printf_hex_int.o)
    0x9000096c   0x9000096c   0x00000138   Code   RO         1365    .text               c_w.l(__printf_flags_wp.o)
    0x90000aa4   0x90000aa4   0x0000002c   Code   RO         1379    .text               c_w.l(puts.o)
    0x90000ad0   0x90000ad0   0x00000046   Code   RO         1381    .text               c_w.l(setvbuf.o)
    0x90000b16   0x90000b16   0x00000058   Code   RO         1385    .text               c_w.l(memcmp.o)
    0x90000b6e   0x90000b6e   0x00000096   Code   RO         1387    .text               c_w.l(strncmp.o)
    0x90000c04   0x90000c04   0x0000008a   Code   RO         1389    .text               c_w.l(rt_memcpy_v6.o)
    0x90000c8e   0x90000c8e   0x0000004e   Code   RO         1397    .text               c_w.l(rt_memclr_w.o)
    0x90000cdc   0x90000cdc   0x00000006   Code   RO         1399    .text               c_w.l(heapauxi.o)
    0x90000ce2   0x90000ce2   0x000000b2   Code   RO         1408    .text               c_w.l(_printf_intcommon.o)
    0x90000d94   0x90000d94   0x0000002c   Code   RO         1410    .text               c_w.l(_printf_char.o)
    0x90000dc0   0x90000dc0   0x00000024   Code   RO         1412    .text               c_w.l(_printf_char_file.o)
    0x90000de4   0x90000de4   0x00000064   Code   RO         1415    .text               c_w.l(rt_memcpy_w.o)
    0x90000e48   0x90000e48   0x00000030   Code   RO         1443    .text               c_w.l(_printf_char_common.o)
    0x90000e78   0x90000e78   0x00000008   Code   RO         1445    .text               c_w.l(ferror.o)
    0x90000e80   0x90000e80   0x00000012   Code   RO         1453    .text               c_w.l(exit.o)
    0x90000e92   0x90000e92   0x00000002   PAD
    0x90000e94   0x90000e94   0x0000000c   Code   RO         1525    .text               c_w.l(sys_exit.o)
    0x90000ea0   0x90000ea0   0x00000002   Code   RO         1548    .text               c_w.l(use_no_semi.o)
    0x90000ea2   0x90000ea2   0x00000000   Code   RO         1550    .text               c_w.l(indicate_semi.o)
    0x90000ea2   0x90000ea2   0x00000002   Code   RO          138    .text.BusFault_Handler  stm32l5xx_it.o
    0x90000ea4   0x90000ea4   0x00000018   Code   RO           24    .text.COM_Flush     com.o
    0x90000ebc   0x90000ebc   0x0000004c   Code   RO           12    .text.COM_Init      com.o
    0x90000f08   0x90000f08   0x0000000c   Code   RO           22    .text.COM_Receive   com.o
    0x90000f14   0x90000f14   0x00000010   Code   RO           20    .text.COM_Transmit  com.o
    0x90000f24   0x90000f24   0x00000002   Code   RO          142    .text.DebugMon_Handler  stm32l5xx_it.o
    0x90000f26   0x90000f26   0x00000004   Code   RO          146    .text.FLASH_IRQHandler  stm32l5xx_it.o
    0x90000f2a   0x90000f2a   0x00000002   PAD
    0x90000f2c   0x90000f2c   0x00000034   Code   RO          540    .text.FLASH_MassErase  stm32l5xx_hal_flash_ex.o
    0x90000f60   0x90000f60   0x0000003c   Code   RO          542    .text.FLASH_PageErase  stm32l5xx_hal_flash_ex.o
    0x90000f9c   0x90000f9c   0x00000024   Code   RO          507    .text.FLASH_Program_DoubleWord  stm32l5xx_hal_flash.o
    0x90000fc0   0x90000fc0   0x0000004c   Code   RO          505    .text.FLASH_WaitForLastOperation  stm32l5xx_hal_flash.o
    0x9000100c   0x9000100c   0x00000078   Code   RO           98    .text.FW_APP_PrintMainMenu  main.o
    0x90001084   0x90001084   0x00000060   Code   RO           96    .text.FW_APP_Run    main.o
    0x900010e4   0x900010e4   0x00000020   Code   RO          265    .text.HAL_Delay     stm32l5xx_hal.o
    0x90001104   0x90001104   0x00000098   Code   RO          538    .text.HAL_FLASHEx_Erase  stm32l5xx_hal_flash_ex.o
    0x9000119c   0x9000119c   0x00000002   Code   RO          515    .text.HAL_FLASH_EndOfOperationCallback  stm32l5xx_hal_flash.o
    0x9000119e   0x9000119e   0x00000002   PAD
    0x900011a0   0x900011a0   0x00000008   Code   RO          527    .text.HAL_FLASH_GetError  stm32l5xx_hal_flash.o
    0x900011a8   0x900011a8   0x0000009c   Code   RO          511    .text.HAL_FLASH_IRQHandler  stm32l5xx_hal_flash.o
    0x90001244   0x90001244   0x00000014   Code   RO          519    .text.HAL_FLASH_Lock  stm32l5xx_hal_flash.o
    0x90001258   0x90001258   0x00000002   Code   RO          513    .text.HAL_FLASH_OperationErrorCallback  stm32l5xx_hal_flash.o
    0x9000125a   0x9000125a   0x00000002   PAD
    0x9000125c   0x9000125c   0x00000068   Code   RO          503    .text.HAL_FLASH_Program  stm32l5xx_hal_flash.o
    0x900012c4   0x900012c4   0x00000028   Code   RO          517    .text.HAL_FLASH_Unlock  stm32l5xx_hal_flash.o
    0x900012ec   0x900012ec   0x00000168   Code   RO          566    .text.HAL_GPIO_Init  stm32l5xx_hal_gpio.o
    0x90001454   0x90001454   0x00000008   Code   RO          257    .text.HAL_GetTick   stm32l5xx_hal.o
    0x9000145c   0x9000145c   0x00000018   Code   RO          255    .text.HAL_IncTick   stm32l5xx_hal.o
    0x90001474   0x90001474   0x00000020   Code   RO          245    .text.HAL_Init      stm32l5xx_hal.o
    0x90001494   0x90001494   0x00000048   Code   RO          247    .text.HAL_InitTick  stm32l5xx_hal.o
    0x900014dc   0x900014dc   0x00000002   Code   RO          249    .text.HAL_MspInit   stm32l5xx_hal.o
    0x900014de   0x900014de   0x00000002   PAD
    0x900014e0   0x900014e0   0x00000038   Code   RO          327    .text.HAL_NVIC_SetPriority  stm32l5xx_hal_cortex.o
    0x90001518   0x90001518   0x00000020   Code   RO          325    .text.HAL_NVIC_SetPriorityGrouping  stm32l5xx_hal_cortex.o
    0x90001538   0x90001538   0x0000001c   Code   RO          754    .text.HAL_RCC_GetHCLKFreq  stm32l5xx_hal_rcc.o
    0x90001554   0x90001554   0x00000018   Code   RO          762    .text.HAL_RCC_GetPCLK1Freq  stm32l5xx_hal_rcc.o
    0x9000156c   0x9000156c   0x00000020   Code   RO          764    .text.HAL_RCC_GetPCLK2Freq  stm32l5xx_hal_rcc.o
    0x9000158c   0x9000158c   0x00000080   Code   RO          758    .text.HAL_RCC_GetSysClockFreq  stm32l5xx_hal_rcc.o
    0x9000160c   0x9000160c   0x00000028   Code   RO          339    .text.HAL_SYSTICK_Config  stm32l5xx_hal_cortex.o
    0x90001634   0x90001634   0x00000064   Code   RO          858    .text.HAL_UART_Init  stm32l5xx_hal_uart.o
    0x90001698   0x90001698   0x00000098   Code   RO           16    .text.HAL_UART_MspInit  com.o
    0x90001730   0x90001730   0x000000ea   Code   RO          882    .text.HAL_UART_Receive  stm32l5xx_hal_uart.o
    0x9000181a   0x9000181a   0x000000ce   Code   RO          878    .text.HAL_UART_Transmit  stm32l5xx_hal_uart.o
    0x900018e8   0x900018e8   0x00000002   Code   RO          134    .text.HardFault_Handler  stm32l5xx_it.o
    0x900018ea   0x900018ea   0x00000002   Code   RO          136    .text.MemManage_Handler  stm32l5xx_it.o
    0x900018ec   0x900018ec   0x00000002   Code   RO          132    .text.NMI_Handler   stm32l5xx_it.o
    0x900018ee   0x900018ee   0x00000004   Code   RO          144    .text.SysTick_Handler  stm32l5xx_it.o
    0x900018f2   0x900018f2   0x00000002   PAD
    0x900018f4   0x900018f4   0x00000088   Code   RO          157    .text.SystemCoreClockUpdate  system_stm32l5xx.o
    0x9000197c   0x9000197c   0x0000001c   Code   RO          155    .text.SystemInit    system_stm32l5xx.o
    0x90001998   0x90001998   0x000000a8   Code   RO          173    .text.TEST_PROTECTIONS_PrintTestingMenu  test_protections.o
    0x90001a40   0x90001a40   0x0000016c   Code   RO          171    .text.TEST_PROTECTIONS_Run  test_protections.o
    0x90001bac   0x90001bac   0x0000024c   Code   RO          175    .text.TEST_PROTECTIONS_Run_SecUserMem  test_protections.o
    0x90001df8   0x90001df8   0x000000aa   Code   RO          864    .text.UART_AdvFeatureConfig  stm32l5xx_hal_uart.o
    0x90001ea2   0x90001ea2   0x00000064   Code   RO          866    .text.UART_CheckIdleState  stm32l5xx_hal_uart.o
    0x90001f06   0x90001f06   0x00000002   PAD
    0x90001f08   0x90001f08   0x00000224   Code   RO          862    .text.UART_SetConfig  stm32l5xx_hal_uart.o
    0x9000212c   0x9000212c   0x000000a0   Code   RO          880    .text.UART_WaitOnFlagUntilTimeout  stm32l5xx_hal_uart.o
    0x900021cc   0x900021cc   0x00000002   Code   RO          140    .text.UsageFault_Handler  stm32l5xx_it.o
    0x900021ce   0x900021ce   0x00000032   Code   RO         1223    .text.UsefulBuf_CopyOffset  usefulbuf.o
    0x90002200   0x90002200   0x00000026   Code   RO         1227    .text.UsefulBuf_IsValue  usefulbuf.o
    0x90002226   0x90002226   0x00000002   PAD
    0x90002228   0x90002228   0x00000024   Code   RO          329    .text.__NVIC_SetPriority  stm32l5xx_hal_cortex.o
    0x9000224c   0x9000224c   0x00000058   Code   RO          206    .text.dump_eat_token  tfm_app.o
    0x900022a4   0x900022a4   0x0000001a   Code   RO           92    .text.fputc         main.o
    0x900022be   0x900022be   0x00000002   PAD
    0x900022c0   0x900022c0   0x0000006c   Code   RO           94    .text.main          main.o
    0x9000232c   0x9000232c   0x0000005a   Code   RO          118    .text.mpu_armv8m_region_enable  mpu_armv8m_drv.o
    0x90002386   0x90002386   0x00000002   PAD
    0x90002388   0x90002388   0x00000028   Code   RO         1287    .text.print_error   test_framework.o
    0x900023b0   0x900023b0   0x00000010   Code   RO         1306    .text.printf_set_color  test_framework_helpers.o
    0x900023c0   0x900023c0   0x000000b4   Code   RO         1121    .text.psa_aead_decrypt  tfm_crypto_ipc_api.o
    0x90002474   0x90002474   0x000000b4   Code   RO         1119    .text.psa_aead_encrypt  tfm_crypto_ipc_api.o
    0x90002528   0x90002528   0x000002b8   Code   RO         1259    .text.psa_aead_test  crypto_tests_common.o
    0x900027e0   0x900027e0   0x00000052   Code   RO         1049    .text.psa_allocate_key  tfm_crypto_ipc_api.o
    0x90002832   0x90002832   0x00000002   PAD
    0x90002834   0x90002834   0x0000002c   Code   RO         1189    .text.psa_call      tfm_psa_ns_api.o
    0x90002860   0x90002860   0x0000005a   Code   RO         1091    .text.psa_cipher_abort  tfm_crypto_ipc_api.o
    0x900028ba   0x900028ba   0x0000006a   Code   RO         1087    .text.psa_cipher_decrypt_setup  tfm_crypto_ipc_api.o
    0x90002924   0x90002924   0x0000006a   Code   RO         1085    .text.psa_cipher_encrypt_setup  tfm_crypto_ipc_api.o
    0x9000298e   0x9000298e   0x0000006e   Code   RO         1093    .text.psa_cipher_finish  tfm_crypto_ipc_api.o
    0x900029fc   0x900029fc   0x00000062   Code   RO         1083    .text.psa_cipher_set_iv  tfm_crypto_ipc_api.o
    0x90002a5e   0x90002a5e   0x00000002   PAD
    0x90002a60   0x90002a60   0x000003f4   Code   RO         1251    .text.psa_cipher_test  crypto_tests_common.o
    0x90002e54   0x90002e54   0x00000078   Code   RO         1089    .text.psa_cipher_update  tfm_crypto_ipc_api.o
    0x90002ecc   0x90002ecc   0x00000018   Code   RO         1191    .text.psa_close     tfm_psa_ns_api.o
    0x90002ee4   0x90002ee4   0x00000018   Code   RO         1187    .text.psa_connect   tfm_psa_ns_api.o
    0x90002efc   0x90002efc   0x00000052   Code   RO         1059    .text.psa_destroy_key  tfm_crypto_ipc_api.o
    0x90002f4e   0x90002f4e   0x00000068   Code   RO         1061    .text.psa_get_key_information  tfm_crypto_ipc_api.o
    0x90002fb6   0x90002fb6   0x0000005e   Code   RO         1095    .text.psa_hash_setup  tfm_crypto_ipc_api.o
    0x90003014   0x90003014   0x00000164   Code   RO         1255    .text.psa_hash_test  crypto_tests_common.o
    0x90003178   0x90003178   0x00000062   Code   RO         1097    .text.psa_hash_update  tfm_crypto_ipc_api.o
    0x900031da   0x900031da   0x00000062   Code   RO         1101    .text.psa_hash_verify  tfm_crypto_ipc_api.o
    0x9000323c   0x9000323c   0x00000066   Code   RO         1057    .text.psa_import_key  tfm_crypto_ipc_api.o
    0x900032a2   0x900032a2   0x00000050   Code   RO         1155    .text.psa_initial_attest_get_token  tfm_initial_attestation_ipc_api.o
    0x900032f2   0x900032f2   0x00000068   Code   RO         1169    .text.psa_its_get   tfm_its_ipc_api.o
    0x9000335a   0x9000335a   0x00000044   Code   RO         1173    .text.psa_its_remove  tfm_its_ipc_api.o
    0x9000339e   0x9000339e   0x00000058   Code   RO         1167    .text.psa_its_set   tfm_its_ipc_api.o
    0x900033f6   0x900033f6   0x00000006   Code   RO         1069    .text.psa_key_policy_set_usage  tfm_crypto_ipc_api.o
    0x900033fc   0x900033fc   0x00000060   Code   RO         1203    .text.psa_ps_get    tfm_sst_ipc_api.o
    0x9000345c   0x9000345c   0x00000052   Code   RO         1207    .text.psa_ps_remove  tfm_sst_ipc_api.o
    0x900034ae   0x900034ae   0x0000005c   Code   RO         1201    .text.psa_ps_set    tfm_sst_ipc_api.o
    0x9000350a   0x9000350a   0x0000005a   Code   RO         1075    .text.psa_set_key_policy  tfm_crypto_ipc_api.o
    0x90003564   0x90003564   0x0000001c   Code   RO         1289    .text.set_test_failed  test_framework.o
    0x90003580   0x90003580   0x00000488   Code   RO          188    .text.tfm_app_menu  tfm_app.o
    0x90003a08   0x90003a08   0x00000088   Code   RO          190    .text.tfm_app_print_menu  tfm_app.o
    0x90003a90   0x90003a90   0x000000cc   Code   RO          198    .text.tfm_eat_test_circuit_sig  tfm_app.o
    0x90003b5c   0x90003b5c   0x00000044   Code   RO          202    .text.tfm_its_read_uid  tfm_app.o
    0x90003ba0   0x90003ba0   0x00000016   Code   RO          204    .text.tfm_its_remove_uid  tfm_app.o
    0x90003bb6   0x90003bb6   0x00000002   PAD
    0x90003bb8   0x90003bb8   0x00000038   Code   RO          200    .text.tfm_its_set_uid  tfm_app.o
    0x90003bf0   0x90003bf0   0x00000034   Code   RO          218    .text.tfm_ns_interface_dispatch  tfm_ns_lock.o
    0x90003c24   0x90003c24   0x00000040   Code   RO          194    .text.tfm_sst_read_uid  tfm_app.o
    0x90003c64   0x90003c64   0x00000016   Code   RO          196    .text.tfm_sst_remove_uid  tfm_app.o
    0x90003c7a   0x90003c7a   0x00000002   PAD
    0x90003c7c   0x90003c7c   0x0000003c   Code   RO          192    .text.tfm_sst_set_uid  tfm_app.o
    0x90003cb8   0x90003cb8   0x0000000e   Code   RO         1363    i._is_digit         c_w.l(__printf_wp.o)
    0x90003cc6   0x90003cc6   0x0000001a   Code   RO         1542    x$fpl$fpinit        fz_wm.l(fpinit.o)
    0x90003ce0   0x90003ce0   0x00000028   Data   RO         1336    .constdata          c_w.l(_printf_hex_int.o)
    0x90003d08   0x90003d08   0x00000011   Data   RO         1366    .constdata          c_w.l(__printf_flags_wp.o)
    0x90003d19   0x90003d19   0x00000003   PAD
    0x90003d1c   0x90003d1c   0x00000048   Data   RO         1274    .rodata..Lswitch.table.psa_mac_test.53  crypto_tests_common.o
    0x90003d64   0x90003d64   0x00000010   Data   RO          160    .rodata.AHBPrescTable  system_stm32l5xx.o
    0x90003d74   0x90003d74   0x00000008   Data   RO          161    .rodata.APBPrescTable  system_stm32l5xx.o
    0x90003d7c   0x90003d7c   0x00000040   Data   RO          162    .rodata.MSIRangeTable  system_stm32l5xx.o
    0x90003dbc   0x90003dbc   0x00000018   Data   RO          996    .rodata.UARTPrescTable  stm32l5xx_hal_uart.o
    0x90003dd4   0x90003dd4   0x00000001   Data   RO          100    .rodata.UserAppId   main.o
    0x90003dd5   0x90003dd5   0x00000003   PAD
    0x90003dd8   0x90003dd8   0x00000168   Data   RO          177    .rodata.aProtectTests  test_protections.o
    0x90003f40   0x90003f40   0x000000a0   Data   RO          178    .rodata.aTestOperation  test_protections.o
    0x90003fe0   0x90003fe0   0x00000010   Data   RO          997    .rodata.cst16       stm32l5xx_hal_uart.o
    0x90003ff0   0x90003ff0   0x00000008   Data   RO         1269    .rodata.cst8        crypto_tests_common.o
    0x90003ff8   0x90003ff8   0x00000014   Data   RO         1268    .rodata.hash_alg    crypto_tests_common.o
    0x9000400c   0x9000400c   0x00000140   Data   RO         1272    .rodata.hash_val    crypto_tests_common.o
    0x9000414c   0x9000414c   0x000001a2   Data   RO          103    .rodata.str1.1      main.o
    0x900042ee   0x900042ee   0x000000a9   Data   RO          179    .rodata.str1.1      test_protections.o
    0x90004397   0x90004397   0x0000055c   Data   RO          208    .rodata.str1.1      tfm_app.o
    0x900048f3   0x900048f3   0x00000319   Data   RO         1267    .rodata.str1.1      crypto_tests_common.o
    0x90004c0c   0x90004c0c   0x00000022   Data   RO         1293    .rodata.str1.1      test_framework.o
    0x90004c2e   0x90004c2e   0x00000002   PAD
    0x90004c30   0x90004c30   0x0000004a   Data   RO          209    .rodata.str1.4      tfm_app.o
    0x90004c7a   0x90004c7a   0x00000002   PAD
    0x90004c7c   0x90004c7c   0x00000020   Data   RO         1271    .rodata.str1.4      crypto_tests_common.o
    0x90004c9c   0x90004c9c   0x00000020   Data   RO         1603    Region$$Table       anon$$obj.o


==============================================================================

Image component sizes


      Code (inc. data)   RO Data    RW Data    ZI Data      Debug   Object Name

       280         24          0          0        144       7470   com.o
      2064        576       1245          0          0      14099   crypto_tests_common.o
       350        152        419          0         92       2119   main.o
        90          0          0          0          0       3832   mpu_armv8m_drv.o
        68         28        500          0          0       1020   startup_stm32l562xx_ns.o
       170         16          0          8          4      10299   stm32l5xx_hal.o
       164         24          0          0          0      10174   stm32l5xx_hal_cortex.o
       444         24          0         28          0       5843   stm32l5xx_hal_flash.o
       264          0          0          0          0       6688   stm32l5xx_hal_flash_ex.o
       360         12          0          0          0       4790   stm32l5xx_hal_gpio.o
       212         12          0          0          0      12229   stm32l5xx_hal_rcc.o
      1518         98         40          0          0      25951   stm32l5xx_hal_uart.o
        20          0          0          0          0       1017   stm32l5xx_it.o
       164         32         88          4          0       3789   system_stm32l5xx.o
        68         20         34          0          0       3267   test_framework.o
        16          8          0          0          0       1524   test_framework_helpers.o
      1120        488        689          0          0       6039   test_protections.o
      1880        380       1446          0          0       7531   tfm_app.o
      1746          0          0          0          0      29490   tfm_crypto_ipc_api.o
        80          0          0          0          0       2584   tfm_initial_attestation_ipc_api.o
       260          0          0          0          0       3793   tfm_its_ipc_api.o
        52          4          0          0          1       2125   tfm_ns_lock.o
        92         12          0          0          0       2505   tfm_psa_ns_api.o
       270          0          0          0          0       3911   tfm_sst_ipc_api.o
        88          0          0          0          0       5460   usefulbuf.o

    ----------------------------------------------------------------------
     11866       1910       4500         40       8436     177549   Object Totals
         0          0         32          0       8192          0   (incl. Generated)
        26          0          7          0          3          0   (incl. Padding)

    ----------------------------------------------------------------------

      Code (inc. data)   RO Data    RW Data    ZI Data      Debug   Library Member Name

         8          0          0          0          0         68   __main.o
       312          4         17          0          0         92   __printf_flags_wp.o
        14          0          0          0          0         68   __printf_wp.o
         0          0          0          0          0          0   __rtentry.o
        12          0          0          0          0          0   __rtentry2.o
         8          4          0          0          0          0   __rtentry7.o
        52          8          0          0          0          0   __scatter.o
        26          0          0          0          0          0   __scatter_copy.o
        28          0          0          0          0          0   __scatter_zi.o
         6          0          0          0          0          0   _printf_c.o
        44          0          0          0          0        108   _printf_char.o
        48          6          0          0          0         96   _printf_char_common.o
        36          4          0          0          0         80   _printf_char_file.o
         6          0          0          0          0          0   _printf_d.o
       120         16          0          0          0         92   _printf_dec.o
        88          4         40          0          0         88   _printf_hex_int.o
       178          0          0          0          0         88   _printf_intcommon.o
        78          0          0          0          0        108   _printf_pad.o
         0          0          0          0          0          0   _printf_percent.o
         4          0          0          0          0          0   _printf_percent_end.o
         6          0          0          0          0          0   _printf_s.o
        82          0          0          0          0         80   _printf_str.o
         6          0          0          0          0          0   _printf_x.o
        18          0          0          0          0         80   exit.o
         8          0          0          0          0         68   ferror.o
         6          0          0          0          0        152   heapauxi.o
         0          0          0          0          0          0   indicate_semi.o
         2          0          0          0          0          0   libinit.o
         6          0          0          0          0          0   libinit2.o
         2          0          0          0          0          0   libshutdown.o
         2          0          0          0          0          0   libshutdown2.o
       240          0          0          0          0        100   lludivv7m.o
        88          0          0          0          0         76   memcmp.o
        24          4          0          0          0         84   noretval__2printf.o
        44          4          0          0          0         84   puts.o
        78          0          0          0          0         80   rt_memclr_w.o
       138          0          0          0          0         68   rt_memcpy_v6.o
       100          0          0          0          0         80   rt_memcpy_w.o
         2          0          0          0          0          0   rtexit.o
        10          0          0          0          0          0   rtexit2.o
        70          0          0          0          0         80   setvbuf.o
       150          0          0          0          0         80   strncmp.o
        12          4          0          0          0         68   sys_exit.o
         2          0          0          0          0         68   use_no_semi.o
        26          0          0          0          0        116   fpinit.o

    ----------------------------------------------------------------------
      2194         58         60          0          0       2252   Library Totals
         4          0          3          0          0          0   (incl. Padding)

    ----------------------------------------------------------------------

      Code (inc. data)   RO Data    RW Data    ZI Data      Debug   Library Name

      2164         58         57          0          0       2136   c_w.l
        26          0          0          0          0        116   fz_wm.l

    ----------------------------------------------------------------------
      2194         58         60          0          0       2252   Library Totals

    ----------------------------------------------------------------------

==============================================================================


      Code (inc. data)   RO Data    RW Data    ZI Data      Debug   

     14060       1968       4560         40       8436     178341   Grand Totals
     14060       1968       4560         40       8436     178341   ELF Image Totals
     14060       1968       4560         40          0          0   ROM Totals

==============================================================================

    Total RO  Size (Code + RO Data)                18620 (  18.18kB)
    Total RW  Size (RW Data + ZI Data)              8476 (   8.28kB)
    Total ROM Size (Code + RO Data + RW Data)      18660 (  18.22kB)

==============================================================================

