<html>
<body>
<pre>
<h1>礦ision Build Log</h1>
<h2>Tool Versions:</h2>
IDE-Version: μVision V5.31.0.0
Copyright (C) 2020 ARM Ltd and ARM Germany GmbH. All rights reserved.
License Information: mou fei, CMIOT, LIC=QF82M-XUL15-AREXW-QAEU2-31TV7-LCPR3
 
Tool Versions:
Toolchain:       MDK-ARM Plus  Version: 5.31.0.0
Toolchain Path:  D:\Program Files (x86)\Keil\ARM\ARMCLANG\Bin
C Compiler:      ArmClang.exe V6.14
Assembler:       Armasm.exe V6.14
Linker/Locator:  ArmLink.exe V6.14
Library Manager: ArmAr.exe V6.14
Hex Converter:   FromElf.exe V6.14
CPU DLL:         
Dialog DLL:      
Target DLL:      STLink\ST-LINKIII-KEIL_SWO.dll V2.0.14.0_KEIL
Dialog DLL:      TCM.DLL V1.46.0.0
 
<h2>Project:</h2>
D:\GitLib\Sercure-Boot\en.stm32cubel5_v1-3-0\STM32Cube_FW_L5_V1.3.0\Projects\STM32L562E-DK\Applications\TFM\TFM_SBSFU_Boot\MDK-ARM\Project.uvprojx
Project File Date:  09/27/2020

<h2>Output:</h2>
*** Using Compiler 'V6.14', folder: 'D:\Program Files (x86)\Keil\ARM\ARMCLANG\Bin'
Rebuild target 'STM32L562E-DK_TFM_SBSFU_Boot'
Before Build - User command #1: D:\Program Files (x86)\Keil\ARM\ARMCLANG\include\..\bin\armclang --target=arm-arm-none-eabi -march=armv8-m.main -E -P -xc -DBL2 -I..\..\Linker -I..\Inc ..\Src\image_macros_to_preprocess_bl2.c -o image_macros_preprocessed_bl2.c
Before Build - User command #2: ..\..\..\..\..\..\Drivers\BSP\Components\ota\abup\bootloader.bat arm_cortexM33_CmiotFotaBL ..\..\..\..\..\..\Drivers\BSP\Components\ota\abup
已复制         1 个文件。
Release Mode
complete
compiling stm32l5xx_hal_flash.c...
compiling stm32l5xx_hal_cortex.c...
compiling stm32l5xx_hal_exti.c...
compiling stm32l5xx_hal_cryp_ex.c...
compiling stm32l5xx_hal_gpio.c...
compiling stm32l5xx_hal.c...
compiling stm32l5xx_hal_flash_ex.c...
compiling stm32l5xx_hal_dma_ex.c...
compiling stm32l5xx_hal_dma.c...
compiling stm32l5xx_hal_gtzc.c...
compiling stm32l5xx_hal_hash.c...
compiling stm32l5xx_hal_cryp.c...
compiling stm32l5xx_hal_hash_ex.c...
compiling stm32l5xx_hal_pwr.c...
compiling stm32l5xx_hal_rng.c...
compiling stm32l5xx_hal_otfdec.c...
compiling stm32l5xx_hal_icache.c...
compiling stm32l5xx_hal_pwr_ex.c...
compiling stm32l5xx_hal_rcc.c...
compiling stm32l5xx_hal_ospi.c...
compiling stm32l5xx_hal_rng_ex.c...
compiling stm32l5xx_hal_pka.c...
compiling stm32l5xx_hal_rcc_ex.c...
compiling stm32l5xx_hal_rtc.c...
compiling stm32l5xx_hal_rtc_ex.c...
compiling caps.c...
compiling image_ec.c...
compiling encrypted.c...
compiling stm32l5xx_hal_uart_ex.c...
compiling image_ec256.c...
compiling stm32l562e_discovery_ospi.c...
compiling mx25lm51245g.c...
compiling bootutil_misc.c...
compiling stm32l5xx_hal_uart.c...
compiling image_rsa.c...
compiling image_validate.c...
compiling swap_misc.c...
compiling swap_move.c...
compiling flash_map.c...
compiling tlv.c...
compiling flash_map_legacy.c...
compiling keys.c...
compiling flash_map_extended.c...
compiling security_cnt.c...
compiling swap_scratch.c...
compiling bl2_main.c...
compiling boot_record.c...
compiling loader.c...
compiling uart_stdout.c...
compiling aes.c...
compiling ctr_drbg.c...
compiling asn1parse.c...
compiling asn1write.c...
compiling cipher.c...
compiling cipher_wrap.c...
compiling ecp.c...
compiling ecp_curves.c...
compiling ecdh.c...
compiling ecdsa.c...
compiling hkdf.c...
compiling bignum.c...
compiling memory_buffer_alloc.c...
compiling platform.c...
compiling platform_util.c...
compiling md.c...
compiling md_wrap.c...
compiling rsa.c...
compiling rsa_internal.c...
compiling sha256.c...
compiling oid.c...
compiling bl2_nv_services.c...
compiling boot_hal.c...
compiling aes_alt.c...
compiling ecdsa_alt.c...
compiling low_level_device.c...
compiling low_level_com.c...
compiling ecp_curves_alt.c...
compiling low_level_ospi_device.c...
compiling low_level_ospi_flash.c...
compiling ecp_alt.c...
compiling low_level_flash.c...
compiling rsa_alt.c...
assembling startup_stm32l5xx_bl2.s...
compiling low_level_rng.c...
compiling mpu_armv8m_drv.c...
compiling sha256_alt.c...
compiling tfm_bl2_shared_data.c...
compiling system_stm32l5xx.c...
compiling abup_bl_flash.c...
compiling abup_hal_uart.c...
compiling abup_hal_flash.c...
compiling stm32l5xx_hal_msp.c...
compiling abup_hal.c...
compiling abup_bl_main.c...
compiling tfm_low_level_security.c...
linking...
.\STM32L562E-DK\Exe\Project.axf: Warning: L6848E: No CMSE symbols written in import library .\STM32L562E-DK\Exe\Project_CMSE_Lib.o.
Program Size: Code=47854 RO-data=5514 RW-data=208 ZI-data=52384  
Finished: 0 information, 1 warning and 0 error messages.
After Build - User command #1: fromelf D:\GitLib\Sercure-Boot\en.stm32cubel5_v1-3-0\STM32Cube_FW_L5_V1.3.0\Projects\STM32L562E-DK\Applications\TFM\TFM_SBSFU_Boot\MDK-ARM\STM32L562E-DK\Exe\Project.axf --bin --output=D:\GitLib\Sercure-Boot\en.stm32cubel5_v1-3-0\STM32Cube_FW_L5_V1.3.0\Projects\STM32L562E-DK\Applications\TFM\TFM_SBSFU_Boot\MDK-ARM\STM32L562E-DK\Exe\Project.bin
After Build - User command #2: postbuild.bat
D:\GitLib\Sercure-Boot\en.stm32cubel5_v1-3-0\STM32Cube_FW_L5_V1.3.0\Projects\STM32L562E-DK\Applications\TFM\TFM_SBSFU_Boot\MDK-ARM>set "projectdir=D:\GitLib\Sercure-Boot\en.stm32cubel5_v1-3-0\STM32Cube_FW_L5_V1.3.0\Projects\STM32L562E-DK\Applications\TFM\TFM_SBSFU_Boot\MDK-ARM\" 
D:\GitLib\Sercure-Boot\en.stm32cubel5_v1-3-0\STM32Cube_FW_L5_V1.3.0\Projects\STM32L562E-DK\Applications\TFM\TFM_SBSFU_Boot\MDK-ARM>set "preprocess_bl2_file=D:\GitLib\Sercure-Boot\en.stm32cubel5_v1-3-0\STM32Cube_FW_L5_V1.3.0\Projects\STM32L562E-DK\Applications\TFM\TFM_SBSFU_Boot\MDK-ARM\\image_macros_preprocessed_bl2.c" 
D:\GitLib\Sercure-Boot\en.stm32cubel5_v1-3-0\STM32Cube_FW_L5_V1.3.0\Projects\STM32L562E-DK\Applications\TFM\TFM_SBSFU_Boot\MDK-ARM>set "hardening=D:\GitLib\Sercure-Boot\en.stm32cubel5_v1-3-0\STM32Cube_FW_L5_V1.3.0\Projects\STM32L562E-DK\Applications\TFM\TFM_SBSFU_Boot\MDK-ARM\\hardening.bat" 
D:\GitLib\Sercure-Boot\en.stm32cubel5_v1-3-0\STM32Cube_FW_L5_V1.3.0\Projects\STM32L562E-DK\Applications\TFM\TFM_SBSFU_Boot\MDK-ARM>set "regression=D:\GitLib\Sercure-Boot\en.stm32cubel5_v1-3-0\STM32Cube_FW_L5_V1.3.0\Projects\STM32L562E-DK\Applications\TFM\TFM_SBSFU_Boot\MDK-ARM\\regression.bat" 
D:\GitLib\Sercure-Boot\en.stm32cubel5_v1-3-0\STM32Cube_FW_L5_V1.3.0\Projects\STM32L562E-DK\Applications\TFM\TFM_SBSFU_Boot\MDK-ARM>set "update=D:\GitLib\Sercure-Boot\en.stm32cubel5_v1-3-0\STM32Cube_FW_L5_V1.3.0\Projects\STM32L562E-DK\Applications\TFM\TFM_SBSFU_Boot\MDK-ARM\\TFM_UPDATE.bat" 
D:\GitLib\Sercure-Boot\en.stm32cubel5_v1-3-0\STM32Cube_FW_L5_V1.3.0\Projects\STM32L562E-DK\Applications\TFM\TFM_SBSFU_Boot\MDK-ARM>set "postbuild=D:\GitLib\Sercure-Boot\en.stm32cubel5_v1-3-0\STM32Cube_FW_L5_V1.3.0\Projects\STM32L562E-DK\Applications\TFM\TFM_SBSFU_Boot\MDK-ARM\\..\..\TFM_Appli\MDK-ARM\postbuild.bat" 
D:\GitLib\Sercure-Boot\en.stm32cubel5_v1-3-0\STM32Cube_FW_L5_V1.3.0\Projects\STM32L562E-DK\Applications\TFM\TFM_SBSFU_Boot\MDK-ARM>pushd D:\GitLib\Sercure-Boot\en.stm32cubel5_v1-3-0\STM32Cube_FW_L5_V1.3.0\Projects\STM32L562E-DK\Applications\TFM\TFM_SBSFU_Boot\MDK-ARM\\..\..\..\..\..\..\Middlewares\Third_Party\mcuboot 
D:\GitLib\Sercure-Boot\en.stm32cubel5_v1-3-0\STM32Cube_FW_L5_V1.3.0\Middlewares\Third_Party\mcuboot>set mcuboot=D:\GitLib\Sercure-Boot\en.stm32cubel5_v1-3-0\STM32Cube_FW_L5_V1.3.0\Middlewares\Third_Party\mcuboot 
D:\GitLib\Sercure-Boot\en.stm32cubel5_v1-3-0\STM32Cube_FW_L5_V1.3.0\Middlewares\Third_Party\mcuboot>popd
D:\GitLib\Sercure-Boot\en.stm32cubel5_v1-3-0\STM32Cube_FW_L5_V1.3.0\Projects\STM32L562E-DK\Applications\TFM\TFM_SBSFU_Boot\MDK-ARM>goto exe: 
D:\GitLib\Sercure-Boot\en.stm32cubel5_v1-3-0\STM32Cube_FW_L5_V1.3.0\Projects\STM32L562E-DK\Applications\TFM\TFM_SBSFU_Boot\MDK-ARM>echo Postbuild with windows executable 
Postbuild with windows executable
D:\GitLib\Sercure-Boot\en.stm32cubel5_v1-3-0\STM32Cube_FW_L5_V1.3.0\Projects\STM32L562E-DK\Applications\TFM\TFM_SBSFU_Boot\MDK-ARM>set "imgtool=D:\GitLib\Sercure-Boot\en.stm32cubel5_v1-3-0\STM32Cube_FW_L5_V1.3.0\Middlewares\Third_Party\mcuboot\scripts\dist\imgtool\imgtool.exe" 
D:\GitLib\Sercure-Boot\en.stm32cubel5_v1-3-0\STM32Cube_FW_L5_V1.3.0\Projects\STM32L562E-DK\Applications\TFM\TFM_SBSFU_Boot\MDK-ARM>set "python=" 
D:\GitLib\Sercure-Boot\en.stm32cubel5_v1-3-0\STM32Cube_FW_L5_V1.3.0\Projects\STM32L562E-DK\Applications\TFM\TFM_SBSFU_Boot\MDK-ARM>if exist D:\GitLib\Sercure-Boot\en.stm32cubel5_v1-3-0\STM32Cube_FW_L5_V1.3.0\Middlewares\Third_Party\mcuboot\scripts\dist\imgtool\imgtool.exe (goto postbuild ) 
D:\GitLib\Sercure-Boot\en.stm32cubel5_v1-3-0\STM32Cube_FW_L5_V1.3.0\Projects\STM32L562E-DK\Applications\TFM\TFM_SBSFU_Boot\MDK-ARM>set "command=D:\GitLib\Sercure-Boot\en.stm32cubel5_v1-3-0\STM32Cube_FW_L5_V1.3.0\Middlewares\Third_Party\mcuboot\scripts\dist\imgtool\imgtool.exe flash --layout D:\GitLib\Sercure-Boot\en.stm32cubel5_v1-3-0\STM32Cube_FW_L5_V1.3.0\Projects\STM32L562E-DK\Applications\TFM\TFM_SBSFU_Boot\MDK-ARM\\image_macros_preprocessed_bl2.c -b secbootadd0 -m  RE_BL2_BOOT_ADDRESS  -d 0x80  -s 1 D:\GitLib\Sercure-Boot\en.stm32cubel5_v1-3-0\STM32Cube_FW_L5_V1.3.0\Projects\STM32L562E-DK\Applications\TFM\TFM_SBSFU_Boot\MDK-ARM\\regression.bat > D:\GitLib\Sercure-Boot\en.stm32cubel5_v1-3-0\STM32Cube_FW_L5_V1.3.0\Projects\STM32L562E-DK\Applications\TFM\TFM_SBSFU_Boot\MDK-ARM\\output.txt 2>&1" 
D:\GitLib\Sercure-Boot\en.stm32cubel5_v1-3-0\STM32Cube_FW_L5_V1.3.0\Projects\STM32L562E-DK\Applications\TFM\TFM_SBSFU_Boot\MDK-ARM>D:\GitLib\Sercure-Boot\en.stm32cubel5_v1-3-0\STM32Cube_FW_L5_V1.3.0\Middlewares\Third_Party\mcuboot\scripts\dist\imgtool\imgtool.exe flash --layout D:\GitLib\Sercure-Boot\en.stm32cubel5_v1-3-0\STM32Cube_FW_L5_V1.3.0\Projects\STM32L562E-DK\Applications\TFM\TFM_SBSFU_Boot\MDK-ARM\\image_macros_preprocessed_bl2.c -b secbootadd0 -m  RE_BL2_BOOT_ADDRESS  -d 0x80  -s 1 D:\GitLib\Sercure-Boot\en.stm32cubel5_v1-3-0\STM32Cube_FW_L5_V1.3.0\Projects\STM32L562E-DK\Applications\TFM\TFM_SBSFU_Boot\MDK-ARM\\regression.bat  1>D:\GitLib\Sercure-Boot\en.stm32cubel5_v1-3-0\STM32Cube_FW_L5_V1.3.0\Projects\STM32L562E-DK\Applications\TFM\TFM_SBSFU_Boot\MDK-ARM\\output.txt 2>&1 
D:\GitLib\Sercure-Boot\en.stm32cubel5_v1-3-0\STM32Cube_FW_L5_V1.3.0\Projects\STM32L562E-DK\Applications\TFM\TFM_SBSFU_Boot\MDK-ARM>IF 0 NEQ 0 goto :error 
D:\GitLib\Sercure-Boot\en.stm32cubel5_v1-3-0\STM32Cube_FW_L5_V1.3.0\Projects\STM32L562E-DK\Applications\TFM\TFM_SBSFU_Boot\MDK-ARM>set "command=D:\GitLib\Sercure-Boot\en.stm32cubel5_v1-3-0\STM32Cube_FW_L5_V1.3.0\Middlewares\Third_Party\mcuboot\scripts\dist\imgtool\imgtool.exe flash --layout D:\GitLib\Sercure-Boot\en.stm32cubel5_v1-3-0\STM32Cube_FW_L5_V1.3.0\Projects\STM32L562E-DK\Applications\TFM\TFM_SBSFU_Boot\MDK-ARM\\image_macros_preprocessed_bl2.c  -b boot -m  RE_BL2_PERSO_ADDRESS -s 1 D:\GitLib\Sercure-Boot\en.stm32cubel5_v1-3-0\STM32Cube_FW_L5_V1.3.0\Projects\STM32L562E-DK\Applications\TFM\TFM_SBSFU_Boot\MDK-ARM\\TFM_UPDATE.bat >> D:\GitLib\Sercure-Boot\en.stm32cubel5_v1-3-0\STM32Cube_FW_L5_V1.3.0\Projects\STM32L562E-DK\Applications\TFM\TFM_SBSFU_Boot\MDK-ARM\\output.txt 2>&1" 
D:\GitLib\Sercure-Boot\en.stm32cubel5_v1-3-0\STM32Cube_FW_L5_V1.3.0\Projects\STM32L562E-DK\Applications\TFM\TFM_SBSFU_Boot\MDK-ARM>D:\GitLib\Sercure-Boot\en.stm32cubel5_v1-3-0\STM32Cube_FW_L5_V1.3.0\Middlewares\Third_Party\mcuboot\scripts\dist\imgtool\imgtool.exe flash --layout D:\GitLib\Sercure-Boot\en.stm32cubel5_v1-3-0\STM32Cube_FW_L5_V1.3.0\Projects\STM32L562E-DK\Applications\TFM\TFM_SBSFU_Boot\MDK-ARM\\image_macros_preprocessed_bl2.c  -b boot -m  RE_BL2_PERSO_ADDRESS -s 1 D:\GitLib\Sercure-Boot\en.stm32cubel5_v1-3-0\STM32Cube_FW_L5_V1.3.0\Projects\STM32L562E-DK\Applications\TFM\TFM_SBSFU_Boot\MDK-ARM\\TFM_UPDATE.bat  1>>D:\GitLib\Sercure-Boot\en.stm32cubel5_v1-3-0\STM32Cube_FW_L5_V1.3.0\Projects\STM32L562E-DK\Applications\TFM\TFM_SBSFU_Boot\MDK-ARM\\output.txt 2>&1 
D:\GitLib\Sercure-Boot\en.stm32cubel5_v1-3-0\STM32Cube_FW_L5_V1.3.0\Projects\STM32L562E-DK\Applications\TFM\TFM_SBSFU_Boot\MDK-ARM>IF 0 NEQ 0 goto :error 
D:\GitLib\Sercure-Boot\en.stm32cubel5_v1-3-0\STM32Cube_FW_L5_V1.3.0\Projects\STM32L562E-DK\Applications\TFM\TFM_SBSFU_Boot\MDK-ARM>set "command=D:\GitLib\Sercure-Boot\en.stm32cubel5_v1-3-0\STM32Cube_FW_L5_V1.3.0\Middlewares\Third_Party\mcuboot\scripts\dist\imgtool\imgtool.exe flash --layout D:\GitLib\Sercure-Boot\en.stm32cubel5_v1-3-0\STM32Cube_FW_L5_V1.3.0\Projects\STM32L562E-DK\Applications\TFM\TFM_SBSFU_Boot\MDK-ARM\\image_macros_preprocessed_bl2.c  -b slot0 -m  RE_IMAGE_FLASH_ADDRESS_SECURE -s 1 D:\GitLib\Sercure-Boot\en.stm32cubel5_v1-3-0\STM32Cube_FW_L5_V1.3.0\Projects\STM32L562E-DK\Applications\TFM\TFM_SBSFU_Boot\MDK-ARM\\TFM_UPDATE.bat >> D:\GitLib\Sercure-Boot\en.stm32cubel5_v1-3-0\STM32Cube_FW_L5_V1.3.0\Projects\STM32L562E-DK\Applications\TFM\TFM_SBSFU_Boot\MDK-ARM\\output.txt 2>&1" 
D:\GitLib\Sercure-Boot\en.stm32cubel5_v1-3-0\STM32Cube_FW_L5_V1.3.0\Projects\STM32L562E-DK\Applications\TFM\TFM_SBSFU_Boot\MDK-ARM>D:\GitLib\Sercure-Boot\en.stm32cubel5_v1-3-0\STM32Cube_FW_L5_V1.3.0\Middlewares\Third_Party\mcuboot\scripts\dist\imgtool\imgtool.exe flash --layout D:\GitLib\Sercure-Boot\en.stm32cubel5_v1-3-0\STM32Cube_FW_L5_V1.3.0\Projects\STM32L562E-DK\Applications\TFM\TFM_SBSFU_Boot\MDK-ARM\\image_macros_preprocessed_bl2.c  -b slot0 -m  RE_IMAGE_FLASH_ADDRESS_SECURE -s 1 D:\GitLib\Sercure-Boot\en.stm32cubel5_v1-3-0\STM32Cube_FW_L5_V1.3.0\Projects\STM32L562E-DK\Applications\TFM\TFM_SBSFU_Boot\MDK-ARM\\TFM_UPDATE.bat  1>>D:\GitLib\Sercure-Boot\en.stm32cubel5_v1-3-0\STM32Cube_FW_L5_V1.3.0\Projects\STM32L562E-DK\Applications\TFM\TFM_SBSFU_Boot\MDK-ARM\\output.txt 2>&1 
D:\GitLib\Sercure-Boot\en.stm32cubel5_v1-3-0\STM32Cube_FW_L5_V1.3.0\Projects\STM32L562E-DK\Applications\TFM\TFM_SBSFU_Boot\MDK-ARM>IF 0 NEQ 0 goto :error 
D:\GitLib\Sercure-Boot\en.stm32cubel5_v1-3-0\STM32Cube_FW_L5_V1.3.0\Projects\STM32L562E-DK\Applications\TFM\TFM_SBSFU_Boot\MDK-ARM>set "command=D:\GitLib\Sercure-Boot\en.stm32cubel5_v1-3-0\STM32Cube_FW_L5_V1.3.0\Middlewares\Third_Party\mcuboot\scripts\dist\imgtool\imgtool.exe flash --layout D:\GitLib\Sercure-Boot\en.stm32cubel5_v1-3-0\STM32Cube_FW_L5_V1.3.0\Projects\STM32L562E-DK\Applications\TFM\TFM_SBSFU_Boot\MDK-ARM\\image_macros_preprocessed_bl2.c -b slot1 -m  RE_IMAGE_FLASH_ADDRESS_NON_SECURE -s 1 D:\GitLib\Sercure-Boot\en.stm32cubel5_v1-3-0\STM32Cube_FW_L5_V1.3.0\Projects\STM32L562E-DK\Applications\TFM\TFM_SBSFU_Boot\MDK-ARM\\TFM_UPDATE.bat >> D:\GitLib\Sercure-Boot\en.stm32cubel5_v1-3-0\STM32Cube_FW_L5_V1.3.0\Projects\STM32L562E-DK\Applications\TFM\TFM_SBSFU_Boot\MDK-ARM\\output.txt 2>&1" 
D:\GitLib\Sercure-Boot\en.stm32cubel5_v1-3-0\STM32Cube_FW_L5_V1.3.0\Projects\STM32L562E-DK\Applications\TFM\TFM_SBSFU_Boot\MDK-ARM>D:\GitLib\Sercure-Boot\en.stm32cubel5_v1-3-0\STM32Cube_FW_L5_V1.3.0\Middlewares\Third_Party\mcuboot\scripts\dist\imgtool\imgtool.exe flash --layout D:\GitLib\Sercure-Boot\en.stm32cubel5_v1-3-0\STM32Cube_FW_L5_V1.3.0\Projects\STM32L562E-DK\Applications\TFM\TFM_SBSFU_Boot\MDK-ARM\\image_macros_preprocessed_bl2.c -b slot1 -m  RE_IMAGE_FLASH_ADDRESS_NON_SECURE -s 1 D:\GitLib\Sercure-Boot\en.stm32cubel5_v1-3-0\STM32Cube_FW_L5_V1.3.0\Projects\STM32L562E-DK\Applications\TFM\TFM_SBSFU_Boot\MDK-ARM\\TFM_UPDATE.bat  1>>D:\GitLib\Sercure-Boot\en.stm32cubel5_v1-3-0\STM32Cube_FW_L5_V1.3.0\Projects\STM32L562E-DK\Applications\TFM\TFM_SBSFU_Boot\MDK-ARM\\output.txt 2>&1 
D:\GitLib\Sercure-Boot\en.stm32cubel5_v1-3-0\STM32Cube_FW_L5_V1.3.0\Projects\STM32L562E-DK\Applications\TFM\TFM_SBSFU_Boot\MDK-ARM>IF 0 NEQ 0 goto :error 
D:\GitLib\Sercure-Boot\en.stm32cubel5_v1-3-0\STM32Cube_FW_L5_V1.3.0\Projects\STM32L562E-DK\Applications\TFM\TFM_SBSFU_Boot\MDK-ARM>set "command=D:\GitLib\Sercure-Boot\en.stm32cubel5_v1-3-0\STM32Cube_FW_L5_V1.3.0\Middlewares\Third_Party\mcuboot\scripts\dist\imgtool\imgtool.exe flash --layout D:\GitLib\Sercure-Boot\en.stm32cubel5_v1-3-0\STM32Cube_FW_L5_V1.3.0\Projects\STM32L562E-DK\Applications\TFM\TFM_SBSFU_Boot\MDK-ARM\\image_macros_preprocessed_bl2.c  -b slot2 -m  RE_IMAGE_FLASH_SECURE_UPDATE -s 1 D:\GitLib\Sercure-Boot\en.stm32cubel5_v1-3-0\STM32Cube_FW_L5_V1.3.0\Projects\STM32L562E-DK\Applications\TFM\TFM_SBSFU_Boot\MDK-ARM\\TFM_UPDATE.bat >> D:\GitLib\Sercure-Boot\en.stm32cubel5_v1-3-0\STM32Cube_FW_L5_V1.3.0\Projects\STM32L562E-DK\Applications\TFM\TFM_SBSFU_Boot\MDK-ARM\\output.txt 2>&1" 
D:\GitLib\Sercure-Boot\en.stm32cubel5_v1-3-0\STM32Cube_FW_L5_V1.3.0\Projects\STM32L562E-DK\Applications\TFM\TFM_SBSFU_Boot\MDK-ARM>D:\GitLib\Sercure-Boot\en.stm32cubel5_v1-3-0\STM32Cube_FW_L5_V1.3.0\Middlewares\Third_Party\mcuboot\scripts\dist\imgtool\imgtool.exe flash --layout D:\GitLib\Sercure-Boot\en.stm32cubel5_v1-3-0\STM32Cube_FW_L5_V1.3.0\Projects\STM32L562E-DK\Applications\TFM\TFM_SBSFU_Boot\MDK-ARM\\image_macros_preprocessed_bl2.c  -b slot2 -m  RE_IMAGE_FLASH_SECURE_UPDATE -s 1 D:\GitLib\Sercure-Boot\en.stm32cubel5_v1-3-0\STM32Cube_FW_L5_V1.3.0\Projects\STM32L562E-DK\Applications\TFM\TFM_SBSFU_Boot\MDK-ARM\\TFM_UPDATE.bat  1>>D:\GitLib\Sercure-Boot\en.stm32cubel5_v1-3-0\STM32Cube_FW_L5_V1.3.0\Projects\STM32L562E-DK\Applications\TFM\TFM_SBSFU_Boot\MDK-ARM\\output.txt 2>&1 
D:\GitLib\Sercure-Boot\en.stm32cubel5_v1-3-0\STM32Cube_FW_L5_V1.3.0\Projects\STM32L562E-DK\Applications\TFM\TFM_SBSFU_Boot\MDK-ARM>IF 0 NEQ 0 goto :error 
D:\GitLib\Sercure-Boot\en.stm32cubel5_v1-3-0\STM32Cube_FW_L5_V1.3.0\Projects\STM32L562E-DK\Applications\TFM\TFM_SBSFU_Boot\MDK-ARM>set "command=D:\GitLib\Sercure-Boot\en.stm32cubel5_v1-3-0\STM32Cube_FW_L5_V1.3.0\Middlewares\Third_Party\mcuboot\scripts\dist\imgtool\imgtool.exe flash --layout D:\GitLib\Sercure-Boot\en.stm32cubel5_v1-3-0\STM32Cube_FW_L5_V1.3.0\Projects\STM32L562E-DK\Applications\TFM\TFM_SBSFU_Boot\MDK-ARM\\image_macros_preprocessed_bl2.c -b slot3 -m  RE_IMAGE_FLASH_NON_SECURE_UPDATE -s 1 D:\GitLib\Sercure-Boot\en.stm32cubel5_v1-3-0\STM32Cube_FW_L5_V1.3.0\Projects\STM32L562E-DK\Applications\TFM\TFM_SBSFU_Boot\MDK-ARM\\TFM_UPDATE.bat >> D:\GitLib\Sercure-Boot\en.stm32cubel5_v1-3-0\STM32Cube_FW_L5_V1.3.0\Projects\STM32L562E-DK\Applications\TFM\TFM_SBSFU_Boot\MDK-ARM\\output.txt 2>&1" 
D:\GitLib\Sercure-Boot\en.stm32cubel5_v1-3-0\STM32Cube_FW_L5_V1.3.0\Projects\STM32L562E-DK\Applications\TFM\TFM_SBSFU_Boot\MDK-ARM>D:\GitLib\Sercure-Boot\en.stm32cubel5_v1-3-0\STM32Cube_FW_L5_V1.3.0\Middlewares\Third_Party\mcuboot\scripts\dist\imgtool\imgtool.exe flash --layout D:\GitLib\Sercure-Boot\en.stm32cubel5_v1-3-0\STM32Cube_FW_L5_V1.3.0\Projects\STM32L562E-DK\Applications\TFM\TFM_SBSFU_Boot\MDK-ARM\\image_macros_preprocessed_bl2.c -b slot3 -m  RE_IMAGE_FLASH_NON_SECURE_UPDATE -s 1 D:\GitLib\Sercure-Boot\en.stm32cubel5_v1-3-0\STM32Cube_FW_L5_V1.3.0\Projects\STM32L562E-DK\Applications\TFM\TFM_SBSFU_Boot\MDK-ARM\\TFM_UPDATE.bat  1>>D:\GitLib\Sercure-Boot\en.stm32cubel5_v1-3-0\STM32Cube_FW_L5_V1.3.0\Projects\STM32L562E-DK\Applications\TFM\TFM_SBSFU_Boot\MDK-ARM\\output.txt 2>&1 
D:\GitLib\Sercure-Boot\en.stm32cubel5_v1-3-0\STM32Cube_FW_L5_V1.3.0\Projects\STM32L562E-DK\Applications\TFM\TFM_SBSFU_Boot\MDK-ARM>IF 0 NEQ 0 goto :error 
D:\GitLib\Sercure-Boot\en.stm32cubel5_v1-3-0\STM32Cube_FW_L5_V1.3.0\Projects\STM32L562E-DK\Applications\TFM\TFM_SBSFU_Boot\MDK-ARM>set "command=D:\GitLib\Sercure-Boot\en.stm32cubel5_v1-3-0\STM32Cube_FW_L5_V1.3.0\Middlewares\Third_Party\mcuboot\scripts\dist\imgtool\imgtool.exe flash --layout D:\GitLib\Sercure-Boot\en.stm32cubel5_v1-3-0\STM32Cube_FW_L5_V1.3.0\Projects\STM32L562E-DK\Applications\TFM\TFM_SBSFU_Boot\MDK-ARM\\image_macros_preprocessed_bl2.c -b wrp_start -m  RE_BL2_WRP_START -d 0x800 -s 1 -p 0 D:\GitLib\Sercure-Boot\en.stm32cubel5_v1-3-0\STM32Cube_FW_L5_V1.3.0\Projects\STM32L562E-DK\Applications\TFM\TFM_SBSFU_Boot\MDK-ARM\\hardening.bat >> D:\GitLib\Sercure-Boot\en.stm32cubel5_v1-3-0\STM32Cube_FW_L5_V1.3.0\Projects\STM32L562E-DK\Applications\TFM\TFM_SBSFU_Boot\MDK-ARM\\output.txt 2>&1" 
D:\GitLib\Sercure-Boot\en.stm32cubel5_v1-3-0\STM32Cube_FW_L5_V1.3.0\Projects\STM32L562E-DK\Applications\TFM\TFM_SBSFU_Boot\MDK-ARM>D:\GitLib\Sercure-Boot\en.stm32cubel5_v1-3-0\STM32Cube_FW_L5_V1.3.0\Middlewares\Third_Party\mcuboot\scripts\dist\imgtool\imgtool.exe flash --layout D:\GitLib\Sercure-Boot\en.stm32cubel5_v1-3-0\STM32Cube_FW_L5_V1.3.0\Projects\STM32L562E-DK\Applications\TFM\TFM_SBSFU_Boot\MDK-ARM\\image_macros_preprocessed_bl2.c -b wrp_start -m  RE_BL2_WRP_START -d 0x800 -s 1 -p 0 D:\GitLib\Sercure-Boot\en.stm32cubel5_v1-3-0\STM32Cube_FW_L5_V1.3.0\Projects\STM32L562E-DK\Applications\TFM\TFM_SBSFU_Boot\MDK-ARM\\hardening.bat  1>>D:\GitLib\Sercure-Boot\en.stm32cubel5_v1-3-0\STM32Cube_FW_L5_V1.3.0\Projects\STM32L562E-DK\Applications\TFM\TFM_SBSFU_Boot\MDK-ARM\\output.txt 2>&1 
D:\GitLib\Sercure-Boot\en.stm32cubel5_v1-3-0\STM32Cube_FW_L5_V1.3.0\Projects\STM32L562E-DK\Applications\TFM\TFM_SBSFU_Boot\MDK-ARM>IF 0 NEQ 0 goto :error 
D:\GitLib\Sercure-Boot\en.stm32cubel5_v1-3-0\STM32Cube_FW_L5_V1.3.0\Projects\STM32L562E-DK\Applications\TFM\TFM_SBSFU_Boot\MDK-ARM>set "command=D:\GitLib\Sercure-Boot\en.stm32cubel5_v1-3-0\STM32Cube_FW_L5_V1.3.0\Middlewares\Third_Party\mcuboot\scripts\dist\imgtool\imgtool.exe flash --layout D:\GitLib\Sercure-Boot\en.stm32cubel5_v1-3-0\STM32Cube_FW_L5_V1.3.0\Projects\STM32L562E-DK\Applications\TFM\TFM_SBSFU_Boot\MDK-ARM\\image_macros_preprocessed_bl2.c -b wrp_end -m  RE_BL2_WRP_END -d 0x800 -s 1 -p 0 D:\GitLib\Sercure-Boot\en.stm32cubel5_v1-3-0\STM32Cube_FW_L5_V1.3.0\Projects\STM32L562E-DK\Applications\TFM\TFM_SBSFU_Boot\MDK-ARM\\hardening.bat >> D:\GitLib\Sercure-Boot\en.stm32cubel5_v1-3-0\STM32Cube_FW_L5_V1.3.0\Projects\STM32L562E-DK\Applications\TFM\TFM_SBSFU_Boot\MDK-ARM\\output.txt 2>&1" 
D:\GitLib\Sercure-Boot\en.stm32cubel5_v1-3-0\STM32Cube_FW_L5_V1.3.0\Projects\STM32L562E-DK\Applications\TFM\TFM_SBSFU_Boot\MDK-ARM>D:\GitLib\Sercure-Boot\en.stm32cubel5_v1-3-0\STM32Cube_FW_L5_V1.3.0\Middlewares\Third_Party\mcuboot\scripts\dist\imgtool\imgtool.exe flash --layout D:\GitLib\Sercure-Boot\en.stm32cubel5_v1-3-0\STM32Cube_FW_L5_V1.3.0\Projects\STM32L562E-DK\Applications\TFM\TFM_SBSFU_Boot\MDK-ARM\\image_macros_preprocessed_bl2.c -b wrp_end -m  RE_BL2_WRP_END -d 0x800 -s 1 -p 0 D:\GitLib\Sercure-Boot\en.stm32cubel5_v1-3-0\STM32Cube_FW_L5_V1.3.0\Projects\STM32L562E-DK\Applications\TFM\TFM_SBSFU_Boot\MDK-ARM\\hardening.bat  1>>D:\GitLib\Sercure-Boot\en.stm32cubel5_v1-3-0\STM32Cube_FW_L5_V1.3.0\Projects\STM32L562E-DK\Applications\TFM\TFM_SBSFU_Boot\MDK-ARM\\output.txt 2>&1 
D:\GitLib\Sercure-Boot\en.stm32cubel5_v1-3-0\STM32Cube_FW_L5_V1.3.0\Projects\STM32L562E-DK\Applications\TFM\TFM_SBSFU_Boot\MDK-ARM>IF 0 NEQ 0 goto :error 
D:\GitLib\Sercure-Boot\en.stm32cubel5_v1-3-0\STM32Cube_FW_L5_V1.3.0\Projects\STM32L562E-DK\Applications\TFM\TFM_SBSFU_Boot\MDK-ARM>set "command=D:\GitLib\Sercure-Boot\en.stm32cubel5_v1-3-0\STM32Cube_FW_L5_V1.3.0\Middlewares\Third_Party\mcuboot\scripts\dist\imgtool\imgtool.exe flash --layout D:\GitLib\Sercure-Boot\en.stm32cubel5_v1-3-0\STM32Cube_FW_L5_V1.3.0\Projects\STM32L562E-DK\Applications\TFM\TFM_SBSFU_Boot\MDK-ARM\\image_macros_preprocessed_bl2.c -b sec1_end -m  RE_BL2_SEC1_END -d 0x800 -s 1 -p 0 D:\GitLib\Sercure-Boot\en.stm32cubel5_v1-3-0\STM32Cube_FW_L5_V1.3.0\Projects\STM32L562E-DK\Applications\TFM\TFM_SBSFU_Boot\MDK-ARM\\hardening.bat >> D:\GitLib\Sercure-Boot\en.stm32cubel5_v1-3-0\STM32Cube_FW_L5_V1.3.0\Projects\STM32L562E-DK\Applications\TFM\TFM_SBSFU_Boot\MDK-ARM\\output.txt 2>&1" 
D:\GitLib\Sercure-Boot\en.stm32cubel5_v1-3-0\STM32Cube_FW_L5_V1.3.0\Projects\STM32L562E-DK\Applications\TFM\TFM_SBSFU_Boot\MDK-ARM>D:\GitLib\Sercure-Boot\en.stm32cubel5_v1-3-0\STM32Cube_FW_L5_V1.3.0\Middlewares\Third_Party\mcuboot\scripts\dist\imgtool\imgtool.exe flash --layout D:\GitLib\Sercure-Boot\en.stm32cubel5_v1-3-0\STM32Cube_FW_L5_V1.3.0\Projects\STM32L562E-DK\Applications\TFM\TFM_SBSFU_Boot\MDK-ARM\\image_macros_preprocessed_bl2.c -b sec1_end -m  RE_BL2_SEC1_END -d 0x800 -s 1 -p 0 D:\GitLib\Sercure-Boot\en.stm32cubel5_v1-3-0\STM32Cube_FW_L5_V1.3.0\Projects\STM32L562E-DK\Applications\TFM\TFM_SBSFU_Boot\MDK-ARM\\hardening.bat  1>>D:\GitLib\Sercure-Boot\en.stm32cubel5_v1-3-0\STM32Cube_FW_L5_V1.3.0\Projects\STM32L562E-DK\Applications\TFM\TFM_SBSFU_Boot\MDK-ARM\\output.txt 2>&1 
D:\GitLib\Sercure-Boot\en.stm32cubel5_v1-3-0\STM32Cube_FW_L5_V1.3.0\Projects\STM32L562E-DK\Applications\TFM\TFM_SBSFU_Boot\MDK-ARM>IF 0 NEQ 0 goto :error 
D:\GitLib\Sercure-Boot\en.stm32cubel5_v1-3-0\STM32Cube_FW_L5_V1.3.0\Projects\STM32L562E-DK\Applications\TFM\TFM_SBSFU_Boot\MDK-ARM>set "command=D:\GitLib\Sercure-Boot\en.stm32cubel5_v1-3-0\STM32Cube_FW_L5_V1.3.0\Middlewares\Third_Party\mcuboot\scripts\dist\imgtool\imgtool.exe flash --layout D:\GitLib\Sercure-Boot\en.stm32cubel5_v1-3-0\STM32Cube_FW_L5_V1.3.0\Projects\STM32L562E-DK\Applications\TFM\TFM_SBSFU_Boot\MDK-ARM\\image_macros_preprocessed_bl2.c -b sec2_start -m  RE_BL2_SEC2_START -d 0x800 -s 1 -p 0 D:\GitLib\Sercure-Boot\en.stm32cubel5_v1-3-0\STM32Cube_FW_L5_V1.3.0\Projects\STM32L562E-DK\Applications\TFM\TFM_SBSFU_Boot\MDK-ARM\\hardening.bat >> D:\GitLib\Sercure-Boot\en.stm32cubel5_v1-3-0\STM32Cube_FW_L5_V1.3.0\Projects\STM32L562E-DK\Applications\TFM\TFM_SBSFU_Boot\MDK-ARM\\output.txt 2>&1" 
D:\GitLib\Sercure-Boot\en.stm32cubel5_v1-3-0\STM32Cube_FW_L5_V1.3.0\Projects\STM32L562E-DK\Applications\TFM\TFM_SBSFU_Boot\MDK-ARM>D:\GitLib\Sercure-Boot\en.stm32cubel5_v1-3-0\STM32Cube_FW_L5_V1.3.0\Middlewares\Third_Party\mcuboot\scripts\dist\imgtool\imgtool.exe flash --layout D:\GitLib\Sercure-Boot\en.stm32cubel5_v1-3-0\STM32Cube_FW_L5_V1.3.0\Projects\STM32L562E-DK\Applications\TFM\TFM_SBSFU_Boot\MDK-ARM\\image_macros_preprocessed_bl2.c -b sec2_start -m  RE_BL2_SEC2_START -d 0x800 -s 1 -p 0 D:\GitLib\Sercure-Boot\en.stm32cubel5_v1-3-0\STM32Cube_FW_L5_V1.3.0\Projects\STM32L562E-DK\Applications\TFM\TFM_SBSFU_Boot\MDK-ARM\\hardening.bat  1>>D:\GitLib\Sercure-Boot\en.stm32cubel5_v1-3-0\STM32Cube_FW_L5_V1.3.0\Projects\STM32L562E-DK\Applications\TFM\TFM_SBSFU_Boot\MDK-ARM\\output.txt 2>&1 
D:\GitLib\Sercure-Boot\en.stm32cubel5_v1-3-0\STM32Cube_FW_L5_V1.3.0\Projects\STM32L562E-DK\Applications\TFM\TFM_SBSFU_Boot\MDK-ARM>IF 0 NEQ 0 goto :error 
D:\GitLib\Sercure-Boot\en.stm32cubel5_v1-3-0\STM32Cube_FW_L5_V1.3.0\Projects\STM32L562E-DK\Applications\TFM\TFM_SBSFU_Boot\MDK-ARM>set "command=D:\GitLib\Sercure-Boot\en.stm32cubel5_v1-3-0\STM32Cube_FW_L5_V1.3.0\Middlewares\Third_Party\mcuboot\scripts\dist\imgtool\imgtool.exe flash --layout D:\GitLib\Sercure-Boot\en.stm32cubel5_v1-3-0\STM32Cube_FW_L5_V1.3.0\Projects\STM32L562E-DK\Applications\TFM\TFM_SBSFU_Boot\MDK-ARM\\image_macros_preprocessed_bl2.c -b sec2_end -m  RE_BL2_SEC2_END -d 0x800 -s 1 -p 0 D:\GitLib\Sercure-Boot\en.stm32cubel5_v1-3-0\STM32Cube_FW_L5_V1.3.0\Projects\STM32L562E-DK\Applications\TFM\TFM_SBSFU_Boot\MDK-ARM\\hardening.bat >> D:\GitLib\Sercure-Boot\en.stm32cubel5_v1-3-0\STM32Cube_FW_L5_V1.3.0\Projects\STM32L562E-DK\Applications\TFM\TFM_SBSFU_Boot\MDK-ARM\\output.txt 2>&1" 
D:\GitLib\Sercure-Boot\en.stm32cubel5_v1-3-0\STM32Cube_FW_L5_V1.3.0\Projects\STM32L562E-DK\Applications\TFM\TFM_SBSFU_Boot\MDK-ARM>D:\GitLib\Sercure-Boot\en.stm32cubel5_v1-3-0\STM32Cube_FW_L5_V1.3.0\Middlewares\Third_Party\mcuboot\scripts\dist\imgtool\imgtool.exe flash --layout D:\GitLib\Sercure-Boot\en.stm32cubel5_v1-3-0\STM32Cube_FW_L5_V1.3.0\Projects\STM32L562E-DK\Applications\TFM\TFM_SBSFU_Boot\MDK-ARM\\image_macros_preprocessed_bl2.c -b sec2_end -m  RE_BL2_SEC2_END -d 0x800 -s 1 -p 0 D:\GitLib\Sercure-Boot\en.stm32cubel5_v1-3-0\STM32Cube_FW_L5_V1.3.0\Projects\STM32L562E-DK\Applications\TFM\TFM_SBSFU_Boot\MDK-ARM\\hardening.bat  1>>D:\GitLib\Sercure-Boot\en.stm32cubel5_v1-3-0\STM32Cube_FW_L5_V1.3.0\Projects\STM32L562E-DK\Applications\TFM\TFM_SBSFU_Boot\MDK-ARM\\output.txt 2>&1 
D:\GitLib\Sercure-Boot\en.stm32cubel5_v1-3-0\STM32Cube_FW_L5_V1.3.0\Projects\STM32L562E-DK\Applications\TFM\TFM_SBSFU_Boot\MDK-ARM>IF 0 NEQ 0 goto :error 
D:\GitLib\Sercure-Boot\en.stm32cubel5_v1-3-0\STM32Cube_FW_L5_V1.3.0\Projects\STM32L562E-DK\Applications\TFM\TFM_SBSFU_Boot\MDK-ARM>set "command=D:\GitLib\Sercure-Boot\en.stm32cubel5_v1-3-0\STM32Cube_FW_L5_V1.3.0\Middlewares\Third_Party\mcuboot\scripts\dist\imgtool\imgtool.exe flash --layout D:\GitLib\Sercure-Boot\en.stm32cubel5_v1-3-0\STM32Cube_FW_L5_V1.3.0\Projects\STM32L562E-DK\Applications\TFM\TFM_SBSFU_Boot\MDK-ARM\\image_macros_preprocessed_bl2.c -b hdp_end -m  RE_BL2_HDP_END -d 0x800 -s 1 -p 0 D:\GitLib\Sercure-Boot\en.stm32cubel5_v1-3-0\STM32Cube_FW_L5_V1.3.0\Projects\STM32L562E-DK\Applications\TFM\TFM_SBSFU_Boot\MDK-ARM\\hardening.bat >> D:\GitLib\Sercure-Boot\en.stm32cubel5_v1-3-0\STM32Cube_FW_L5_V1.3.0\Projects\STM32L562E-DK\Applications\TFM\TFM_SBSFU_Boot\MDK-ARM\\output.txt 2>&1" 
D:\GitLib\Sercure-Boot\en.stm32cubel5_v1-3-0\STM32Cube_FW_L5_V1.3.0\Projects\STM32L562E-DK\Applications\TFM\TFM_SBSFU_Boot\MDK-ARM>D:\GitLib\Sercure-Boot\en.stm32cubel5_v1-3-0\STM32Cube_FW_L5_V1.3.0\Middlewares\Third_Party\mcuboot\scripts\dist\imgtool\imgtool.exe flash --layout D:\GitLib\Sercure-Boot\en.stm32cubel5_v1-3-0\STM32Cube_FW_L5_V1.3.0\Projects\STM32L562E-DK\Applications\TFM\TFM_SBSFU_Boot\MDK-ARM\\image_macros_preprocessed_bl2.c -b hdp_end -m  RE_BL2_HDP_END -d 0x800 -s 1 -p 0 D:\GitLib\Sercure-Boot\en.stm32cubel5_v1-3-0\STM32Cube_FW_L5_V1.3.0\Projects\STM32L562E-DK\Applications\TFM\TFM_SBSFU_Boot\MDK-ARM\\hardening.bat  1>>D:\GitLib\Sercure-Boot\en.stm32cubel5_v1-3-0\STM32Cube_FW_L5_V1.3.0\Projects\STM32L562E-DK\Applications\TFM\TFM_SBSFU_Boot\MDK-ARM\\output.txt 2>&1 
D:\GitLib\Sercure-Boot\en.stm32cubel5_v1-3-0\STM32Cube_FW_L5_V1.3.0\Projects\STM32L562E-DK\Applications\TFM\TFM_SBSFU_Boot\MDK-ARM>IF 0 NEQ 0 goto :error 
D:\GitLib\Sercure-Boot\en.stm32cubel5_v1-3-0\STM32Cube_FW_L5_V1.3.0\Projects\STM32L562E-DK\Applications\TFM\TFM_SBSFU_Boot\MDK-ARM>set "command=D:\GitLib\Sercure-Boot\en.stm32cubel5_v1-3-0\STM32Cube_FW_L5_V1.3.0\Middlewares\Third_Party\mcuboot\scripts\dist\imgtool\imgtool.exe flash --layout D:\GitLib\Sercure-Boot\en.stm32cubel5_v1-3-0\STM32Cube_FW_L5_V1.3.0\Projects\STM32L562E-DK\Applications\TFM\TFM_SBSFU_Boot\MDK-ARM\\image_macros_preprocessed_bl2.c -b image_s_size -m  RE_IMAGE_FLASH_SECURE_IMAGE_SIZE -s 1 D:\GitLib\Sercure-Boot\en.stm32cubel5_v1-3-0\STM32Cube_FW_L5_V1.3.0\Projects\STM32L562E-DK\Applications\TFM\TFM_SBSFU_Boot\MDK-ARM\\..\..\TFM_Appli\MDK-ARM\postbuild.bat >> D:\GitLib\Sercure-Boot\en.stm32cubel5_v1-3-0\STM32Cube_FW_L5_V1.3.0\Projects\STM32L562E-DK\Applications\TFM\TFM_SBSFU_Boot\MDK-ARM\\output.txt 2>&1" 
D:\GitLib\Sercure-Boot\en.stm32cubel5_v1-3-0\STM32Cube_FW_L5_V1.3.0\Projects\STM32L562E-DK\Applications\TFM\TFM_SBSFU_Boot\MDK-ARM>D:\GitLib\Sercure-Boot\en.stm32cubel5_v1-3-0\STM32Cube_FW_L5_V1.3.0\Middlewares\Third_Party\mcuboot\scripts\dist\imgtool\imgtool.exe flash --layout D:\GitLib\Sercure-Boot\en.stm32cubel5_v1-3-0\STM32Cube_FW_L5_V1.3.0\Projects\STM32L562E-DK\Applications\TFM\TFM_SBSFU_Boot\MDK-ARM\\image_macros_preprocessed_bl2.c -b image_s_size -m  RE_IMAGE_FLASH_SECURE_IMAGE_SIZE -s 1 D:\GitLib\Sercure-Boot\en.stm32cubel5_v1-3-0\STM32Cube_FW_L5_V1.3.0\Projects\STM32L562E-DK\Applications\TFM\TFM_SBSFU_Boot\MDK-ARM\\..\..\TFM_Appli\MDK-ARM\postbuild.bat  1>>D:\GitLib\Sercure-Boot\en.stm32cubel5_v1-3-0\STM32Cube_FW_L5_V1.3.0\Projects\STM32L562E-DK\Applications\TFM\TFM_SBSFU_Boot\MDK-ARM\\output.txt 2>&1 
D:\GitLib\Sercure-Boot\en.stm32cubel5_v1-3-0\STM32Cube_FW_L5_V1.3.0\Projects\STM32L562E-DK\Applications\TFM\TFM_SBSFU_Boot\MDK-ARM>IF 0 NEQ 0 goto :error 
D:\GitLib\Sercure-Boot\en.stm32cubel5_v1-3-0\STM32Cube_FW_L5_V1.3.0\Projects\STM32L562E-DK\Applications\TFM\TFM_SBSFU_Boot\MDK-ARM>set "command=D:\GitLib\Sercure-Boot\en.stm32cubel5_v1-3-0\STM32Cube_FW_L5_V1.3.0\Middlewares\Third_Party\mcuboot\scripts\dist\imgtool\imgtool.exe flash --layout D:\GitLib\Sercure-Boot\en.stm32cubel5_v1-3-0\STM32Cube_FW_L5_V1.3.0\Projects\STM32L562E-DK\Applications\TFM\TFM_SBSFU_Boot\MDK-ARM\\image_macros_preprocessed_bl2.c -b image_ns_size -m  RE_IMAGE_FLASH_NON_SECURE_IMAGE_SIZE -s 1 D:\GitLib\Sercure-Boot\en.stm32cubel5_v1-3-0\STM32Cube_FW_L5_V1.3.0\Projects\STM32L562E-DK\Applications\TFM\TFM_SBSFU_Boot\MDK-ARM\\..\..\TFM_Appli\MDK-ARM\postbuild.bat >> D:\GitLib\Sercure-Boot\en.stm32cubel5_v1-3-0\STM32Cube_FW_L5_V1.3.0\Projects\STM32L562E-DK\Applications\TFM\TFM_SBSFU_Boot\MDK-ARM\\output.txt 2>&1" 
D:\GitLib\Sercure-Boot\en.stm32cubel5_v1-3-0\STM32Cube_FW_L5_V1.3.0\Projects\STM32L562E-DK\Applications\TFM\TFM_SBSFU_Boot\MDK-ARM>D:\GitLib\Sercure-Boot\en.stm32cubel5_v1-3-0\STM32Cube_FW_L5_V1.3.0\Middlewares\Third_Party\mcuboot\scripts\dist\imgtool\imgtool.exe flash --layout D:\GitLib\Sercure-Boot\en.stm32cubel5_v1-3-0\STM32Cube_FW_L5_V1.3.0\Projects\STM32L562E-DK\Applications\TFM\TFM_SBSFU_Boot\MDK-ARM\\image_macros_preprocessed_bl2.c -b image_ns_size -m  RE_IMAGE_FLASH_NON_SECURE_IMAGE_SIZE -s 1 D:\GitLib\Sercure-Boot\en.stm32cubel5_v1-3-0\STM32Cube_FW_L5_V1.3.0\Projects\STM32L562E-DK\Applications\TFM\TFM_SBSFU_Boot\MDK-ARM\\..\..\TFM_Appli\MDK-ARM\postbuild.bat  1>>D:\GitLib\Sercure-Boot\en.stm32cubel5_v1-3-0\STM32Cube_FW_L5_V1.3.0\Projects\STM32L562E-DK\Applications\TFM\TFM_SBSFU_Boot\MDK-ARM\\output.txt 2>&1 
D:\GitLib\Sercure-Boot\en.stm32cubel5_v1-3-0\STM32Cube_FW_L5_V1.3.0\Projects\STM32L562E-DK\Applications\TFM\TFM_SBSFU_Boot\MDK-ARM>IF 0 NEQ 0 goto :error 
D:\GitLib\Sercure-Boot\en.stm32cubel5_v1-3-0\STM32Cube_FW_L5_V1.3.0\Projects\STM32L562E-DK\Applications\TFM\TFM_SBSFU_Boot\MDK-ARM>set "command=D:\GitLib\Sercure-Boot\en.stm32cubel5_v1-3-0\STM32Cube_FW_L5_V1.3.0\Middlewares\Third_Party\mcuboot\scripts\dist\imgtool\imgtool.exe flash --layout D:\GitLib\Sercure-Boot\en.stm32cubel5_v1-3-0\STM32Cube_FW_L5_V1.3.0\Projects\STM32L562E-DK\Applications\TFM\TFM_SBSFU_Boot\MDK-ARM\\image_macros_preprocessed_bl2.c -b external_flash_enable -m  RE_EXTERNAL_FLASH_ENABLE -s 1 -p 0 D:\GitLib\Sercure-Boot\en.stm32cubel5_v1-3-0\STM32Cube_FW_L5_V1.3.0\Projects\STM32L562E-DK\Applications\TFM\TFM_SBSFU_Boot\MDK-ARM\\..\..\TFM_Appli\MDK-ARM\postbuild.bat >> D:\GitLib\Sercure-Boot\en.stm32cubel5_v1-3-0\STM32Cube_FW_L5_V1.3.0\Projects\STM32L562E-DK\Applications\TFM\TFM_SBSFU_Boot\MDK-ARM\\output.txt 2>&1" 
D:\GitLib\Sercure-Boot\en.stm32cubel5_v1-3-0\STM32Cube_FW_L5_V1.3.0\Projects\STM32L562E-DK\Applications\TFM\TFM_SBSFU_Boot\MDK-ARM>D:\GitLib\Sercure-Boot\en.stm32cubel5_v1-3-0\STM32Cube_FW_L5_V1.3.0\Middlewares\Third_Party\mcuboot\scripts\dist\imgtool\imgtool.exe flash --layout D:\GitLib\Sercure-Boot\en.stm32cubel5_v1-3-0\STM32Cube_FW_L5_V1.3.0\Projects\STM32L562E-DK\Applications\TFM\TFM_SBSFU_Boot\MDK-ARM\\image_macros_preprocessed_bl2.c -b external_flash_enable -m  RE_EXTERNAL_FLASH_ENABLE -s 1 -p 0 D:\GitLib\Sercure-Boot\en.stm32cubel5_v1-3-0\STM32Cube_FW_L5_V1.3.0\Projects\STM32L562E-DK\Applications\TFM\TFM_SBSFU_Boot\MDK-ARM\\..\..\TFM_Appli\MDK-ARM\postbuild.bat  1>>D:\GitLib\Sercure-Boot\en.stm32cubel5_v1-3-0\STM32Cube_FW_L5_V1.3.0\Projects\STM32L562E-DK\Applications\TFM\TFM_SBSFU_Boot\MDK-ARM\\output.txt 2>&1 
D:\GitLib\Sercure-Boot\en.stm32cubel5_v1-3-0\STM32Cube_FW_L5_V1.3.0\Projects\STM32L562E-DK\Applications\TFM\TFM_SBSFU_Boot\MDK-ARM>IF 0 NEQ 0 goto :error 
D:\GitLib\Sercure-Boot\en.stm32cubel5_v1-3-0\STM32Cube_FW_L5_V1.3.0\Projects\STM32L562E-DK\Applications\TFM\TFM_SBSFU_Boot\MDK-ARM>set "command=D:\GitLib\Sercure-Boot\en.stm32cubel5_v1-3-0\STM32Cube_FW_L5_V1.3.0\Middlewares\Third_Party\mcuboot\scripts\dist\imgtool\imgtool.exe flash --layout D:\GitLib\Sercure-Boot\en.stm32cubel5_v1-3-0\STM32Cube_FW_L5_V1.3.0\Projects\STM32L562E-DK\Applications\TFM\TFM_SBSFU_Boot\MDK-ARM\\image_macros_preprocessed_bl2.c -b ns_code_start -m  RE_CODE_START_NON_SECURE -s 1 D:\GitLib\Sercure-Boot\en.stm32cubel5_v1-3-0\STM32Cube_FW_L5_V1.3.0\Projects\STM32L562E-DK\Applications\TFM\TFM_SBSFU_Boot\MDK-ARM\\..\..\TFM_Appli\MDK-ARM\postbuild.bat >> D:\GitLib\Sercure-Boot\en.stm32cubel5_v1-3-0\STM32Cube_FW_L5_V1.3.0\Projects\STM32L562E-DK\Applications\TFM\TFM_SBSFU_Boot\MDK-ARM\\output.txt 2>&1" 
D:\GitLib\Sercure-Boot\en.stm32cubel5_v1-3-0\STM32Cube_FW_L5_V1.3.0\Projects\STM32L562E-DK\Applications\TFM\TFM_SBSFU_Boot\MDK-ARM>D:\GitLib\Sercure-Boot\en.stm32cubel5_v1-3-0\STM32Cube_FW_L5_V1.3.0\Middlewares\Third_Party\mcuboot\scripts\dist\imgtool\imgtool.exe flash --layout D:\GitLib\Sercure-Boot\en.stm32cubel5_v1-3-0\STM32Cube_FW_L5_V1.3.0\Projects\STM32L562E-DK\Applications\TFM\TFM_SBSFU_Boot\MDK-ARM\\image_macros_preprocessed_bl2.c -b ns_code_start -m  RE_CODE_START_NON_SECURE -s 1 D:\GitLib\Sercure-Boot\en.stm32cubel5_v1-3-0\STM32Cube_FW_L5_V1.3.0\Projects\STM32L562E-DK\Applications\TFM\TFM_SBSFU_Boot\MDK-ARM\\..\..\TFM_Appli\MDK-ARM\postbuild.bat  1>>D:\GitLib\Sercure-Boot\en.stm32cubel5_v1-3-0\STM32Cube_FW_L5_V1.3.0\Projects\STM32L562E-DK\Applications\TFM\TFM_SBSFU_Boot\MDK-ARM\\output.txt 2>&1 
D:\GitLib\Sercure-Boot\en.stm32cubel5_v1-3-0\STM32Cube_FW_L5_V1.3.0\Projects\STM32L562E-DK\Applications\TFM\TFM_SBSFU_Boot\MDK-ARM>IF 0 NEQ 0 goto :error 
D:\GitLib\Sercure-Boot\en.stm32cubel5_v1-3-0\STM32Cube_FW_L5_V1.3.0\Projects\STM32L562E-DK\Applications\TFM\TFM_SBSFU_Boot\MDK-ARM>set "command=D:\GitLib\Sercure-Boot\en.stm32cubel5_v1-3-0\STM32Cube_FW_L5_V1.3.0\Middlewares\Third_Party\mcuboot\scripts\dist\imgtool\imgtool.exe flash --layout D:\GitLib\Sercure-Boot\en.stm32cubel5_v1-3-0\STM32Cube_FW_L5_V1.3.0\Projects\STM32L562E-DK\Applications\TFM\TFM_SBSFU_Boot\MDK-ARM\\image_macros_preprocessed_bl2.c -b loader -m  RE_IMAGE_FLASH_LOADER_ADDRESS -s 1 D:\GitLib\Sercure-Boot\en.stm32cubel5_v1-3-0\STM32Cube_FW_L5_V1.3.0\Projects\STM32L562E-DK\Applications\TFM\TFM_SBSFU_Boot\MDK-ARM\\TFM_UPDATE.bat >> D:\GitLib\Sercure-Boot\en.stm32cubel5_v1-3-0\STM32Cube_FW_L5_V1.3.0\Projects\STM32L562E-DK\Applications\TFM\TFM_SBSFU_Boot\MDK-ARM\\output.txt 2>&1" 
D:\GitLib\Sercure-Boot\en.stm32cubel5_v1-3-0\STM32Cube_FW_L5_V1.3.0\Projects\STM32L562E-DK\Applications\TFM\TFM_SBSFU_Boot\MDK-ARM>D:\GitLib\Sercure-Boot\en.stm32cubel5_v1-3-0\STM32Cube_FW_L5_V1.3.0\Middlewares\Third_Party\mcuboot\scripts\dist\imgtool\imgtool.exe flash --layout D:\GitLib\Sercure-Boot\en.stm32cubel5_v1-3-0\STM32Cube_FW_L5_V1.3.0\Projects\STM32L562E-DK\Applications\TFM\TFM_SBSFU_Boot\MDK-ARM\\image_macros_preprocessed_bl2.c -b loader -m  RE_IMAGE_FLASH_LOADER_ADDRESS -s 1 D:\GitLib\Sercure-Boot\en.stm32cubel5_v1-3-0\STM32Cube_FW_L5_V1.3.0\Projects\STM32L562E-DK\Applications\TFM\TFM_SBSFU_Boot\MDK-ARM\\TFM_UPDATE.bat  1>>D:\GitLib\Sercure-Boot\en.stm32cubel5_v1-3-0\STM32Cube_FW_L5_V1.3.0\Projects\STM32L562E-DK\Applications\TFM\TFM_SBSFU_Boot\MDK-ARM\\output.txt 2>&1 
D:\GitLib\Sercure-Boot\en.stm32cubel5_v1-3-0\STM32Cube_FW_L5_V1.3.0\Projects\STM32L562E-DK\Applications\TFM\TFM_SBSFU_Boot\MDK-ARM>IF 0 NEQ 0 goto :error 
D:\GitLib\Sercure-Boot\en.stm32cubel5_v1-3-0\STM32Cube_FW_L5_V1.3.0\Projects\STM32L562E-DK\Applications\TFM\TFM_SBSFU_Boot\MDK-ARM>set "command=D:\GitLib\Sercure-Boot\en.stm32cubel5_v1-3-0\STM32Cube_FW_L5_V1.3.0\Middlewares\Third_Party\mcuboot\scripts\dist\imgtool\imgtool.exe flash --layout D:\GitLib\Sercure-Boot\en.stm32cubel5_v1-3-0\STM32Cube_FW_L5_V1.3.0\Projects\STM32L562E-DK\Applications\TFM\TFM_SBSFU_Boot\MDK-ARM\\image_macros_preprocessed_bl2.c -b wrp_bank2_start -m  RE_LOADER_WRP_START -d 0x800 -s 1 -p 0 D:\GitLib\Sercure-Boot\en.stm32cubel5_v1-3-0\STM32Cube_FW_L5_V1.3.0\Projects\STM32L562E-DK\Applications\TFM\TFM_SBSFU_Boot\MDK-ARM\\hardening.bat >> D:\GitLib\Sercure-Boot\en.stm32cubel5_v1-3-0\STM32Cube_FW_L5_V1.3.0\Projects\STM32L562E-DK\Applications\TFM\TFM_SBSFU_Boot\MDK-ARM\\output.txt 2>&1" 
D:\GitLib\Sercure-Boot\en.stm32cubel5_v1-3-0\STM32Cube_FW_L5_V1.3.0\Projects\STM32L562E-DK\Applications\TFM\TFM_SBSFU_Boot\MDK-ARM>D:\GitLib\Sercure-Boot\en.stm32cubel5_v1-3-0\STM32Cube_FW_L5_V1.3.0\Middlewares\Third_Party\mcuboot\scripts\dist\imgtool\imgtool.exe flash --layout D:\GitLib\Sercure-Boot\en.stm32cubel5_v1-3-0\STM32Cube_FW_L5_V1.3.0\Projects\STM32L562E-DK\Applications\TFM\TFM_SBSFU_Boot\MDK-ARM\\image_macros_preprocessed_bl2.c -b wrp_bank2_start -m  RE_LOADER_WRP_START -d 0x800 -s 1 -p 0 D:\GitLib\Sercure-Boot\en.stm32cubel5_v1-3-0\STM32Cube_FW_L5_V1.3.0\Projects\STM32L562E-DK\Applications\TFM\TFM_SBSFU_Boot\MDK-ARM\\hardening.bat  1>>D:\GitLib\Sercure-Boot\en.stm32cubel5_v1-3-0\STM32Cube_FW_L5_V1.3.0\Projects\STM32L562E-DK\Applications\TFM\TFM_SBSFU_Boot\MDK-ARM\\output.txt 2>&1 
D:\GitLib\Sercure-Boot\en.stm32cubel5_v1-3-0\STM32Cube_FW_L5_V1.3.0\Projects\STM32L562E-DK\Applications\TFM\TFM_SBSFU_Boot\MDK-ARM>IF 0 NEQ 0 goto :error 
D:\GitLib\Sercure-Boot\en.stm32cubel5_v1-3-0\STM32Cube_FW_L5_V1.3.0\Projects\STM32L562E-DK\Applications\TFM\TFM_SBSFU_Boot\MDK-ARM>set "command=D:\GitLib\Sercure-Boot\en.stm32cubel5_v1-3-0\STM32Cube_FW_L5_V1.3.0\Middlewares\Third_Party\mcuboot\scripts\dist\imgtool\imgtool.exe flash --layout D:\GitLib\Sercure-Boot\en.stm32cubel5_v1-3-0\STM32Cube_FW_L5_V1.3.0\Projects\STM32L562E-DK\Applications\TFM\TFM_SBSFU_Boot\MDK-ARM\\image_macros_preprocessed_bl2.c -b wrp_bank2_end -m  RE_LOADER_WRP_END -d 0x800 -s 1 -p 0 D:\GitLib\Sercure-Boot\en.stm32cubel5_v1-3-0\STM32Cube_FW_L5_V1.3.0\Projects\STM32L562E-DK\Applications\TFM\TFM_SBSFU_Boot\MDK-ARM\\hardening.bat >> D:\GitLib\Sercure-Boot\en.stm32cubel5_v1-3-0\STM32Cube_FW_L5_V1.3.0\Projects\STM32L562E-DK\Applications\TFM\TFM_SBSFU_Boot\MDK-ARM\\output.txt 2>&1" 
D:\GitLib\Sercure-Boot\en.stm32cubel5_v1-3-0\STM32Cube_FW_L5_V1.3.0\Projects\STM32L562E-DK\Applications\TFM\TFM_SBSFU_Boot\MDK-ARM>D:\GitLib\Sercure-Boot\en.stm32cubel5_v1-3-0\STM32Cube_FW_L5_V1.3.0\Middlewares\Third_Party\mcuboot\scripts\dist\imgtool\imgtool.exe flash --layout D:\GitLib\Sercure-Boot\en.stm32cubel5_v1-3-0\STM32Cube_FW_L5_V1.3.0\Projects\STM32L562E-DK\Applications\TFM\TFM_SBSFU_Boot\MDK-ARM\\image_macros_preprocessed_bl2.c -b wrp_bank2_end -m  RE_LOADER_WRP_END -d 0x800 -s 1 -p 0 D:\GitLib\Sercure-Boot\en.stm32cubel5_v1-3-0\STM32Cube_FW_L5_V1.3.0\Projects\STM32L562E-DK\Applications\TFM\TFM_SBSFU_Boot\MDK-ARM\\hardening.bat  1>>D:\GitLib\Sercure-Boot\en.stm32cubel5_v1-3-0\STM32Cube_FW_L5_V1.3.0\Projects\STM32L562E-DK\Applications\TFM\TFM_SBSFU_Boot\MDK-ARM\\output.txt 2>&1 
D:\GitLib\Sercure-Boot\en.stm32cubel5_v1-3-0\STM32Cube_FW_L5_V1.3.0\Projects\STM32L562E-DK\Applications\TFM\TFM_SBSFU_Boot\MDK-ARM>IF 0 NEQ 0 goto :error 
D:\GitLib\Sercure-Boot\en.stm32cubel5_v1-3-0\STM32Cube_FW_L5_V1.3.0\Projects\STM32L562E-DK\Applications\TFM\TFM_SBSFU_Boot\MDK-ARM>set "command=D:\GitLib\Sercure-Boot\en.stm32cubel5_v1-3-0\STM32Cube_FW_L5_V1.3.0\Middlewares\Third_Party\mcuboot\scripts\dist\imgtool\imgtool.exe flash --layout D:\GitLib\Sercure-Boot\en.stm32cubel5_v1-3-0\STM32Cube_FW_L5_V1.3.0\Projects\STM32L562E-DK\Applications\TFM\TFM_SBSFU_Boot\MDK-ARM\\image_macros_preprocessed_bl2.c -b primary_only -m  RE_PRIMARY_ONLY -s 1 -p 0 D:\GitLib\Sercure-Boot\en.stm32cubel5_v1-3-0\STM32Cube_FW_L5_V1.3.0\Projects\STM32L562E-DK\Applications\TFM\TFM_SBSFU_Boot\MDK-ARM\\..\..\TFM_Appli\MDK-ARM\postbuild.bat >> D:\GitLib\Sercure-Boot\en.stm32cubel5_v1-3-0\STM32Cube_FW_L5_V1.3.0\Projects\STM32L562E-DK\Applications\TFM\TFM_SBSFU_Boot\MDK-ARM\\output.txt 2>&1" 
D:\GitLib\Sercure-Boot\en.stm32cubel5_v1-3-0\STM32Cube_FW_L5_V1.3.0\Projects\STM32L562E-DK\Applications\TFM\TFM_SBSFU_Boot\MDK-ARM>D:\GitLib\Sercure-Boot\en.stm32cubel5_v1-3-0\STM32Cube_FW_L5_V1.3.0\Middlewares\Third_Party\mcuboot\scripts\dist\imgtool\imgtool.exe flash --layout D:\GitLib\Sercure-Boot\en.stm32cubel5_v1-3-0\STM32Cube_FW_L5_V1.3.0\Projects\STM32L562E-DK\Applications\TFM\TFM_SBSFU_Boot\MDK-ARM\\image_macros_preprocessed_bl2.c -b primary_only -m  RE_PRIMARY_ONLY -s 1 -p 0 D:\GitLib\Sercure-Boot\en.stm32cubel5_v1-3-0\STM32Cube_FW_L5_V1.3.0\Projects\STM32L562E-DK\Applications\TFM\TFM_SBSFU_Boot\MDK-ARM\\..\..\TFM_Appli\MDK-ARM\postbuild.bat  1>>D:\GitLib\Sercure-Boot\en.stm32cubel5_v1-3-0\STM32Cube_FW_L5_V1.3.0\Projects\STM32L562E-DK\Applications\TFM\TFM_SBSFU_Boot\MDK-ARM\\output.txt 2>&1 
D:\GitLib\Sercure-Boot\en.stm32cubel5_v1-3-0\STM32Cube_FW_L5_V1.3.0\Projects\STM32L562E-DK\Applications\TFM\TFM_SBSFU_Boot\MDK-ARM>IF 0 NEQ 0 goto :error 
D:\GitLib\Sercure-Boot\en.stm32cubel5_v1-3-0\STM32Cube_FW_L5_V1.3.0\Projects\STM32L562E-DK\Applications\TFM\TFM_SBSFU_Boot\MDK-ARM>set "command=D:\GitLib\Sercure-Boot\en.stm32cubel5_v1-3-0\STM32Cube_FW_L5_V1.3.0\Middlewares\Third_Party\mcuboot\scripts\dist\imgtool\imgtool.exe flash --layout D:\GitLib\Sercure-Boot\en.stm32cubel5_v1-3-0\STM32Cube_FW_L5_V1.3.0\Projects\STM32L562E-DK\Applications\TFM\TFM_SBSFU_Boot\MDK-ARM\\image_macros_preprocessed_bl2.c -b image_number -m  RE_IMAGE_NUMBER -s 1 -p 0 D:\GitLib\Sercure-Boot\en.stm32cubel5_v1-3-0\STM32Cube_FW_L5_V1.3.0\Projects\STM32L562E-DK\Applications\TFM\TFM_SBSFU_Boot\MDK-ARM\\..\..\TFM_Appli\MDK-ARM\postbuild.bat >> D:\GitLib\Sercure-Boot\en.stm32cubel5_v1-3-0\STM32Cube_FW_L5_V1.3.0\Projects\STM32L562E-DK\Applications\TFM\TFM_SBSFU_Boot\MDK-ARM\\output.txt 2>&1" 
D:\GitLib\Sercure-Boot\en.stm32cubel5_v1-3-0\STM32Cube_FW_L5_V1.3.0\Projects\STM32L562E-DK\Applications\TFM\TFM_SBSFU_Boot\MDK-ARM>D:\GitLib\Sercure-Boot\en.stm32cubel5_v1-3-0\STM32Cube_FW_L5_V1.3.0\Middlewares\Third_Party\mcuboot\scripts\dist\imgtool\imgtool.exe flash --layout D:\GitLib\Sercure-Boot\en.stm32cubel5_v1-3-0\STM32Cube_FW_L5_V1.3.0\Projects\STM32L562E-DK\Applications\TFM\TFM_SBSFU_Boot\MDK-ARM\\image_macros_preprocessed_bl2.c -b image_number -m  RE_IMAGE_NUMBER -s 1 -p 0 D:\GitLib\Sercure-Boot\en.stm32cubel5_v1-3-0\STM32Cube_FW_L5_V1.3.0\Projects\STM32L562E-DK\Applications\TFM\TFM_SBSFU_Boot\MDK-ARM\\..\..\TFM_Appli\MDK-ARM\postbuild.bat  1>>D:\GitLib\Sercure-Boot\en.stm32cubel5_v1-3-0\STM32Cube_FW_L5_V1.3.0\Projects\STM32L562E-DK\Applications\TFM\TFM_SBSFU_Boot\MDK-ARM\\output.txt 2>&1 
D:\GitLib\Sercure-Boot\en.stm32cubel5_v1-3-0\STM32Cube_FW_L5_V1.3.0\Projects\STM32L562E-DK\Applications\TFM\TFM_SBSFU_Boot\MDK-ARM>IF 0 NEQ 0 goto :error 
D:\GitLib\Sercure-Boot\en.stm32cubel5_v1-3-0\STM32Cube_FW_L5_V1.3.0\Projects\STM32L562E-DK\Applications\TFM\TFM_SBSFU_Boot\MDK-ARM>set "command=D:\GitLib\Sercure-Boot\en.stm32cubel5_v1-3-0\STM32Cube_FW_L5_V1.3.0\Middlewares\Third_Party\mcuboot\scripts\dist\imgtool\imgtool.exe flash --layout D:\GitLib\Sercure-Boot\en.stm32cubel5_v1-3-0\STM32Cube_FW_L5_V1.3.0\Projects\STM32L562E-DK\Applications\TFM\TFM_SBSFU_Boot\MDK-ARM\\image_macros_preprocessed_bl2.c -b cfg_loader -m  RE_EXT_LOADER -s 1 -p 0 D:\GitLib\Sercure-Boot\en.stm32cubel5_v1-3-0\STM32Cube_FW_L5_V1.3.0\Projects\STM32L562E-DK\Applications\TFM\TFM_SBSFU_Boot\MDK-ARM\\TFM_UPDATE.bat >> D:\GitLib\Sercure-Boot\en.stm32cubel5_v1-3-0\STM32Cube_FW_L5_V1.3.0\Projects\STM32L562E-DK\Applications\TFM\TFM_SBSFU_Boot\MDK-ARM\\output.txt 2>&1" 
D:\GitLib\Sercure-Boot\en.stm32cubel5_v1-3-0\STM32Cube_FW_L5_V1.3.0\Projects\STM32L562E-DK\Applications\TFM\TFM_SBSFU_Boot\MDK-ARM>D:\GitLib\Sercure-Boot\en.stm32cubel5_v1-3-0\STM32Cube_FW_L5_V1.3.0\Middlewares\Third_Party\mcuboot\scripts\dist\imgtool\imgtool.exe flash --layout D:\GitLib\Sercure-Boot\en.stm32cubel5_v1-3-0\STM32Cube_FW_L5_V1.3.0\Projects\STM32L562E-DK\Applications\TFM\TFM_SBSFU_Boot\MDK-ARM\\image_macros_preprocessed_bl2.c -b cfg_loader -m  RE_EXT_LOADER -s 1 -p 0 D:\GitLib\Sercure-Boot\en.stm32cubel5_v1-3-0\STM32Cube_FW_L5_V1.3.0\Projects\STM32L562E-DK\Applications\TFM\TFM_SBSFU_Boot\MDK-ARM\\TFM_UPDATE.bat  1>>D:\GitLib\Sercure-Boot\en.stm32cubel5_v1-3-0\STM32Cube_FW_L5_V1.3.0\Projects\STM32L562E-DK\Applications\TFM\TFM_SBSFU_Boot\MDK-ARM\\output.txt 2>&1 
D:\GitLib\Sercure-Boot\en.stm32cubel5_v1-3-0\STM32Cube_FW_L5_V1.3.0\Projects\STM32L562E-DK\Applications\TFM\TFM_SBSFU_Boot\MDK-ARM>IF 0 NEQ 0 goto :error 
D:\GitLib\Sercure-Boot\en.stm32cubel5_v1-3-0\STM32Cube_FW_L5_V1.3.0\Projects\STM32L562E-DK\Applications\TFM\TFM_SBSFU_Boot\MDK-ARM>set "command=D:\GitLib\Sercure-Boot\en.stm32cubel5_v1-3-0\STM32Cube_FW_L5_V1.3.0\Middlewares\Third_Party\mcuboot\scripts\dist\imgtool\imgtool.exe flash --layout D:\GitLib\Sercure-Boot\en.stm32cubel5_v1-3-0\STM32Cube_FW_L5_V1.3.0\Projects\STM32L562E-DK\Applications\TFM\TFM_SBSFU_Boot\MDK-ARM\\image_macros_preprocessed_bl2.c -b image_number -m  RE_IMAGE_NUMBER -s 1 -p 0 D:\GitLib\Sercure-Boot\en.stm32cubel5_v1-3-0\STM32Cube_FW_L5_V1.3.0\Projects\STM32L562E-DK\Applications\TFM\TFM_SBSFU_Boot\MDK-ARM\\TFM_UPDATE.bat >> D:\GitLib\Sercure-Boot\en.stm32cubel5_v1-3-0\STM32Cube_FW_L5_V1.3.0\Projects\STM32L562E-DK\Applications\TFM\TFM_SBSFU_Boot\MDK-ARM\\output.txt 2>&1" 
D:\GitLib\Sercure-Boot\en.stm32cubel5_v1-3-0\STM32Cube_FW_L5_V1.3.0\Projects\STM32L562E-DK\Applications\TFM\TFM_SBSFU_Boot\MDK-ARM>D:\GitLib\Sercure-Boot\en.stm32cubel5_v1-3-0\STM32Cube_FW_L5_V1.3.0\Middlewares\Third_Party\mcuboot\scripts\dist\imgtool\imgtool.exe flash --layout D:\GitLib\Sercure-Boot\en.stm32cubel5_v1-3-0\STM32Cube_FW_L5_V1.3.0\Projects\STM32L562E-DK\Applications\TFM\TFM_SBSFU_Boot\MDK-ARM\\image_macros_preprocessed_bl2.c -b image_number -m  RE_IMAGE_NUMBER -s 1 -p 0 D:\GitLib\Sercure-Boot\en.stm32cubel5_v1-3-0\STM32Cube_FW_L5_V1.3.0\Projects\STM32L562E-DK\Applications\TFM\TFM_SBSFU_Boot\MDK-ARM\\TFM_UPDATE.bat  1>>D:\GitLib\Sercure-Boot\en.stm32cubel5_v1-3-0\STM32Cube_FW_L5_V1.3.0\Projects\STM32L562E-DK\Applications\TFM\TFM_SBSFU_Boot\MDK-ARM\\output.txt 2>&1 
D:\GitLib\Sercure-Boot\en.stm32cubel5_v1-3-0\STM32Cube_FW_L5_V1.3.0\Projects\STM32L562E-DK\Applications\TFM\TFM_SBSFU_Boot\MDK-ARM>IF 0 NEQ 0 goto :error 
D:\GitLib\Sercure-Boot\en.stm32cubel5_v1-3-0\STM32Cube_FW_L5_V1.3.0\Projects\STM32L562E-DK\Applications\TFM\TFM_SBSFU_Boot\MDK-ARM>set "command=D:\GitLib\Sercure-Boot\en.stm32cubel5_v1-3-0\STM32Cube_FW_L5_V1.3.0\Middlewares\Third_Party\mcuboot\scripts\dist\imgtool\imgtool.exe flash --layout D:\GitLib\Sercure-Boot\en.stm32cubel5_v1-3-0\STM32Cube_FW_L5_V1.3.0\Projects\STM32L562E-DK\Applications\TFM\TFM_SBSFU_Boot\MDK-ARM\\image_macros_preprocessed_bl2.c -b crypto_scheme -m  RE_CRYPTO_SCHEME -s 1 -p 0 D:\GitLib\Sercure-Boot\en.stm32cubel5_v1-3-0\STM32Cube_FW_L5_V1.3.0\Projects\STM32L562E-DK\Applications\TFM\TFM_SBSFU_Boot\MDK-ARM\\..\..\TFM_Appli\MDK-ARM\postbuild.bat >> D:\GitLib\Sercure-Boot\en.stm32cubel5_v1-3-0\STM32Cube_FW_L5_V1.3.0\Projects\STM32L562E-DK\Applications\TFM\TFM_SBSFU_Boot\MDK-ARM\\output.txt 2>&1" 
D:\GitLib\Sercure-Boot\en.stm32cubel5_v1-3-0\STM32Cube_FW_L5_V1.3.0\Projects\STM32L562E-DK\Applications\TFM\TFM_SBSFU_Boot\MDK-ARM>D:\GitLib\Sercure-Boot\en.stm32cubel5_v1-3-0\STM32Cube_FW_L5_V1.3.0\Middlewares\Third_Party\mcuboot\scripts\dist\imgtool\imgtool.exe flash --layout D:\GitLib\Sercure-Boot\en.stm32cubel5_v1-3-0\STM32Cube_FW_L5_V1.3.0\Projects\STM32L562E-DK\Applications\TFM\TFM_SBSFU_Boot\MDK-ARM\\image_macros_preprocessed_bl2.c -b crypto_scheme -m  RE_CRYPTO_SCHEME -s 1 -p 0 D:\GitLib\Sercure-Boot\en.stm32cubel5_v1-3-0\STM32Cube_FW_L5_V1.3.0\Projects\STM32L562E-DK\Applications\TFM\TFM_SBSFU_Boot\MDK-ARM\\..\..\TFM_Appli\MDK-ARM\postbuild.bat  1>>D:\GitLib\Sercure-Boot\en.stm32cubel5_v1-3-0\STM32Cube_FW_L5_V1.3.0\Projects\STM32L562E-DK\Applications\TFM\TFM_SBSFU_Boot\MDK-ARM\\output.txt 2>&1 
D:\GitLib\Sercure-Boot\en.stm32cubel5_v1-3-0\STM32Cube_FW_L5_V1.3.0\Projects\STM32L562E-DK\Applications\TFM\TFM_SBSFU_Boot\MDK-ARM>IF 0 NEQ 0 goto :error 
D:\GitLib\Sercure-Boot\en.stm32cubel5_v1-3-0\STM32Cube_FW_L5_V1.3.0\Projects\STM32L562E-DK\Applications\TFM\TFM_SBSFU_Boot\MDK-ARM>exit 0 
".\STM32L562E-DK\Exe\Project.axf" - 0 Error(s), 1 Warning(s).

<h2>Software Packages used:</h2>

Package Vendor: ARM
                http://www.keil.com/pack/ARM.CMSIS.5.7.0.pack
                ARM.CMSIS.5.7.0
                CMSIS (Cortex Microcontroller Software Interface Standard)
   * Component: CORE Version: 5.4.0

Package Vendor: Keil
                http://www.keil.com/pack/Keil.STM32L5xx_DFP.1.2.0.pack
                Keil.STM32L5xx_DFP.1.2.0
                STMicroelectronics STM32L5 Series Device Support

<h2>Collection of Component include folders:</h2>
  .\RTE\_STM32L562E-DK_TFM_SBSFU_Boot
  D:\Program Files (x86)\Keil\Packs\ARM\CMSIS\5.7.0\CMSIS\Core\Include
  D:\Program Files (x86)\Keil\Packs\Keil\STM32L5xx_DFP\1.2.0\Drivers\CMSIS\Device\ST\STM32L5xx\Include

<h2>Collection of Component Files used:</h2>

   * Component: ARM::CMSIS:CORE:5.4.0
      Include file:  CMSIS\Core\Include\tz_context.h
      Source file:   CMSIS\Core\Template\ARMv8-M\tz_context.c
      Source file:   CMSIS\Core\Template\ARMv8-M\main_s.c
Build Time Elapsed:  00:00:25
</pre>
</body>
</html>
