Component: ARM Compiler 6.14 Tool: armlink [5db06800]

==============================================================================

Section Cross References

    stm32l5xx_hal.o(.text.HAL_Init) refers to stm32l5xx_hal_cortex.o(.text.HAL_NVIC_SetPriorityGrouping) for HAL_NVIC_SetPriorityGrouping
    stm32l5xx_hal.o(.text.HAL_Init) refers to system_stm32l5xx.o(.text.SystemCoreClockUpdate) for SystemCoreClockUpdate
    stm32l5xx_hal.o(.text.HAL_Init) refers to tick.o(.text.HAL_InitTick) for HAL_InitTick
    stm32l5xx_hal.o(.text.HAL_Init) refers to stm32l5xx_hal.o(.text.HAL_MspInit) for HAL_MspInit
    stm32l5xx_hal.o(.ARM.exidx.text.HAL_Init) refers to stm32l5xx_hal.o(.text.HAL_Init) for [Anonymous Symbol]
    stm32l5xx_hal.o(.text.HAL_InitTick) refers to stm32l5xx_hal_cortex.o(.text.HAL_SYSTICK_Config) for HAL_SYSTICK_Config
    stm32l5xx_hal.o(.text.HAL_InitTick) refers to stm32l5xx_hal_cortex.o(.text.HAL_NVIC_SetPriority) for HAL_NVIC_SetPriority
    stm32l5xx_hal.o(.text.HAL_InitTick) refers to stm32l5xx_hal.o(.data..L_MergedGlobals) for [Anonymous Symbol]
    stm32l5xx_hal.o(.text.HAL_InitTick) refers to system_stm32l5xx.o(.data.SystemCoreClock) for SystemCoreClock
    stm32l5xx_hal.o(.ARM.exidx.text.HAL_InitTick) refers to stm32l5xx_hal.o(.text.HAL_InitTick) for [Anonymous Symbol]
    stm32l5xx_hal.o(.ARM.exidx.text.HAL_MspInit) refers to stm32l5xx_hal.o(.text.HAL_MspInit) for [Anonymous Symbol]
    stm32l5xx_hal.o(.text.HAL_DeInit) refers to stm32l5xx_hal.o(.text.HAL_MspDeInit) for HAL_MspDeInit
    stm32l5xx_hal.o(.ARM.exidx.text.HAL_DeInit) refers to stm32l5xx_hal.o(.text.HAL_DeInit) for [Anonymous Symbol]
    stm32l5xx_hal.o(.ARM.exidx.text.HAL_MspDeInit) refers to stm32l5xx_hal.o(.text.HAL_MspDeInit) for [Anonymous Symbol]
    stm32l5xx_hal.o(.text.HAL_IncTick) refers to stm32l5xx_hal.o(.data..L_MergedGlobals) for [Anonymous Symbol]
    stm32l5xx_hal.o(.text.HAL_IncTick) refers to stm32l5xx_hal.o(.bss.uwTick) for uwTick
    stm32l5xx_hal.o(.ARM.exidx.text.HAL_IncTick) refers to stm32l5xx_hal.o(.text.HAL_IncTick) for [Anonymous Symbol]
    stm32l5xx_hal.o(.text.HAL_GetTick) refers to stm32l5xx_hal.o(.bss.uwTick) for uwTick
    stm32l5xx_hal.o(.ARM.exidx.text.HAL_GetTick) refers to stm32l5xx_hal.o(.text.HAL_GetTick) for [Anonymous Symbol]
    stm32l5xx_hal.o(.text.HAL_GetTickPrio) refers to stm32l5xx_hal.o(.data..L_MergedGlobals) for [Anonymous Symbol]
    stm32l5xx_hal.o(.ARM.exidx.text.HAL_GetTickPrio) refers to stm32l5xx_hal.o(.text.HAL_GetTickPrio) for [Anonymous Symbol]
    stm32l5xx_hal.o(.text.HAL_SetTickFreq) refers to tick.o(.text.HAL_InitTick) for HAL_InitTick
    stm32l5xx_hal.o(.text.HAL_SetTickFreq) refers to stm32l5xx_hal.o(.data..L_MergedGlobals) for [Anonymous Symbol]
    stm32l5xx_hal.o(.ARM.exidx.text.HAL_SetTickFreq) refers to stm32l5xx_hal.o(.text.HAL_SetTickFreq) for [Anonymous Symbol]
    stm32l5xx_hal.o(.text.HAL_GetTickFreq) refers to stm32l5xx_hal.o(.data..L_MergedGlobals) for [Anonymous Symbol]
    stm32l5xx_hal.o(.ARM.exidx.text.HAL_GetTickFreq) refers to stm32l5xx_hal.o(.text.HAL_GetTickFreq) for [Anonymous Symbol]
    stm32l5xx_hal.o(.text.HAL_Delay) refers to tick.o(.text.HAL_GetTick) for HAL_GetTick
    stm32l5xx_hal.o(.text.HAL_Delay) refers to stm32l5xx_hal.o(.data..L_MergedGlobals) for [Anonymous Symbol]
    stm32l5xx_hal.o(.ARM.exidx.text.HAL_Delay) refers to stm32l5xx_hal.o(.text.HAL_Delay) for [Anonymous Symbol]
    stm32l5xx_hal.o(.ARM.exidx.text.HAL_SuspendTick) refers to stm32l5xx_hal.o(.text.HAL_SuspendTick) for [Anonymous Symbol]
    stm32l5xx_hal.o(.ARM.exidx.text.HAL_ResumeTick) refers to stm32l5xx_hal.o(.text.HAL_ResumeTick) for [Anonymous Symbol]
    stm32l5xx_hal.o(.ARM.exidx.text.HAL_GetHalVersion) refers to stm32l5xx_hal.o(.text.HAL_GetHalVersion) for [Anonymous Symbol]
    stm32l5xx_hal.o(.ARM.exidx.text.HAL_GetREVID) refers to stm32l5xx_hal.o(.text.HAL_GetREVID) for [Anonymous Symbol]
    stm32l5xx_hal.o(.ARM.exidx.text.HAL_GetDEVID) refers to stm32l5xx_hal.o(.text.HAL_GetDEVID) for [Anonymous Symbol]
    stm32l5xx_hal.o(.ARM.exidx.text.HAL_GetUIDw0) refers to stm32l5xx_hal.o(.text.HAL_GetUIDw0) for [Anonymous Symbol]
    stm32l5xx_hal.o(.ARM.exidx.text.HAL_GetUIDw1) refers to stm32l5xx_hal.o(.text.HAL_GetUIDw1) for [Anonymous Symbol]
    stm32l5xx_hal.o(.ARM.exidx.text.HAL_GetUIDw2) refers to stm32l5xx_hal.o(.text.HAL_GetUIDw2) for [Anonymous Symbol]
    stm32l5xx_hal.o(.ARM.exidx.text.HAL_DBGMCU_EnableDBGStopMode) refers to stm32l5xx_hal.o(.text.HAL_DBGMCU_EnableDBGStopMode) for [Anonymous Symbol]
    stm32l5xx_hal.o(.ARM.exidx.text.HAL_DBGMCU_DisableDBGStopMode) refers to stm32l5xx_hal.o(.text.HAL_DBGMCU_DisableDBGStopMode) for [Anonymous Symbol]
    stm32l5xx_hal.o(.ARM.exidx.text.HAL_DBGMCU_EnableDBGStandbyMode) refers to stm32l5xx_hal.o(.text.HAL_DBGMCU_EnableDBGStandbyMode) for [Anonymous Symbol]
[...]
    [Anonymous Symbol]                       0x0807a970   Section        0  stm32l562e_discovery_ospi.o(.text.BSP_OSPI_NOR_GetStatus)
    __arm_cp.9_0                             0x0807a9c4   Number         4  stm32l562e_discovery_ospi.o(.text.BSP_OSPI_NOR_GetStatus)
    [Anonymous Symbol]                       0x0807a9c8   Section        0  stm32l562e_discovery_ospi.o(.text.BSP_OSPI_NOR_Init)
    __arm_cp.0_1                             0x0807ac50   Number         4  stm32l562e_discovery_ospi.o(.text.BSP_OSPI_NOR_Init)
    __arm_cp.0_2                             0x0807ac54   Number         4  stm32l562e_discovery_ospi.o(.text.BSP_OSPI_NOR_Init)
    __arm_cp.0_3                             0x0807ac58   Number         4  stm32l562e_discovery_ospi.o(.text.BSP_OSPI_NOR_Init)
    [Anonymous Symbol]                       0x0807ac5c   Section        0  stm32l562e_discovery_ospi.o(.text.BSP_OSPI_NOR_Read)
    __arm_cp.5_0                             0x0807ac94   Number         4  stm32l562e_discovery_ospi.o(.text.BSP_OSPI_NOR_Read)
    [Anonymous Symbol]                       0x0807ac98   Section        0  stm32l562e_discovery_ospi.o(.text.BSP_OSPI_NOR_Write)
    __arm_cp.6_0                             0x0807ad44   Number         4  stm32l562e_discovery_ospi.o(.text.BSP_OSPI_NOR_Write)
    [Anonymous Symbol]                       0x0807ad48   Section        0  com.o(.text.COM_Flush)
    [Anonymous Symbol]                       0x0807ad60   Section        0  com.o(.text.COM_Init)
    __arm_cp.0_0                             0x0807ada4   Number         4  com.o(.text.COM_Init)
    __arm_cp.0_2                             0x0807ada8   Number         4  com.o(.text.COM_Init)
    [Anonymous Symbol]                       0x0807adac   Section        0  com.o(.text.COM_Receive)
    [Anonymous Symbol]                       0x0807adb8   Section        0  com.o(.text.COM_Transmit)
    __arm_cp.4_0                             0x0807adc4   Number         4  com.o(.text.COM_Transmit)
    CRC_Handle_16                            0x0807adc9   Thumb Code    52  stm32l5xx_hal_crc.o(.text.CRC_Handle_16)
    [Anonymous Symbol]                       0x0807adc8   Section        0  stm32l5xx_hal_crc.o(.text.CRC_Handle_16)
    CRC_Handle_8                             0x0807adfd   Thumb Code   102  stm32l5xx_hal_crc.o(.text.CRC_Handle_8)
    [Anonymous Symbol]                       0x0807adfc   Section        0  stm32l5xx_hal_crc.o(.text.CRC_Handle_8)
    FW_UPDATE_DownloadNewFirmware            0x0807ae65   Thumb Code   276  fw_update_app.o(.text.FW_UPDATE_DownloadNewFirmware)
    [Anonymous Symbol]                       0x0807ae64   Section        0  fw_update_app.o(.text.FW_UPDATE_DownloadNewFirmware)
    __arm_cp.5_1                             0x0807af00   Number         4  fw_update_app.o(.text.FW_UPDATE_DownloadNewFirmware)
    __arm_cp.5_5                             0x0807af50   Number         4  fw_update_app.o(.text.FW_UPDATE_DownloadNewFirmware)
    __arm_cp.5_7                             0x0807af6c   Number         4  fw_update_app.o(.text.FW_UPDATE_DownloadNewFirmware)
    __arm_cp.5_9                             0x0807af70   Number         4  fw_update_app.o(.text.FW_UPDATE_DownloadNewFirmware)
    __arm_cp.5_10                            0x0807af74   Number         4  fw_update_app.o(.text.FW_UPDATE_DownloadNewFirmware)
    FW_UPDATE_PrintWelcome                   0x0807af79   Thumb Code   168  fw_update_app.o(.text.FW_UPDATE_PrintWelcome)
    [Anonymous Symbol]                       0x0807af78   Section        0  fw_update_app.o(.text.FW_UPDATE_PrintWelcome)
    __arm_cp.1_0                             0x0807af94   Number         4  fw_update_app.o(.text.FW_UPDATE_PrintWelcome)
    __arm_cp.1_1                             0x0807af98   Number         4  fw_update_app.o(.text.FW_UPDATE_PrintWelcome)
    __arm_cp.1_2                             0x0807af9c   Number         4  fw_update_app.o(.text.FW_UPDATE_PrintWelcome)
    [Anonymous Symbol]                       0x0807b020   Section        0  fw_update_app.o(.text.FW_UPDATE_Run)
    __arm_cp.0_0                             0x0807b0e0   Number         4  fw_update_app.o(.text.FW_UPDATE_Run)
    __arm_cp.0_2                             0x0807b100   Number         4  fw_update_app.o(.text.FW_UPDATE_Run)
    __arm_cp.0_5                             0x0807b14c   Number         4  fw_update_app.o(.text.FW_UPDATE_Run)
    __arm_cp.0_7                             0x0807b170   Number         4  fw_update_app.o(.text.FW_UPDATE_Run)
    [Anonymous Symbol]                       0x0807b174   Section        0  stm32l5xx_hal_crc_ex.o(.text.HAL_CRCEx_Polynomial_Set)
    [Anonymous Symbol]                       0x0807b1c2   Section        0  stm32l5xx_hal_crc.o(.text.HAL_CRC_Calculate)
    [Anonymous Symbol]                       0x0807b208   Section        0  stm32l5xx_hal_crc.o(.text.HAL_CRC_Init)
    __arm_cp.0_0                             0x0807b274   Number         4  stm32l5xx_hal_crc.o(.text.HAL_CRC_Init)
    [Anonymous Symbol]                       0x0807b278   Section        0  stm32l5xx_hal_crc.o(.text.HAL_CRC_MspInit)
    [Anonymous Symbol]                       0x0807b27a   Section        0  stm32l5xx_hal_dma.o(.text.HAL_DMA_Abort)
    [Anonymous Symbol]                       0x0807b2e0   Section        0  stm32l5xx_hal.o(.text.HAL_Delay)
    __arm_cp.10_0                            0x0807b300   Number         4  stm32l5xx_hal.o(.text.HAL_Delay)
    [Anonymous Symbol]                       0x0807b304   Section        0  stm32l5xx_hal_gpio.o(.text.HAL_GPIO_DeInit)
    [Anonymous Symbol]                       0x0807b3e8   Section        0  stm32l5xx_hal_gpio.o(.text.HAL_GPIO_Init)
    __arm_cp.0_0                             0x0807b544   Number         4  stm32l5xx_hal_gpio.o(.text.HAL_GPIO_Init)
    __arm_cp.0_1                             0x0807b548   Number         4  stm32l5xx_hal_gpio.o(.text.HAL_GPIO_Init)
    __arm_cp.0_2                             0x0807b54c   Number         4  stm32l5xx_hal_gpio.o(.text.HAL_GPIO_Init)
    [Anonymous Symbol]                       0x0807b550   Section        0  tick.o(.text.HAL_GetTick)
    __arm_cp.1_0                             0x0807b590   Number         4  tick.o(.text.HAL_GetTick)
    __arm_cp.1_1                             0x0807b594   Number         4  tick.o(.text.HAL_GetTick)
    [Anonymous Symbol]                       0x0807b598   Section        0  stm32l5xx_hal.o(.text.HAL_Init)
    [Anonymous Symbol]                       0x0807b5b8   Section        0  tick.o(.text.HAL_InitTick)
    __arm_cp.0_0                             0x0807b5d0   Number         4  tick.o(.text.HAL_InitTick)
    __arm_cp.0_1                             0x0807b5d4   Number         4  tick.o(.text.HAL_InitTick)
    [Anonymous Symbol]                       0x0807b5d8   Section        0  stm32l5xx_hal.o(.text.HAL_MspInit)
    [Anonymous Symbol]                       0x0807b5dc   Section        0  stm32l5xx_hal_cortex.o(.text.HAL_NVIC_SetPriorityGrouping)
    __arm_cp.0_0                             0x0807b5f4   Number         4  stm32l5xx_hal_cortex.o(.text.HAL_NVIC_SetPriorityGrouping)
    __arm_cp.0_1                             0x0807b5f8   Number         4  stm32l5xx_hal_cortex.o(.text.HAL_NVIC_SetPriorityGrouping)
    [Anonymous Symbol]                       0x0807b5fc   Section        0  stm32l5xx_hal_ospi.o(.text.HAL_OSPI_Abort)
    [Anonymous Symbol]                       0x0807b680   Section        0  stm32l5xx_hal_ospi.o(.text.HAL_OSPI_AutoPolling)
    [Anonymous Symbol]                       0x0807b732   Section        0  stm32l5xx_hal_ospi.o(.text.HAL_OSPI_Command)
    [Anonymous Symbol]                       0x0807b7e8   Section        0  stm32l5xx_hal_ospi.o(.text.HAL_OSPI_DeInit)
    [Anonymous Symbol]                       0x0807b810   Section        0  stm32l5xx_hal_ospi.o(.text.HAL_OSPI_Init)
    __arm_cp.0_0                             0x0807b8fc   Number         4  stm32l5xx_hal_ospi.o(.text.HAL_OSPI_Init)
    __arm_cp.0_1                             0x0807b900   Number         4  stm32l5xx_hal_ospi.o(.text.HAL_OSPI_Init)
    [Anonymous Symbol]                       0x0807b904   Section        0  stm32l5xx_hal_ospi.o(.text.HAL_OSPI_MspDeInit)
    [Anonymous Symbol]                       0x0807b906   Section        0  stm32l5xx_hal_ospi.o(.text.HAL_OSPI_MspInit)
    [Anonymous Symbol]                       0x0807b908   Section        0  stm32l5xx_hal_ospi.o(.text.HAL_OSPI_Receive)
    [Anonymous Symbol]                       0x0807b9b8   Section        0  stm32l5xx_hal_ospi.o(.text.HAL_OSPI_Transmit)
    [Anonymous Symbol]                       0x0807ba48   Section        0  stm32l5xx_hal_rcc.o(.text.HAL_RCC_GetHCLKFreq)
    __arm_cp.3_1                             0x0807ba60   Number         4  stm32l5xx_hal_rcc.o(.text.HAL_RCC_GetHCLKFreq)
    [Anonymous Symbol]                       0x0807ba64   Section        0  stm32l5xx_hal_rcc.o(.text.HAL_RCC_GetPCLK1Freq)
    [Anonymous Symbol]                       0x0807ba7c   Section        0  stm32l5xx_hal_rcc.o(.text.HAL_RCC_GetPCLK2Freq)
    __arm_cp.8_0                             0x0807ba94   Number         4  stm32l5xx_hal_rcc.o(.text.HAL_RCC_GetPCLK2Freq)
    __arm_cp.8_1                             0x0807ba98   Number         4  stm32l5xx_hal_rcc.o(.text.HAL_RCC_GetPCLK2Freq)
    [Anonymous Symbol]                       0x0807ba9c   Section        0  stm32l5xx_hal_rcc.o(.text.HAL_RCC_GetSysClockFreq)
    __arm_cp.5_0                             0x0807bb1c   Number         4  stm32l5xx_hal_rcc.o(.text.HAL_RCC_GetSysClockFreq)
    __arm_cp.5_1                             0x0807bb20   Number         4  stm32l5xx_hal_rcc.o(.text.HAL_RCC_GetSysClockFreq)
    __arm_cp.5_2                             0x0807bb24   Number         4  stm32l5xx_hal_rcc.o(.text.HAL_RCC_GetSysClockFreq)
    [Anonymous Symbol]                       0x0807bb28   Section        0  stm32l5xx_hal_uart.o(.text.HAL_UART_Init)
    [Anonymous Symbol]                       0x0807bb8c   Section        0  com.o(.text.HAL_UART_MspInit)
    __arm_cp.2_0                             0x0807bc18   Number         4  com.o(.text.HAL_UART_MspInit)
    __arm_cp.2_1                             0x0807bc1c   Number         4  com.o(.text.HAL_UART_MspInit)
    __arm_cp.2_2                             0x0807bc20   Number         4  com.o(.text.HAL_UART_MspInit)
    [Anonymous Symbol]                       0x0807bc24   Section        0  stm32l5xx_hal_uart.o(.text.HAL_UART_Receive)
    [Anonymous Symbol]                       0x0807bd0e   Section        0  stm32l5xx_hal_uart.o(.text.HAL_UART_Transmit)
    [Anonymous Symbol]                       0x0807bddc   Section        0  mx25lm51245g.o(.text.MX25LM51245G_AutoPollingMemReady)
    [Anonymous Symbol]                       0x0807beb6   Section        0  mx25lm51245g.o(.text.MX25LM51245G_BlockErase)
    [Anonymous Symbol]                       0x0807bf82   Section        0  mx25lm51245g.o(.text.MX25LM51245G_GetFlashInfo)
    [Anonymous Symbol]                       0x0807bfb6   Section        0  mx25lm51245g.o(.text.MX25LM51245G_PageProgram)
    [Anonymous Symbol]                       0x0807c06e   Section        0  mx25lm51245g.o(.text.MX25LM51245G_PageProgramDTR)
    [Anonymous Symbol]                       0x0807c0f2   Section        0  mx25lm51245g.o(.text.MX25LM51245G_ReadCfg2Register)
    [Anonymous Symbol]                       0x0807c1be   Section        0  mx25lm51245g.o(.text.MX25LM51245G_ReadDTR)
    [Anonymous Symbol]                       0x0807c248   Section        0  mx25lm51245g.o(.text.MX25LM51245G_ReadSTR)
    [Anonymous Symbol]                       0x0807c30a   Section        0  mx25lm51245g.o(.text.MX25LM51245G_ReadSecurityRegister)
    [Anonymous Symbol]                       0x0807c3ce   Section        0  mx25lm51245g.o(.text.MX25LM51245G_ReadStatusRegister)
    [Anonymous Symbol]                       0x0807c492   Section        0  mx25lm51245g.o(.text.MX25LM51245G_ResetEnable)
    [Anonymous Symbol]                       0x0807c506   Section        0  mx25lm51245g.o(.text.MX25LM51245G_ResetMemory)
    [Anonymous Symbol]                       0x0807c57a   Section        0  mx25lm51245g.o(.text.MX25LM51245G_WriteCfg2Register)
    [Anonymous Symbol]                       0x0807c642   Section        0  mx25lm51245g.o(.text.MX25LM51245G_WriteEnable)
    [Anonymous Symbol]                       0x0807c750   Section        0  stm32l562e_discovery_ospi.o(.text.MX_OSPI_NOR_Init)
    __arm_cp.1_0                             0x0807c790   Number         4  stm32l562e_discovery_ospi.o(.text.MX_OSPI_NOR_Init)
    OSPI_ConfigCmd                           0x0807c795   Thumb Code   444  stm32l5xx_hal_ospi.o(.text.OSPI_ConfigCmd)
    [Anonymous Symbol]                       0x0807c794   Section        0  stm32l5xx_hal_ospi.o(.text.OSPI_ConfigCmd)
    __arm_cp.17_0                            0x0807c94c   Number         4  stm32l5xx_hal_ospi.o(.text.OSPI_ConfigCmd)
    OSPI_NOR_EnterDOPIMode                   0x0807c951   Thumb Code   168  stm32l562e_discovery_ospi.o(.text.OSPI_NOR_EnterDOPIMode)
    [Anonymous Symbol]                       0x0807c950   Section        0  stm32l562e_discovery_ospi.o(.text.OSPI_NOR_EnterDOPIMode)
    OSPI_NOR_EnterSOPIMode                   0x0807c9f9   Thumb Code   140  stm32l562e_discovery_ospi.o(.text.OSPI_NOR_EnterSOPIMode)
    [Anonymous Symbol]                       0x0807c9f8   Section        0  stm32l562e_discovery_ospi.o(.text.OSPI_NOR_EnterSOPIMode)
    __arm_cp.14_0                            0x0807ca80   Number         4  stm32l562e_discovery_ospi.o(.text.OSPI_NOR_EnterSOPIMode)
    OSPI_WaitFlagStateUntilTimeout           0x0807ca85   Thumb Code    82  stm32l5xx_hal_ospi.o(.text.OSPI_WaitFlagStateUntilTimeout)
    [Anonymous Symbol]                       0x0807ca84   Section        0  stm32l5xx_hal_ospi.o(.text.OSPI_WaitFlagStateUntilTimeout)
    Ospi_Flash_EraseChip                     0x0807cad7   Thumb Code     6  low_level_ospi_flash.o(.text.Ospi_Flash_EraseChip)
    [Anonymous Symbol]                       0x0807cad6   Section        0  low_level_ospi_flash.o(.text.Ospi_Flash_EraseChip)
    Ospi_Flash_EraseSector                   0x0807cadd   Thumb Code   104  low_level_ospi_flash.o(.text.Ospi_Flash_EraseSector)
    [Anonymous Symbol]                       0x0807cadc   Section        0  low_level_ospi_flash.o(.text.Ospi_Flash_EraseSector)
    __arm_cp.7_1                             0x0807cb40   Number         4  low_level_ospi_flash.o(.text.Ospi_Flash_EraseSector)
    Ospi_Flash_GetCapabilities               0x0807cb45   Thumb Code     4  low_level_ospi_flash.o(.text.Ospi_Flash_GetCapabilities)
    [Anonymous Symbol]                       0x0807cb44   Section        0  low_level_ospi_flash.o(.text.Ospi_Flash_GetCapabilities)
    Ospi_Flash_GetInfo                       0x0807cb49   Thumb Code     8  low_level_ospi_flash.o(.text.Ospi_Flash_GetInfo)
    [Anonymous Symbol]                       0x0807cb48   Section        0  low_level_ospi_flash.o(.text.Ospi_Flash_GetInfo)
    __arm_cp.10_0                            0x0807cb4c   Number         4  low_level_ospi_flash.o(.text.Ospi_Flash_GetInfo)
    Ospi_Flash_GetStatus                     0x0807cb51   Thumb Code    12  low_level_ospi_flash.o(.text.Ospi_Flash_GetStatus)
    [Anonymous Symbol]                       0x0807cb50   Section        0  low_level_ospi_flash.o(.text.Ospi_Flash_GetStatus)
    Ospi_Flash_GetVersion                    0x0807cb5d   Thumb Code     8  low_level_ospi_flash.o(.text.Ospi_Flash_GetVersion)
    [Anonymous Symbol]                       0x0807cb5c   Section        0  low_level_ospi_flash.o(.text.Ospi_Flash_GetVersion)
    __arm_cp.0_0                             0x0807cb60   Number         4  low_level_ospi_flash.o(.text.Ospi_Flash_GetVersion)
    Ospi_Flash_Initialize                    0x0807cb65   Thumb Code    28  low_level_ospi_flash.o(.text.Ospi_Flash_Initialize)
    [Anonymous Symbol]                       0x0807cb64   Section        0  low_level_ospi_flash.o(.text.Ospi_Flash_Initialize)
    Ospi_Flash_PowerControl                  0x0807cb81   Thumb Code    32  low_level_ospi_flash.o(.text.Ospi_Flash_PowerControl)
    [Anonymous Symbol]                       0x0807cb80   Section        0  low_level_ospi_flash.o(.text.Ospi_Flash_PowerControl)
    Ospi_Flash_ProgramData                   0x0807cba1   Thumb Code   116  low_level_ospi_flash.o(.text.Ospi_Flash_ProgramData)
    [Anonymous Symbol]                       0x0807cba0   Section        0  low_level_ospi_flash.o(.text.Ospi_Flash_ProgramData)
    __arm_cp.6_1                             0x0807cc10   Number         4  low_level_ospi_flash.o(.text.Ospi_Flash_ProgramData)
    Ospi_Flash_ReadData                      0x0807cc15   Thumb Code   228  low_level_ospi_flash.o(.text.Ospi_Flash_ReadData)
    [Anonymous Symbol]                       0x0807cc14   Section        0  low_level_ospi_flash.o(.text.Ospi_Flash_ReadData)
    __arm_cp.5_0                             0x0807ccf4   Number         4  low_level_ospi_flash.o(.text.Ospi_Flash_ReadData)
    Ospi_Flash_Uninitialize                  0x0807ccf9   Thumb Code    18  low_level_ospi_flash.o(.text.Ospi_Flash_Uninitialize)
    [Anonymous Symbol]                       0x0807ccf8   Section        0  low_level_ospi_flash.o(.text.Ospi_Flash_Uninitialize)
    [Anonymous Symbol]                       0x0807cd0a   Section        0  common.o(.text.Serial_PutByte)
    [Anonymous Symbol]                       0x0807cd1e   Section        0  common.o(.text.Str2Int)
    [Anonymous Symbol]                       0x0807cdc8   Section        0  system_stm32l5xx.o(.text.SystemCoreClockUpdate)
    __arm_cp.1_0                             0x0807ce3c   Number         4  system_stm32l5xx.o(.text.SystemCoreClockUpdate)
    __arm_cp.1_1                             0x0807ce40   Number         4  system_stm32l5xx.o(.text.SystemCoreClockUpdate)
    __arm_cp.1_3                             0x0807ce44   Number         4  system_stm32l5xx.o(.text.SystemCoreClockUpdate)
    __arm_cp.1_4                             0x0807ce48   Number         4  system_stm32l5xx.o(.text.SystemCoreClockUpdate)
    [Anonymous Symbol]                       0x0807ce4c   Section        0  system_stm32l5xx.o(.text.SystemInit)
    __arm_cp.0_0                             0x0807ce58   Number         4  system_stm32l5xx.o(.text.SystemInit)
    [Anonymous Symbol]                       0x0807ce5c   Section        0  stm32l5xx_hal_uart.o(.text.UART_AdvFeatureConfig)
    [Anonymous Symbol]                       0x0807cf06   Section        0  stm32l5xx_hal_uart.o(.text.UART_CheckIdleState)
    [Anonymous Symbol]                       0x0807cf6c   Section        0  stm32l5xx_hal_uart.o(.text.UART_SetConfig)
    __arm_cp.2_0                             0x0807d14c   Number         4  stm32l5xx_hal_uart.o(.text.UART_SetConfig)
    __arm_cp.2_1                             0x0807d150   Number         4  stm32l5xx_hal_uart.o(.text.UART_SetConfig)
    __arm_cp.2_2                             0x0807d154   Number         4  stm32l5xx_hal_uart.o(.text.UART_SetConfig)
    __arm_cp.2_3                             0x0807d158   Number         4  stm32l5xx_hal_uart.o(.text.UART_SetConfig)
    __arm_cp.2_4                             0x0807d15c   Number         4  stm32l5xx_hal_uart.o(.text.UART_SetConfig)
    __arm_cp.2_5                             0x0807d160   Number         4  stm32l5xx_hal_uart.o(.text.UART_SetConfig)
    __arm_cp.2_6                             0x0807d164   Number         4  stm32l5xx_hal_uart.o(.text.UART_SetConfig)
    __arm_cp.2_7                             0x0807d168   Number         4  stm32l5xx_hal_uart.o(.text.UART_SetConfig)
    __arm_cp.2_8                             0x0807d16c   Number         4  stm32l5xx_hal_uart.o(.text.UART_SetConfig)
    __arm_cp.2_9                             0x0807d170   Number         4  stm32l5xx_hal_uart.o(.text.UART_SetConfig)
    __arm_cp.2_11                            0x0807d184   Number         4  stm32l5xx_hal_uart.o(.text.UART_SetConfig)
    __arm_cp.2_12                            0x0807d188   Number         4  stm32l5xx_hal_uart.o(.text.UART_SetConfig)
    __arm_cp.2_13                            0x0807d18c   Number         4  stm32l5xx_hal_uart.o(.text.UART_SetConfig)
    [Anonymous Symbol]                       0x0807d190   Section        0  stm32l5xx_hal_uart.o(.text.UART_WaitOnFlagUntilTimeout)
    [Anonymous Symbol]                       0x0807d230   Section        0  fw_update_app.o(.text.Ymodem_DataPktRxCpltCallback)
    [Anonymous Symbol]                       0x0807d29c   Section        0  fw_update_app.o(.text.Ymodem_HeaderPktRxCpltCallback)
    __arm_cp.3_0                             0x0807d2d8   Number         4  fw_update_app.o(.text.Ymodem_HeaderPktRxCpltCallback)
    __arm_cp.3_1                             0x0807d2dc   Number         4  fw_update_app.o(.text.Ymodem_HeaderPktRxCpltCallback)
    [Anonymous Symbol]                       0x0807d2e0   Section        0  ymodem.o(.text.Ymodem_Init)
    __arm_cp.0_0                             0x0807d324   Number         4  ymodem.o(.text.Ymodem_Init)
    __arm_cp.0_2                             0x0807d328   Number         4  ymodem.o(.text.Ymodem_Init)
    [Anonymous Symbol]                       0x0807d32c   Section        0  ymodem.o(.text.Ymodem_Receive)
    __arm_cp.1_1                             0x0807d654   Number         4  ymodem.o(.text.Ymodem_Receive)
    __arm_cp.1_2                             0x0807d658   Number         4  ymodem.o(.text.Ymodem_Receive)
    __NVIC_SystemReset                       0x0807d661   Thumb Code    36  fw_update_app.o(.text.__NVIC_SystemReset)
    [Anonymous Symbol]                       0x0807d660   Section        0  fw_update_app.o(.text.__NVIC_SystemReset)
    __arm_cp.2_0                             0x0807d67c   Number         4  fw_update_app.o(.text.__NVIC_SystemReset)
    __arm_cp.2_1                             0x0807d680   Number         4  fw_update_app.o(.text.__NVIC_SystemReset)
    [Anonymous Symbol]                       0x0807d684   Section        0  main.o(.text.fputc)
    [Anonymous Symbol]                       0x0807d6a0   Section        0  main.o(.text.main)
    __arm_cp.1_0                             0x0807d6dc   Number         4  main.o(.text.main)
    __arm_cp.1_1                             0x0807d6e0   Number         4  main.o(.text.main)
    __arm_cp.1_2                             0x0807d6e4   Number         4  main.o(.text.main)
    __arm_cp.1_3                             0x0807d6e8   Number         4  main.o(.text.main)
    __arm_cp.1_4                             0x0807d6ec   Number         4  main.o(.text.main)
    __arm_cp.1_6                             0x0807d6f4   Number         4  main.o(.text.main)
    $v0                                      0x0807d714   Number         0  fpinit.o(x$fpl$fpinit)
    x$fpl$fpinit                             0x0807d714   Section       26  fpinit.o(x$fpl$fpinit)
    uc_hextab                                0x0807d72e   Data          20  _printf_hex_int.o(.constdata)
    .constdata                               0x0807d72e   Section       40  _printf_hex_int.o(.constdata)
    lc_hextab                                0x0807d742   Data          20  _printf_hex_int.o(.constdata)
    ARM_OSPI_FLASH0_DEV_DATA                 0x0807d770   Data          24  low_level_ospi_flash.o(.rodata.ARM_OSPI_FLASH0_DEV_DATA)
    [Anonymous Symbol]                       0x0807d770   Section        0  low_level_ospi_flash.o(.rodata.ARM_OSPI_FLASH0_DEV_DATA)
    .Lswitch.table.UART_SetConfig.5          0x0807d81c   Data          16  stm32l5xx_hal_uart.o(.rodata.cst16)
    .L.str.2                                 0x0807d82c   Data          73  main.o(.rodata.str1.1)
    [Anonymous Symbol]                       0x0807d82c   Section        0  main.o(.rodata.str1.1)
    .L.str.3                                 0x0807d875   Data          73  main.o(.rodata.str1.1)
    .L.str.1                                 0x0807d8be   Data          73  main.o(.rodata.str1.1)
    .L.str                                   0x0807d907   Data          73  main.o(.rodata.str1.1)
    .L.str.9                                 0x0807d950   Data          31  fw_update_app.o(.rodata.str1.1)
    [Anonymous Symbol]                       0x0807d950   Section        0  fw_update_app.o(.rodata.str1.1)
    .Lstr.23                                 0x0807d96f   Data          42  fw_update_app.o(.rodata.str1.1)
    .Lstr.29                                 0x0807d999   Data          41  fw_update_app.o(.rodata.str1.1)
    .Lstr.31                                 0x0807d9c2   Data          46  fw_update_app.o(.rodata.str1.1)
    .Lstr.19                                 0x0807d9f0   Data          62  fw_update_app.o(.rodata.str1.1)
    .Lstr.18                                 0x0807da2e   Data          63  fw_update_app.o(.rodata.str1.1)
    .L.str.1                                 0x0807da6d   Data          18  fw_update_app.o(.rodata.str1.1)
    [Anonymous Symbol]                       0x20000000   Section        0  stm32l5xx_hal.o(.data..L_MergedGlobals)
    erase_vect                               0x20000020   Data           8  low_level_ospi_device.o(.data.erase_vect)
    [Anonymous Symbol]                       0x20000020   Section        0  low_level_ospi_device.o(.data.erase_vect)
    write_vect                               0x20000028   Data           8  low_level_ospi_device.o(.data.write_vect)
    [Anonymous Symbol]                       0x20000028   Section        0  low_level_ospi_device.o(.data.write_vect)
    BSP_OSPI_NOR_GetStatus.reg               0x20000030   Data           2  stm32l562e_discovery_ospi.o(.bss..L_MergedGlobals)
    [Anonymous Symbol]                       0x20000030   Section        0  stm32l562e_discovery_ospi.o(.bss..L_MergedGlobals)
    m_uFileSizeYmodem                        0x20000090   Data           4  fw_update_app.o(.bss..L_MergedGlobals)
    [Anonymous Symbol]                       0x20000090   Section        0  fw_update_app.o(.bss..L_MergedGlobals)
    m_uPacketsReceived                       0x20000094   Data           4  fw_update_app.o(.bss..L_MergedGlobals)
    m_uNbrBlocksYmodem                       0x20000098   Data           4  fw_update_app.o(.bss..L_MergedGlobals)
    m_uFlashSectorSize                       0x2000009c   Data           4  fw_update_app.o(.bss..L_MergedGlobals)
    m_uFlashMinWriteSize                     0x200000a0   Data           4  fw_update_app.o(.bss..L_MergedGlobals)
    CrcHandle                                0x200000a4   Data          36  ymodem.o(.bss..L_MergedGlobals)
    [Anonymous Symbol]                       0x200000a4   Section        0  ymodem.o(.bss..L_MergedGlobals)
    HAL_GetTick.m_uTick                      0x2000010c   Data           4  tick.o(.bss..L_MergedGlobals)
    [Anonymous Symbol]                       0x2000010c   Section        0  tick.o(.bss..L_MergedGlobals)
    HAL_GetTick.t1                           0x20000110   Data           4  tick.o(.bss..L_MergedGlobals)
    HAL_GetTick.tdelta                       0x20000114   Data           4  tick.o(.bss..L_MergedGlobals)
    ARM_OSPI_FLASH0_STATUS                   0x20000118   Data           4  low_level_ospi_flash.o(.bss.ARM_OSPI_FLASH0_STATUS)
    [Anonymous Symbol]                       0x20000118   Section        0  low_level_ospi_flash.o(.bss.ARM_OSPI_FLASH0_STATUS)
    UartHandle                               0x2000011c   Data         144  com.o(.bss.UartHandle)
    [Anonymous Symbol]                       0x2000011c   Section        0  com.o(.bss.UartHandle)
    m_aPacketData                            0x20000200   Data        1030  ymodem.o(.bss.m_aPacketData)
    [Anonymous Symbol]                       0x20000200   Section        0  ymodem.o(.bss.m_aPacketData)

    Global Symbols

    Symbol Name                              Value     Ov Type        Size  Object(Section)

    BuildAttributes$$THM_ISAv4$E$P$D$K$B$S$7EM$8M$VFPi5$EXTD16$VFPS$VFMA$PE$A:L22UL41UL21$X:L11$S22US41US21$IEEE1$IW$~IW$USESV6$~STKCKD$USESV7$~SHL$OSPACE$ROPI$EBA8$UX$STANDARDLIB$REQ8$PRES8$EABIv2 0x00000000   Number         0  anon$$obj.o ABSOLUTE
    __ARM_exceptions_init                     - Undefined Weak Reference
    __alloca_initialize                       - Undefined Weak Reference
    __arm_preinit_                            - Undefined Weak Reference
    __cpp_initialize__aeabi_                  - Undefined Weak Reference
    __cxa_finalize                            - Undefined Weak Reference
    __rt_locale                               - Undefined Weak Reference
    __sigvec_lookup                           - Undefined Weak Reference
    _atexit_init                              - Undefined Weak Reference
    _call_atexit_fns                          - Undefined Weak Reference
    _clock_init                               - Undefined Weak Reference
    _fp_trap_init                             - Undefined Weak Reference
    _fp_trap_shutdown                         - Undefined Weak Reference
    _get_lc_collate                           - Undefined Weak Reference
    _get_lc_ctype                             - Undefined Weak Reference
    _get_lc_monetary                          - Undefined Weak Reference
    _get_lc_numeric                           - Undefined Weak Reference
    _get_lc_time                              - Undefined Weak Reference
    _getenv_init                              - Undefined Weak Reference
    _handle_redirection                       - Undefined Weak Reference
    _init_alloc                               - Undefined Weak Reference
    _init_user_alloc                          - Undefined Weak Reference
    _initio                                   - Undefined Weak Reference
    _mutex_acquire                            - Undefined Weak Reference
    _mutex_release                            - Undefined Weak Reference
    _printf_post_padding                      - Undefined Weak Reference
    _printf_pre_padding                       - Undefined Weak Reference
    _printf_truncate_signed                   - Undefined Weak Reference
    _printf_truncate_unsigned                 - Undefined Weak Reference
    _rand_init                                - Undefined Weak Reference
    _signal_finish                            - Undefined Weak Reference
    _signal_init                              - Undefined Weak Reference
    _terminate_alloc                          - Undefined Weak Reference
    _terminate_user_alloc                     - Undefined Weak Reference
    _terminateio                              - Undefined Weak Reference
    __Vectors_Size                           0x000001f4   Number         0  startup_stm32l562xx.o ABSOLUTE
    __Vectors                                0x0807a000   Data           4  startup_stm32l562xx.o(RESET)
    __Vectors_End                            0x0807a1f4   Data           0  startup_stm32l562xx.o(RESET)
    __main                                   0x0807a1f5   Thumb Code     8  __main.o(!!!main)
    __scatterload                            0x0807a1fd   Thumb Code     0  __scatter.o(!!!scatter)
    __scatterload_rt2                        0x0807a1fd   Thumb Code    44  __scatter.o(!!!scatter)
    __scatterload_rt2_thumb_only             0x0807a1fd   Thumb Code     0  __scatter.o(!!!scatter)
    __scatterload_null                       0x0807a20b   Thumb Code     0  __scatter.o(!!!scatter)
    __scatterload_copy                       0x0807a231   Thumb Code    26  __scatter_copy.o(!!handler_copy)
    __scatterload_zeroinit                   0x0807a24d   Thumb Code    28  __scatter_zi.o(!!handler_zi)
    _printf_percent                          0x0807a269   Thumb Code     0  _printf_percent.o(.ARM.Collect$$_printf_percent$$00000000)
    _printf_u                                0x0807a269   Thumb Code     0  _printf_u.o(.ARM.Collect$$_printf_percent$$0000000A)
    _printf_x                                0x0807a26f   Thumb Code     0  _printf_x.o(.ARM.Collect$$_printf_percent$$0000000C)
    _printf_percent_end                      0x0807a275   Thumb Code     0  _printf_percent_end.o(.ARM.Collect$$_printf_percent$$00000017)
    __rt_lib_init                            0x0807a279   Thumb Code     0  libinit.o(.ARM.Collect$$libinit$$00000000)
    __rt_lib_init_fp_1                       0x0807a27b   Thumb Code     0  libinit2.o(.ARM.Collect$$libinit$$00000001)
    __rt_lib_init_alloca_1                   0x0807a27f   Thumb Code     0  libinit2.o(.ARM.Collect$$libinit$$0000002E)
    __rt_lib_init_argv_1                     0x0807a27f   Thumb Code     0  libinit2.o(.ARM.Collect$$libinit$$0000002C)
    __rt_lib_init_atexit_1                   0x0807a27f   Thumb Code     0  libinit2.o(.ARM.Collect$$libinit$$0000001B)
    __rt_lib_init_clock_1                    0x0807a27f   Thumb Code     0  libinit2.o(.ARM.Collect$$libinit$$00000021)
    __rt_lib_init_cpp_1                      0x0807a27f   Thumb Code     0  libinit2.o(.ARM.Collect$$libinit$$00000032)
    __rt_lib_init_exceptions_1               0x0807a27f   Thumb Code     0  libinit2.o(.ARM.Collect$$libinit$$00000030)
    __rt_lib_init_fp_trap_1                  0x0807a27f   Thumb Code     0  libinit2.o(.ARM.Collect$$libinit$$0000001F)
    __rt_lib_init_getenv_1                   0x0807a27f   Thumb Code     0  libinit2.o(.ARM.Collect$$libinit$$00000023)
    __rt_lib_init_heap_1                     0x0807a27f   Thumb Code     0  libinit2.o(.ARM.Collect$$libinit$$0000000A)
    __rt_lib_init_lc_collate_1               0x0807a27f   Thumb Code     0  libinit2.o(.ARM.Collect$$libinit$$00000011)
    __rt_lib_init_lc_ctype_1                 0x0807a27f   Thumb Code     0  libinit2.o(.ARM.Collect$$libinit$$00000013)
    __rt_lib_init_lc_monetary_1              0x0807a27f   Thumb Code     0  libinit2.o(.ARM.Collect$$libinit$$00000015)
    __rt_lib_init_lc_numeric_1               0x0807a27f   Thumb Code     0  libinit2.o(.ARM.Collect$$libinit$$00000017)
    __rt_lib_init_lc_time_1                  0x0807a27f   Thumb Code     0  libinit2.o(.ARM.Collect$$libinit$$00000019)
    __rt_lib_init_preinit_1                  0x0807a27f   Thumb Code     0  libinit2.o(.ARM.Collect$$libinit$$00000004)
    __rt_lib_init_rand_1                     0x0807a27f   Thumb Code     0  libinit2.o(.ARM.Collect$$libinit$$0000000E)
    __rt_lib_init_return                     0x0807a27f   Thumb Code     0  libinit2.o(.ARM.Collect$$libinit$$00000033)
    __rt_lib_init_signal_1                   0x0807a27f   Thumb Code     0  libinit2.o(.ARM.Collect$$libinit$$0000001D)
    __rt_lib_init_stdio_1                    0x0807a27f   Thumb Code     0  libinit2.o(.ARM.Collect$$libinit$$00000025)
    __rt_lib_init_user_alloc_1               0x0807a27f   Thumb Code     0  libinit2.o(.ARM.Collect$$libinit$$0000000C)
    __rt_lib_shutdown                        0x0807a281   Thumb Code     0  libshutdown.o(.ARM.Collect$$libshutdown$$00000000)
    __rt_lib_shutdown_cpp_1                  0x0807a283   Thumb Code     0  libshutdown2.o(.ARM.Collect$$libshutdown$$00000002)
    __rt_lib_shutdown_fp_trap_1              0x0807a283   Thumb Code     0  libshutdown2.o(.ARM.Collect$$libshutdown$$00000007)
    __rt_lib_shutdown_heap_1                 0x0807a283   Thumb Code     0  libshutdown2.o(.ARM.Collect$$libshutdown$$0000000F)
    __rt_lib_shutdown_return                 0x0807a283   Thumb Code     0  libshutdown2.o(.ARM.Collect$$libshutdown$$00000010)
    __rt_lib_shutdown_signal_1               0x0807a283   Thumb Code     0  libshutdown2.o(.ARM.Collect$$libshutdown$$0000000A)
    __rt_lib_shutdown_stdio_1                0x0807a283   Thumb Code     0  libshutdown2.o(.ARM.Collect$$libshutdown$$00000004)
    __rt_lib_shutdown_user_alloc_1           0x0807a283   Thumb Code     0  libshutdown2.o(.ARM.Collect$$libshutdown$$0000000C)
    __rt_entry                               0x0807a285   Thumb Code     0  __rtentry.o(.ARM.Collect$$rtentry$$00000000)
    __rt_entry_presh_1                       0x0807a285   Thumb Code     0  __rtentry2.o(.ARM.Collect$$rtentry$$00000002)
    __rt_entry_sh                            0x0807a285   Thumb Code     0  __rtentry7.o(.ARM.Collect$$rtentry$$00000007)
    __rt_entry_li                            0x0807a289   Thumb Code     0  __rtentry2.o(.ARM.Collect$$rtentry$$0000000A)
    __rt_entry_postsh_1                      0x0807a289   Thumb Code     0  __rtentry2.o(.ARM.Collect$$rtentry$$00000009)
    __rt_entry_main                          0x0807a28d   Thumb Code     0  __rtentry2.o(.ARM.Collect$$rtentry$$0000000D)
    __rt_entry_postli_1                      0x0807a28d   Thumb Code     0  __rtentry2.o(.ARM.Collect$$rtentry$$0000000C)
    __rt_exit                                0x0807a299   Thumb Code     0  rtexit.o(.ARM.Collect$$rtexit$$00000000)
    __rt_exit_ls                             0x0807a29b   Thumb Code     0  rtexit2.o(.ARM.Collect$$rtexit$$00000003)
    __rt_exit_prels_1                        0x0807a29b   Thumb Code     0  rtexit2.o(.ARM.Collect$$rtexit$$00000002)
    __rt_exit_exit                           0x0807a29f   Thumb Code     0  rtexit2.o(.ARM.Collect$$rtexit$$00000004)
    Reset_Handler                            0x0807a2a5   Thumb Code     8  startup_stm32l562xx.o(.text)
    NMI_Handler                              0x0807a2ad   Thumb Code     2  startup_stm32l562xx.o(.text)
    HardFault_Handler                        0x0807a2af   Thumb Code     2  startup_stm32l562xx.o(.text)
    MemManage_Handler                        0x0807a2b1   Thumb Code     2  startup_stm32l562xx.o(.text)
    BusFault_Handler                         0x0807a2b3   Thumb Code     2  startup_stm32l562xx.o(.text)
    UsageFault_Handler                       0x0807a2b5   Thumb Code     2  startup_stm32l562xx.o(.text)
    SecureFault_Handler                      0x0807a2b7   Thumb Code     2  startup_stm32l562xx.o(.text)
    SVC_Handler                              0x0807a2b9   Thumb Code     2  startup_stm32l562xx.o(.text)
    DebugMon_Handler                         0x0807a2bb   Thumb Code     2  startup_stm32l562xx.o(.text)
    PendSV_Handler                           0x0807a2bd   Thumb Code     2  startup_stm32l562xx.o(.text)
    SysTick_Handler                          0x0807a2bf   Thumb Code     2  startup_stm32l562xx.o(.text)
    ADC1_2_IRQHandler                        0x0807a2c1   Thumb Code     0  startup_stm32l562xx.o(.text)
    AES_IRQHandler                           0x0807a2c1   Thumb Code     0  startup_stm32l562xx.o(.text)
    COMP_IRQHandler                          0x0807a2c1   Thumb Code     0  startup_stm32l562xx.o(.text)
    CRS_IRQHandler                           0x0807a2c1   Thumb Code     0  startup_stm32l562xx.o(.text)
    DAC_IRQHandler                           0x0807a2c1   Thumb Code     0  startup_stm32l562xx.o(.text)
    DFSDM1_FLT0_IRQHandler                   0x0807a2c1   Thumb Code     0  startup_stm32l562xx.o(.text)
    DFSDM1_FLT1_IRQHandler                   0x0807a2c1   Thumb Code     0  startup_stm32l562xx.o(.text)
    DFSDM1_FLT2_IRQHandler                   0x0807a2c1   Thumb Code     0  startup_stm32l562xx.o(.text)
    DFSDM1_FLT3_IRQHandler                   0x0807a2c1   Thumb Code     0  startup_stm32l562xx.o(.text)
    DMA1_Channel1_IRQHandler                 0x0807a2c1   Thumb Code     0  startup_stm32l562xx.o(.text)
    DMA1_Channel2_IRQHandler                 0x0807a2c1   Thumb Code     0  startup_stm32l562xx.o(.text)
    DMA1_Channel3_IRQHandler                 0x0807a2c1   Thumb Code     0  startup_stm32l562xx.o(.text)
    DMA1_Channel4_IRQHandler                 0x0807a2c1   Thumb Code     0  startup_stm32l562xx.o(.text)
    DMA1_Channel5_IRQHandler                 0x0807a2c1   Thumb Code     0  startup_stm32l562xx.o(.text)
    DMA1_Channel6_IRQHandler                 0x0807a2c1   Thumb Code     0  startup_stm32l562xx.o(.text)
    DMA1_Channel7_IRQHandler                 0x0807a2c1   Thumb Code     0  startup_stm32l562xx.o(.text)
    DMA1_Channel8_IRQHandler                 0x0807a2c1   Thumb Code     0  startup_stm32l562xx.o(.text)
    DMA2_Channel1_IRQHandler                 0x0807a2c1   Thumb Code     0  startup_stm32l562xx.o(.text)
    DMA2_Channel2_IRQHandler                 0x0807a2c1   Thumb Code     0  startup_stm32l562xx.o(.text)
    DMA2_Channel3_IRQHandler                 0x0807a2c1   Thumb Code     0  startup_stm32l562xx.o(.text)
    DMA2_Channel4_IRQHandler                 0x0807a2c1   Thumb Code     0  startup_stm32l562xx.o(.text)
    DMA2_Channel5_IRQHandler                 0x0807a2c1   Thumb Code     0  startup_stm32l562xx.o(.text)
    DMA2_Channel6_IRQHandler                 0x0807a2c1   Thumb Code     0  startup_stm32l562xx.o(.text)
    DMA2_Channel7_IRQHandler                 0x0807a2c1   Thumb Code     0  startup_stm32l562xx.o(.text)
    DMA2_Channel8_IRQHandler                 0x0807a2c1   Thumb Code     0  startup_stm32l562xx.o(.text)
    DMAMUX1_IRQHandler                       0x0807a2c1   Thumb Code     0  startup_stm32l562xx.o(.text)
    DMAMUX1_S_IRQHandler                     0x0807a2c1   Thumb Code     0  startup_stm32l562xx.o(.text)
    EXTI0_IRQHandler                         0x0807a2c1   Thumb Code     0  startup_stm32l562xx.o(.text)
    EXTI10_IRQHandler                        0x0807a2c1   Thumb Code     0  startup_stm32l562xx.o(.text)
    EXTI11_IRQHandler                        0x0807a2c1   Thumb Code     0  startup_stm32l562xx.o(.text)
    EXTI12_IRQHandler                        0x0807a2c1   Thumb Code     0  startup_stm32l562xx.o(.text)
    EXTI13_IRQHandler                        0x0807a2c1   Thumb Code     0  startup_stm32l562xx.o(.text)
    EXTI14_IRQHandler                        0x0807a2c1   Thumb Code     0  startup_stm32l562xx.o(.text)
    EXTI15_IRQHandler                        0x0807a2c1   Thumb Code     0  startup_stm32l562xx.o(.text)
    EXTI1_IRQHandler                         0x0807a2c1   Thumb Code     0  startup_stm32l562xx.o(.text)
    EXTI2_IRQHandler                         0x0807a2c1   Thumb Code     0  startup_stm32l562xx.o(.text)
    EXTI3_IRQHandler                         0x0807a2c1   Thumb Code     0  startup_stm32l562xx.o(.text)
    EXTI4_IRQHandler                         0x0807a2c1   Thumb Code     0  startup_stm32l562xx.o(.text)
    EXTI5_IRQHandler                         0x0807a2c1   Thumb Code     0  startup_stm32l562xx.o(.text)
    EXTI6_IRQHandler                         0x0807a2c1   Thumb Code     0  startup_stm32l562xx.o(.text)
    EXTI7_IRQHandler                         0x0807a2c1   Thumb Code     0  startup_stm32l562xx.o(.text)
    EXTI8_IRQHandler                         0x0807a2c1   Thumb Code     0  startup_stm32l562xx.o(.text)
    EXTI9_IRQHandler                         0x0807a2c1   Thumb Code     0  startup_stm32l562xx.o(.text)
    FDCAN1_IT0_IRQHandler                    0x0807a2c1   Thumb Code     0  startup_stm32l562xx.o(.text)
    FDCAN1_IT1_IRQHandler                    0x0807a2c1   Thumb Code     0  startup_stm32l562xx.o(.text)
    FLASH_IRQHandler                         0x0807a2c1   Thumb Code     0  startup_stm32l562xx.o(.text)
    FLASH_S_IRQHandler                       0x0807a2c1   Thumb Code     0  startup_stm32l562xx.o(.text)
    FMC_IRQHandler                           0x0807a2c1   Thumb Code     0  startup_stm32l562xx.o(.text)
    FPU_IRQHandler                           0x0807a2c1   Thumb Code     0  startup_stm32l562xx.o(.text)
    GTZC_IRQHandler                          0x0807a2c1   Thumb Code     0  startup_stm32l562xx.o(.text)
    HASH_IRQHandler                          0x0807a2c1   Thumb Code     0  startup_stm32l562xx.o(.text)
    I2C1_ER_IRQHandler                       0x0807a2c1   Thumb Code     0  startup_stm32l562xx.o(.text)
    I2C1_EV_IRQHandler                       0x0807a2c1   Thumb Code     0  startup_stm32l562xx.o(.text)
    I2C2_ER_IRQHandler                       0x0807a2c1   Thumb Code     0  startup_stm32l562xx.o(.text)
    I2C2_EV_IRQHandler                       0x0807a2c1   Thumb Code     0  startup_stm32l562xx.o(.text)
    I2C3_ER_IRQHandler                       0x0807a2c1   Thumb Code     0  startup_stm32l562xx.o(.text)
    I2C3_EV_IRQHandler                       0x0807a2c1   Thumb Code     0  startup_stm32l562xx.o(.text)
    I2C4_ER_IRQHandler                       0x0807a2c1   Thumb Code     0  startup_stm32l562xx.o(.text)
    I2C4_EV_IRQHandler                       0x0807a2c1   Thumb Code     0  startup_stm32l562xx.o(.text)
    ICACHE_IRQHandler                        0x0807a2c1   Thumb Code     0  startup_stm32l562xx.o(.text)
    LPTIM1_IRQHandler                        0x0807a2c1   Thumb Code     0  startup_stm32l562xx.o(.text)
    LPTIM2_IRQHandler                        0x0807a2c1   Thumb Code     0  startup_stm32l562xx.o(.text)
    LPTIM3_IRQHandler                        0x0807a2c1   Thumb Code     0  startup_stm32l562xx.o(.text)
    LPUART1_IRQHandler                       0x0807a2c1   Thumb Code     0  startup_stm32l562xx.o(.text)
    OCTOSPI1_IRQHandler                      0x0807a2c1   Thumb Code     0  startup_stm32l562xx.o(.text)
    OTFDEC1_IRQHandler                       0x0807a2c1   Thumb Code     0  startup_stm32l562xx.o(.text)
    PKA_IRQHandler                           0x0807a2c1   Thumb Code     0  startup_stm32l562xx.o(.text)
    PVD_PVM_IRQHandler                       0x0807a2c1   Thumb Code     0  startup_stm32l562xx.o(.text)
    RCC_IRQHandler                           0x0807a2c1   Thumb Code     0  startup_stm32l562xx.o(.text)
    RCC_S_IRQHandler                         0x0807a2c1   Thumb Code     0  startup_stm32l562xx.o(.text)
    RNG_IRQHandler                           0x0807a2c1   Thumb Code     0  startup_stm32l562xx.o(.text)
    RTC_IRQHandler                           0x0807a2c1   Thumb Code     0  startup_stm32l562xx.o(.text)
    RTC_S_IRQHandler                         0x0807a2c1   Thumb Code     0  startup_stm32l562xx.o(.text)
    SAI1_IRQHandler                          0x0807a2c1   Thumb Code     0  startup_stm32l562xx.o(.text)
    SAI2_IRQHandler                          0x0807a2c1   Thumb Code     0  startup_stm32l562xx.o(.text)
    SDMMC1_IRQHandler                        0x0807a2c1   Thumb Code     0  startup_stm32l562xx.o(.text)
    SPI1_IRQHandler                          0x0807a2c1   Thumb Code     0  startup_stm32l562xx.o(.text)
    SPI2_IRQHandler                          0x0807a2c1   Thumb Code     0  startup_stm32l562xx.o(.text)
    SPI3_IRQHandler                          0x0807a2c1   Thumb Code     0  startup_stm32l562xx.o(.text)
    TAMP_IRQHandler                          0x0807a2c1   Thumb Code     0  startup_stm32l562xx.o(.text)
    TAMP_S_IRQHandler                        0x0807a2c1   Thumb Code     0  startup_stm32l562xx.o(.text)
    TIM15_IRQHandler                         0x0807a2c1   Thumb Code     0  startup_stm32l562xx.o(.text)
    TIM16_IRQHandler                         0x0807a2c1   Thumb Code     0  startup_stm32l562xx.o(.text)
    TIM17_IRQHandler                         0x0807a2c1   Thumb Code     0  startup_stm32l562xx.o(.text)
    TIM1_BRK_IRQHandler                      0x0807a2c1   Thumb Code     0  startup_stm32l562xx.o(.text)
    TIM1_CC_IRQHandler                       0x0807a2c1   Thumb Code     0  startup_stm32l562xx.o(.text)
    TIM1_TRG_COM_IRQHandler                  0x0807a2c1   Thumb Code     0  startup_stm32l562xx.o(.text)
    TIM1_UP_IRQHandler                       0x0807a2c1   Thumb Code     0  startup_stm32l562xx.o(.text)
    TIM2_IRQHandler                          0x0807a2c1   Thumb Code     0  startup_stm32l562xx.o(.text)
    TIM3_IRQHandler                          0x0807a2c1   Thumb Code     0  startup_stm32l562xx.o(.text)
    TIM4_IRQHandler                          0x0807a2c1   Thumb Code     0  startup_stm32l562xx.o(.text)
    TIM5_IRQHandler                          0x0807a2c1   Thumb Code     0  startup_stm32l562xx.o(.text)
    TIM6_IRQHandler                          0x0807a2c1   Thumb Code     0  startup_stm32l562xx.o(.text)
    TIM7_IRQHandler                          0x0807a2c1   Thumb Code     0  startup_stm32l562xx.o(.text)
    TIM8_BRK_IRQHandler                      0x0807a2c1   Thumb Code     0  startup_stm32l562xx.o(.text)
    TIM8_CC_IRQHandler                       0x0807a2c1   Thumb Code     0  startup_stm32l562xx.o(.text)
    TIM8_TRG_COM_IRQHandler                  0x0807a2c1   Thumb Code     0  startup_stm32l562xx.o(.text)
    TIM8_UP_IRQHandler                       0x0807a2c1   Thumb Code     0  startup_stm32l562xx.o(.text)
    TSC_IRQHandler                           0x0807a2c1   Thumb Code     0  startup_stm32l562xx.o(.text)
    UART4_IRQHandler                         0x0807a2c1   Thumb Code     0  startup_stm32l562xx.o(.text)
    UART5_IRQHandler                         0x0807a2c1   Thumb Code     0  startup_stm32l562xx.o(.text)
    UCPD1_IRQHandler                         0x0807a2c1   Thumb Code     0  startup_stm32l562xx.o(.text)
    USART1_IRQHandler                        0x0807a2c1   Thumb Code     0  startup_stm32l562xx.o(.text)
    USART2_IRQHandler                        0x0807a2c1   Thumb Code     0  startup_stm32l562xx.o(.text)
    USART3_IRQHandler                        0x0807a2c1   Thumb Code     0  startup_stm32l562xx.o(.text)
    USB_FS_IRQHandler                        0x0807a2c1   Thumb Code     0  startup_stm32l562xx.o(.text)
    WWDG_IRQHandler                          0x0807a2c1   Thumb Code     0  startup_stm32l562xx.o(.text)
    __user_initial_stackheap                 0x0807a2c5   Thumb Code    12  startup_stm32l562xx.o(.text)
    __aeabi_uldivmod                         0x0807a2e9   Thumb Code     0  lludivv7m.o(.text)
    _ll_udiv                                 0x0807a2e9   Thumb Code   240  lludivv7m.o(.text)
    __2printf                                0x0807a3d9   Thumb Code    20  noretval__2printf.o(.text)
    __printf                                 0x0807a3f1   Thumb Code   104  __printf.o(.text)
    _printf_int_dec                          0x0807a459   Thumb Code   104  _printf_dec.o(.text)
    _printf_int_hex                          0x0807a4d1   Thumb Code    84  _printf_hex_int.o(.text)
    _printf_longlong_hex                     0x0807a4d1   Thumb Code     0  _printf_hex_int.o(.text)
    puts                                     0x0807a529   Thumb Code    40  puts.o(.text)
    setvbuf                                  0x0807a555   Thumb Code    70  setvbuf.o(.text)
    __aeabi_memset                           0x0807a59b   Thumb Code    16  aeabi_memset.o(.text)
    __aeabi_memclr4                          0x0807a5ab   Thumb Code     0  rt_memclr_w.o(.text)
    __aeabi_memclr8                          0x0807a5ab   Thumb Code     0  rt_memclr_w.o(.text)
    __rt_memclr_w                            0x0807a5ab   Thumb Code    78  rt_memclr_w.o(.text)
    _memset_w                                0x0807a5af   Thumb Code     0  rt_memclr_w.o(.text)
    __use_two_region_memory                  0x0807a5f9   Thumb Code     2  heapauxi.o(.text)
    __rt_heap_escrow$2region                 0x0807a5fb   Thumb Code     2  heapauxi.o(.text)
    __rt_heap_expand$2region                 0x0807a5fd   Thumb Code     2  heapauxi.o(.text)
    _printf_int_common                       0x0807a5ff   Thumb Code   178  _printf_intcommon.o(.text)
    _printf_char_file                        0x0807a6b1   Thumb Code    32  _printf_char_file.o(.text)
    __aeabi_memclr                           0x0807a6d5   Thumb Code     0  rt_memclr.o(.text)
    __rt_memclr                              0x0807a6d5   Thumb Code    68  rt_memclr.o(.text)
    _memset                                  0x0807a6d9   Thumb Code     0  rt_memclr.o(.text)
    _printf_char_common                      0x0807a723   Thumb Code    32  _printf_char_common.o(.text)
    ferror                                   0x0807a749   Thumb Code     8  ferror.o(.text)
    exit                                     0x0807a751   Thumb Code    18  exit.o(.text)
    _sys_exit                                0x0807a765   Thumb Code     8  sys_exit.o(.text)
    __I$use$semihosting                      0x0807a771   Thumb Code     0  use_no_semi.o(.text)
    __use_no_semihosting_swi                 0x0807a771   Thumb Code     2  use_no_semi.o(.text)
    __semihosting_library_function           0x0807a773   Thumb Code     0  indicate_semi.o(.text)
    BSP_OSPI_NOR_ConfigFlash                 0x0807a775   Thumb Code   208  stm32l562e_discovery_ospi.o(.text.BSP_OSPI_NOR_ConfigFlash)
    BSP_OSPI_NOR_DeInit                      0x0807a845   Thumb Code   176  stm32l562e_discovery_ospi.o(.text.BSP_OSPI_NOR_DeInit)
    BSP_OSPI_NOR_DisableMemoryMappedMode     0x0807a8f5   Thumb Code    48  stm32l562e_discovery_ospi.o(.text.BSP_OSPI_NOR_DisableMemoryMappedMode)
    BSP_OSPI_NOR_Erase_Block                 0x0807a925   Thumb Code    76  stm32l562e_discovery_ospi.o(.text.BSP_OSPI_NOR_Erase_Block)
    BSP_OSPI_NOR_GetStatus                   0x0807a971   Thumb Code    88  stm32l562e_discovery_ospi.o(.text.BSP_OSPI_NOR_GetStatus)
    BSP_OSPI_NOR_Init                        0x0807a9c9   Thumb Code   660  stm32l562e_discovery_ospi.o(.text.BSP_OSPI_NOR_Init)
    BSP_OSPI_NOR_Read                        0x0807ac5d   Thumb Code    60  stm32l562e_discovery_ospi.o(.text.BSP_OSPI_NOR_Read)
    BSP_OSPI_NOR_Write                       0x0807ac99   Thumb Code   176  stm32l562e_discovery_ospi.o(.text.BSP_OSPI_NOR_Write)
    COM_Flush                                0x0807ad49   Thumb Code    24  com.o(.text.COM_Flush)
    COM_Init                                 0x0807ad61   Thumb Code    76  com.o(.text.COM_Init)
    COM_Receive                              0x0807adad   Thumb Code    12  com.o(.text.COM_Receive)
    COM_Transmit                             0x0807adb9   Thumb Code    16  com.o(.text.COM_Transmit)
    FW_UPDATE_Run                            0x0807b021   Thumb Code   340  fw_update_app.o(.text.FW_UPDATE_Run)
    HAL_CRCEx_Polynomial_Set                 0x0807b175   Thumb Code    78  stm32l5xx_hal_crc_ex.o(.text.HAL_CRCEx_Polynomial_Set)
    HAL_CRC_Calculate                        0x0807b1c3   Thumb Code    70  stm32l5xx_hal_crc.o(.text.HAL_CRC_Calculate)
    HAL_CRC_Init                             0x0807b209   Thumb Code   112  stm32l5xx_hal_crc.o(.text.HAL_CRC_Init)
    HAL_CRC_MspInit                          0x0807b279   Thumb Code     2  stm32l5xx_hal_crc.o(.text.HAL_CRC_MspInit)
    HAL_DMA_Abort                            0x0807b27b   Thumb Code   102  stm32l5xx_hal_dma.o(.text.HAL_DMA_Abort)
    HAL_Delay                                0x0807b2e1   Thumb Code    36  stm32l5xx_hal.o(.text.HAL_Delay)
    HAL_GPIO_DeInit                          0x0807b305   Thumb Code   228  stm32l5xx_hal_gpio.o(.text.HAL_GPIO_DeInit)
    HAL_GPIO_Init                            0x0807b3e9   Thumb Code   360  stm32l5xx_hal_gpio.o(.text.HAL_GPIO_Init)
    HAL_GetTick                              0x0807b551   Thumb Code    72  tick.o(.text.HAL_GetTick)
    HAL_Init                                 0x0807b599   Thumb Code    32  stm32l5xx_hal.o(.text.HAL_Init)
    HAL_InitTick                             0x0807b5b9   Thumb Code    32  tick.o(.text.HAL_InitTick)
    HAL_MspInit                              0x0807b5d9   Thumb Code     2  stm32l5xx_hal.o(.text.HAL_MspInit)
    HAL_NVIC_SetPriorityGrouping             0x0807b5dd   Thumb Code    32  stm32l5xx_hal_cortex.o(.text.HAL_NVIC_SetPriorityGrouping)
    HAL_OSPI_Abort                           0x0807b5fd   Thumb Code   132  stm32l5xx_hal_ospi.o(.text.HAL_OSPI_Abort)
    HAL_OSPI_AutoPolling                     0x0807b681   Thumb Code   178  stm32l5xx_hal_ospi.o(.text.HAL_OSPI_AutoPolling)
    HAL_OSPI_Command                         0x0807b733   Thumb Code   182  stm32l5xx_hal_ospi.o(.text.HAL_OSPI_Command)
    HAL_OSPI_DeInit                          0x0807b7e9   Thumb Code    40  stm32l5xx_hal_ospi.o(.text.HAL_OSPI_DeInit)
    HAL_OSPI_Init                            0x0807b811   Thumb Code   244  stm32l5xx_hal_ospi.o(.text.HAL_OSPI_Init)
    HAL_OSPI_MspDeInit                       0x0807b905   Thumb Code     2  stm32l5xx_hal_ospi.o(.text.HAL_OSPI_MspDeInit)
    HAL_OSPI_MspInit                         0x0807b907   Thumb Code     2  stm32l5xx_hal_ospi.o(.text.HAL_OSPI_MspInit)
    HAL_OSPI_Receive                         0x0807b909   Thumb Code   176  stm32l5xx_hal_ospi.o(.text.HAL_OSPI_Receive)
    HAL_OSPI_Transmit                        0x0807b9b9   Thumb Code   142  stm32l5xx_hal_ospi.o(.text.HAL_OSPI_Transmit)
    HAL_RCC_GetHCLKFreq                      0x0807ba49   Thumb Code    28  stm32l5xx_hal_rcc.o(.text.HAL_RCC_GetHCLKFreq)
    HAL_RCC_GetPCLK1Freq                     0x0807ba65   Thumb Code    24  stm32l5xx_hal_rcc.o(.text.HAL_RCC_GetPCLK1Freq)
    HAL_RCC_GetPCLK2Freq                     0x0807ba7d   Thumb Code    32  stm32l5xx_hal_rcc.o(.text.HAL_RCC_GetPCLK2Freq)
    HAL_RCC_GetSysClockFreq                  0x0807ba9d   Thumb Code   140  stm32l5xx_hal_rcc.o(.text.HAL_RCC_GetSysClockFreq)
    HAL_UART_Init                            0x0807bb29   Thumb Code   100  stm32l5xx_hal_uart.o(.text.HAL_UART_Init)
    HAL_UART_MspInit                         0x0807bb8d   Thumb Code   152  com.o(.text.HAL_UART_MspInit)
    HAL_UART_Receive                         0x0807bc25   Thumb Code   234  stm32l5xx_hal_uart.o(.text.HAL_UART_Receive)
    HAL_UART_Transmit                        0x0807bd0f   Thumb Code   206  stm32l5xx_hal_uart.o(.text.HAL_UART_Transmit)
    MX25LM51245G_AutoPollingMemReady         0x0807bddd   Thumb Code   218  mx25lm51245g.o(.text.MX25LM51245G_AutoPollingMemReady)
    MX25LM51245G_BlockErase                  0x0807beb7   Thumb Code   204  mx25lm51245g.o(.text.MX25LM51245G_BlockErase)
    MX25LM51245G_GetFlashInfo                0x0807bf83   Thumb Code    52  mx25lm51245g.o(.text.MX25LM51245G_GetFlashInfo)
    MX25LM51245G_PageProgram                 0x0807bfb7   Thumb Code   184  mx25lm51245g.o(.text.MX25LM51245G_PageProgram)
    MX25LM51245G_PageProgramDTR              0x0807c06f   Thumb Code   132  mx25lm51245g.o(.text.MX25LM51245G_PageProgramDTR)
    MX25LM51245G_ReadCfg2Register            0x0807c0f3   Thumb Code   204  mx25lm51245g.o(.text.MX25LM51245G_ReadCfg2Register)
    MX25LM51245G_ReadDTR                     0x0807c1bf   Thumb Code   138  mx25lm51245g.o(.text.MX25LM51245G_ReadDTR)
    MX25LM51245G_ReadSTR                     0x0807c249   Thumb Code   194  mx25lm51245g.o(.text.MX25LM51245G_ReadSTR)
    MX25LM51245G_ReadSecurityRegister        0x0807c30b   Thumb Code   196  mx25lm51245g.o(.text.MX25LM51245G_ReadSecurityRegister)
    MX25LM51245G_ReadStatusRegister          0x0807c3cf   Thumb Code   196  mx25lm51245g.o(.text.MX25LM51245G_ReadStatusRegister)
    MX25LM51245G_ResetEnable                 0x0807c493   Thumb Code   116  mx25lm51245g.o(.text.MX25LM51245G_ResetEnable)
    MX25LM51245G_ResetMemory                 0x0807c507   Thumb Code   116  mx25lm51245g.o(.text.MX25LM51245G_ResetMemory)
    MX25LM51245G_WriteCfg2Register           0x0807c57b   Thumb Code   200  mx25lm51245g.o(.text.MX25LM51245G_WriteCfg2Register)
    MX25LM51245G_WriteEnable                 0x0807c643   Thumb Code   268  mx25lm51245g.o(.text.MX25LM51245G_WriteEnable)
    MX_OSPI_NOR_Init                         0x0807c751   Thumb Code    68  stm32l562e_discovery_ospi.o(.text.MX_OSPI_NOR_Init)
    Serial_PutByte                           0x0807cd0b   Thumb Code    20  common.o(.text.Serial_PutByte)
    Str2Int                                  0x0807cd1f   Thumb Code   170  common.o(.text.Str2Int)
    SystemCoreClockUpdate                    0x0807cdc9   Thumb Code   132  system_stm32l5xx.o(.text.SystemCoreClockUpdate)
    SystemInit                               0x0807ce4d   Thumb Code    16  system_stm32l5xx.o(.text.SystemInit)
    UART_AdvFeatureConfig                    0x0807ce5d   Thumb Code   170  stm32l5xx_hal_uart.o(.text.UART_AdvFeatureConfig)
    UART_CheckIdleState                      0x0807cf07   Thumb Code   100  stm32l5xx_hal_uart.o(.text.UART_CheckIdleState)
    UART_SetConfig                           0x0807cf6d   Thumb Code   548  stm32l5xx_hal_uart.o(.text.UART_SetConfig)
    UART_WaitOnFlagUntilTimeout              0x0807d191   Thumb Code   160  stm32l5xx_hal_uart.o(.text.UART_WaitOnFlagUntilTimeout)
    Ymodem_DataPktRxCpltCallback             0x0807d231   Thumb Code   108  fw_update_app.o(.text.Ymodem_DataPktRxCpltCallback)
    Ymodem_HeaderPktRxCpltCallback           0x0807d29d   Thumb Code    68  fw_update_app.o(.text.Ymodem_HeaderPktRxCpltCallback)
    Ymodem_Init                              0x0807d2e1   Thumb Code    76  ymodem.o(.text.Ymodem_Init)
    Ymodem_Receive                           0x0807d32d   Thumb Code   820  ymodem.o(.text.Ymodem_Receive)
    fputc                                    0x0807d685   Thumb Code    26  main.o(.text.fputc)
    main                                     0x0807d6a1   Thumb Code   116  main.o(.text.main)
    _fp_init                                 0x0807d715   Thumb Code    26  fpinit.o(x$fpl$fpinit)
    __fplib_config_fpu_vfp                   0x0807d72d   Thumb Code     0  fpinit.o(x$fpl$fpinit)
    __fplib_config_pureend_doubles           0x0807d72d   Thumb Code     0  fpinit.o(x$fpl$fpinit)
    AHBPrescTable                            0x0807d756   Data          16  system_stm32l5xx.o(.rodata.AHBPrescTable)
    APBPrescTable                            0x0807d766   Data           8  system_stm32l5xx.o(.rodata.APBPrescTable)
    MSIRangeTable                            0x0807d788   Data          64  system_stm32l5xx.o(.rodata.MSIRangeTable)
    MagicTrailerValue                        0x0807d7c8   Data          16  fw_update_app.o(.rodata.MagicTrailerValue)
    TFM_Driver_OSPI_FLASH0                   0x0807d7d8   Data          44  low_level_ospi_flash.o(.rodata.TFM_Driver_OSPI_FLASH0)
    UARTPrescTable                           0x0807d804   Data          24  stm32l5xx_hal_uart.o(.rodata.UARTPrescTable)
    Region$$Table$$Base                      0x0807da80   Number         0  anon$$obj.o(Region$$Table)
    Region$$Table$$Limit                     0x0807daa0   Number         0  anon$$obj.o(Region$$Table)
    uwTickFreq                               0x20000000   Data           1  stm32l5xx_hal.o(.data..L_MergedGlobals)
    uwTickPrio                               0x20000004   Data           4  stm32l5xx_hal.o(.data..L_MergedGlobals)
    OSPI_FLASH0_DEV                          0x20000008   Data          20  low_level_ospi_device.o(.data.OSPI_FLASH0_DEV)
    SystemCoreClock                          0x2000001c   Data           4  system_stm32l5xx.o(.data.SystemCoreClock)
    Ospi_Nor_Ctx                             0x20000032   Data           3  stm32l562e_discovery_ospi.o(.bss..L_MergedGlobals)
    hospi_nor                                0x20000038   Data          88  stm32l562e_discovery_ospi.o(.bss..L_MergedGlobals)
    m_aFileName                              0x200000c8   Data          65  ymodem.o(.bss..L_MergedGlobals)
    __stdout                                 0x200001ac   Data          84  main.o(.bss.__stdout)
    Image$$ARM_LIB_STACK$$ZI$$Base           0x20000a20   Number         0  anon$$obj.o ABSOLUTE
    Image$$ARM_LIB_HEAP$$ZI$$Base            0x20000e20   Number         0  anon$$obj.o ABSOLUTE
    Image$$ARM_LIB_STACK$$ZI$$Limit          0x20000e20   Number         0  anon$$obj.o ABSOLUTE
    Image$$ARM_LIB_HEAP$$ZI$$Limit           0x20001020   Number         0  anon$$obj.o ABSOLUTE



==============================================================================

Memory Map of the image

  Image Entry point : 0x0807a2a5

  Load Region LR_CODE (Base: 0x0807a000, Size: 0x00003ae0, Max: 0xffffffff, ABSOLUTE)

    Execution Region ER_CODE (Exec base: 0x0807a000, Load base: 0x0807a000, Size: 0x00003aa0, Max: 0x00006000, ABSOLUTE)

    Exec Addr    Load Addr    Size         Type   Attr      Idx    E Section Name        Object

    0x0807a000   0x0807a000   0x000001f4   Data   RO         1244    RESET               startup_stm32l562xx.o
    0x0807a1f4   0x0807a1f4   0x00000008   Code   RO         1319  * !!!main             c_w.l(__main.o)
    0x0807a1fc   0x0807a1fc   0x00000034   Code   RO         1516    !!!scatter          c_w.l(__scatter.o)
    0x0807a230   0x0807a230   0x0000001a   Code   RO         1518    !!handler_copy      c_w.l(__scatter_copy.o)
    0x0807a24a   0x0807a24a   0x00000002   PAD
    0x0807a24c   0x0807a24c   0x0000001c   Code   RO         1520    !!handler_zi        c_w.l(__scatter_zi.o)
    0x0807a268   0x0807a268   0x00000000   Code   RO         1306    .ARM.Collect$$_printf_percent$$00000000  c_w.l(_printf_percent.o)
    0x0807a268   0x0807a268   0x00000006   Code   RO         1305    .ARM.Collect$$_printf_percent$$0000000A  c_w.l(_printf_u.o)
    0x0807a26e   0x0807a26e   0x00000006   Code   RO         1304    .ARM.Collect$$_printf_percent$$0000000C  c_w.l(_printf_x.o)
    0x0807a274   0x0807a274   0x00000004   Code   RO         1330    .ARM.Collect$$_printf_percent$$00000017  c_w.l(_printf_percent_end.o)
    0x0807a278   0x0807a278   0x00000002   Code   RO         1376    .ARM.Collect$$libinit$$00000000  c_w.l(libinit.o)
    0x0807a27a   0x0807a27a   0x00000004   Code   RO         1388    .ARM.Collect$$libinit$$00000001  c_w.l(libinit2.o)
    0x0807a27e   0x0807a27e   0x00000000   Code   RO         1391    .ARM.Collect$$libinit$$00000004  c_w.l(libinit2.o)
    0x0807a27e   0x0807a27e   0x00000000   Code   RO         1394    .ARM.Collect$$libinit$$0000000A  c_w.l(libinit2.o)
    0x0807a27e   0x0807a27e   0x00000000   Code   RO         1396    .ARM.Collect$$libinit$$0000000C  c_w.l(libinit2.o)
    0x0807a27e   0x0807a27e   0x00000000   Code   RO         1398    .ARM.Collect$$libinit$$0000000E  c_w.l(libinit2.o)
    0x0807a27e   0x0807a27e   0x00000000   Code   RO         1401    .ARM.Collect$$libinit$$00000011  c_w.l(libinit2.o)
    0x0807a27e   0x0807a27e   0x00000000   Code   RO         1403    .ARM.Collect$$libinit$$00000013  c_w.l(libinit2.o)
    0x0807a27e   0x0807a27e   0x00000000   Code   RO         1405    .ARM.Collect$$libinit$$00000015  c_w.l(libinit2.o)
    0x0807a27e   0x0807a27e   0x00000000   Code   RO         1407    .ARM.Collect$$libinit$$00000017  c_w.l(libinit2.o)
    0x0807a27e   0x0807a27e   0x00000000   Code   RO         1409    .ARM.Collect$$libinit$$00000019  c_w.l(libinit2.o)
    0x0807a27e   0x0807a27e   0x00000000   Code   RO         1411    .ARM.Collect$$libinit$$0000001B  c_w.l(libinit2.o)
    0x0807a27e   0x0807a27e   0x00000000   Code   RO         1413    .ARM.Collect$$libinit$$0000001D  c_w.l(libinit2.o)
    0x0807a27e   0x0807a27e   0x00000000   Code   RO         1415    .ARM.Collect$$libinit$$0000001F  c_w.l(libinit2.o)
    0x0807a27e   0x0807a27e   0x00000000   Code   RO         1417    .ARM.Collect$$libinit$$00000021  c_w.l(libinit2.o)
    0x0807a27e   0x0807a27e   0x00000000   Code   RO         1419    .ARM.Collect$$libinit$$00000023  c_w.l(libinit2.o)
    0x0807a27e   0x0807a27e   0x00000000   Code   RO         1421    .ARM.Collect$$libinit$$00000025  c_w.l(libinit2.o)
    0x0807a27e   0x0807a27e   0x00000000   Code   RO         1425    .ARM.Collect$$libinit$$0000002C  c_w.l(libinit2.o)
    0x0807a27e   0x0807a27e   0x00000000   Code   RO         1427    .ARM.Collect$$libinit$$0000002E  c_w.l(libinit2.o)
    0x0807a27e   0x0807a27e   0x00000000   Code   RO         1429    .ARM.Collect$$libinit$$00000030  c_w.l(libinit2.o)
    0x0807a27e   0x0807a27e   0x00000000   Code   RO         1431    .ARM.Collect$$libinit$$00000032  c_w.l(libinit2.o)
    0x0807a27e   0x0807a27e   0x00000002   Code   RO         1432    .ARM.Collect$$libinit$$00000033  c_w.l(libinit2.o)
    0x0807a280   0x0807a280   0x00000002   Code   RO         1471    .ARM.Collect$$libshutdown$$00000000  c_w.l(libshutdown.o)
    0x0807a282   0x0807a282   0x00000000   Code   RO         1499    .ARM.Collect$$libshutdown$$00000002  c_w.l(libshutdown2.o)
    0x0807a282   0x0807a282   0x00000000   Code   RO         1501    .ARM.Collect$$libshutdown$$00000004  c_w.l(libshutdown2.o)
    0x0807a282   0x0807a282   0x00000000   Code   RO         1504    .ARM.Collect$$libshutdown$$00000007  c_w.l(libshutdown2.o)
    0x0807a282   0x0807a282   0x00000000   Code   RO         1507    .ARM.Collect$$libshutdown$$0000000A  c_w.l(libshutdown2.o)
    0x0807a282   0x0807a282   0x00000000   Code   RO         1509    .ARM.Collect$$libshutdown$$0000000C  c_w.l(libshutdown2.o)
    0x0807a282   0x0807a282   0x00000000   Code   RO         1512    .ARM.Collect$$libshutdown$$0000000F  c_w.l(libshutdown2.o)
    0x0807a282   0x0807a282   0x00000002   Code   RO         1513    .ARM.Collect$$libshutdown$$00000010  c_w.l(libshutdown2.o)
    0x0807a284   0x0807a284   0x00000000   Code   RO         1321    .ARM.Collect$$rtentry$$00000000  c_w.l(__rtentry.o)
    0x0807a284   0x0807a284   0x00000000   Code   RO         1334    .ARM.Collect$$rtentry$$00000002  c_w.l(__rtentry2.o)
    0x0807a284   0x0807a284   0x00000004   Code   RO         1348    .ARM.Collect$$rtentry$$00000007  c_w.l(__rtentry7.o)
    0x0807a288   0x0807a288   0x00000000   Code   RO         1336    .ARM.Collect$$rtentry$$00000009  c_w.l(__rtentry2.o)
    0x0807a288   0x0807a288   0x00000004   Code   RO         1337    .ARM.Collect$$rtentry$$0000000A  c_w.l(__rtentry2.o)
    0x0807a28c   0x0807a28c   0x00000000   Code   RO         1339    .ARM.Collect$$rtentry$$0000000C  c_w.l(__rtentry2.o)
    0x0807a28c   0x0807a28c   0x00000008   Code   RO         1340    .ARM.Collect$$rtentry$$0000000D  c_w.l(__rtentry2.o)
    0x0807a294   0x0807a294   0x00000004   Code   RO         1349    .ARM.Collect$$rtentry$$00002718  c_w.l(__rtentry7.o)
    0x0807a298   0x0807a298   0x00000002   Code   RO         1380    .ARM.Collect$$rtexit$$00000000  c_w.l(rtexit.o)
    0x0807a29a   0x0807a29a   0x00000000   Code   RO         1442    .ARM.Collect$$rtexit$$00000002  c_w.l(rtexit2.o)
    0x0807a29a   0x0807a29a   0x00000004   Code   RO         1443    .ARM.Collect$$rtexit$$00000003  c_w.l(rtexit2.o)
    0x0807a29e   0x0807a29e   0x00000006   Code   RO         1444    .ARM.Collect$$rtexit$$00000004  c_w.l(rtexit2.o)
    0x0807a2a4   0x0807a2a4   0x00000044   Code   RO         1245  * .text               startup_stm32l562xx.o
    0x0807a2e8   0x0807a2e8   0x000000f0   Code   RO         1253    .text               c_w.l(lludivv7m.o)
    0x0807a3d8   0x0807a3d8   0x00000018   Code   RO         1257    .text               c_w.l(noretval__2printf.o)
    0x0807a3f0   0x0807a3f0   0x00000068   Code   RO         1259    .text               c_w.l(__printf.o)
    0x0807a458   0x0807a458   0x00000078   Code   RO         1261    .text               c_w.l(_printf_dec.o)
    0x0807a4d0   0x0807a4d0   0x00000058   Code   RO         1266    .text               c_w.l(_printf_hex_int.o)
    0x0807a528   0x0807a528   0x0000002c   Code   RO         1307    .text               c_w.l(puts.o)
    0x0807a554   0x0807a554   0x00000046   Code   RO         1309    .text               c_w.l(setvbuf.o)
    0x0807a59a   0x0807a59a   0x00000010   Code   RO         1313    .text               c_w.l(aeabi_memset.o)
    0x0807a5aa   0x0807a5aa   0x0000004e   Code   RO         1315    .text               c_w.l(rt_memclr_w.o)
    0x0807a5f8   0x0807a5f8   0x00000006   Code   RO         1317    .text               c_w.l(heapauxi.o)
    0x0807a5fe   0x0807a5fe   0x000000b2   Code   RO         1326    .text               c_w.l(_printf_intcommon.o)
    0x0807a6b0   0x0807a6b0   0x00000024   Code   RO         1328    .text               c_w.l(_printf_char_file.o)
    0x0807a6d4   0x0807a6d4   0x00000044   Code   RO         1331    .text               c_w.l(rt_memclr.o)
    0x0807a718   0x0807a718   0x00000030   Code   RO         1355    .text               c_w.l(_printf_char_common.o)
    0x0807a748   0x0807a748   0x00000008   Code   RO         1357    .text               c_w.l(ferror.o)
    0x0807a750   0x0807a750   0x00000012   Code   RO         1365    .text               c_w.l(exit.o)
    0x0807a762   0x0807a762   0x00000002   PAD
    0x0807a764   0x0807a764   0x0000000c   Code   RO         1437    .text               c_w.l(sys_exit.o)
    0x0807a770   0x0807a770   0x00000002   Code   RO         1460    .text               c_w.l(use_no_semi.o)
    0x0807a772   0x0807a772   0x00000000   Code   RO         1462    .text               c_w.l(indicate_semi.o)
    0x0807a772   0x0807a772   0x00000002   PAD
    0x0807a774   0x0807a774   0x000000d0   Code   RO          951    .text.BSP_OSPI_NOR_ConfigFlash  stm32l562e_discovery_ospi.o
    0x0807a844   0x0807a844   0x000000b0   Code   RO          953    .text.BSP_OSPI_NOR_DeInit  stm32l562e_discovery_ospi.o
    0x0807a8f4   0x0807a8f4   0x00000030   Code   RO          955    .text.BSP_OSPI_NOR_DisableMemoryMappedMode  stm32l562e_discovery_ospi.o
    0x0807a924   0x0807a924   0x0000004c   Code   RO          961    .text.BSP_OSPI_NOR_Erase_Block  stm32l562e_discovery_ospi.o
    0x0807a970   0x0807a970   0x00000058   Code   RO          965    .text.BSP_OSPI_NOR_GetStatus  stm32l562e_discovery_ospi.o
    0x0807a9c8   0x0807a9c8   0x00000294   Code   RO          947    .text.BSP_OSPI_NOR_Init  stm32l562e_discovery_ospi.o
    0x0807ac5c   0x0807ac5c   0x0000003c   Code   RO          957    .text.BSP_OSPI_NOR_Read  stm32l562e_discovery_ospi.o
    0x0807ac98   0x0807ac98   0x000000b0   Code   RO          959    .text.BSP_OSPI_NOR_Write  stm32l562e_discovery_ospi.o
    0x0807ad48   0x0807ad48   0x00000018   Code   RO         1068    .text.COM_Flush     com.o
    0x0807ad60   0x0807ad60   0x0000004c   Code   RO         1056    .text.COM_Init      com.o
    0x0807adac   0x0807adac   0x0000000c   Code   RO         1066    .text.COM_Receive   com.o
    0x0807adb8   0x0807adb8   0x00000010   Code   RO         1064    .text.COM_Transmit  com.o
    0x0807adc8   0x0807adc8   0x00000034   Code   RO          749    .text.CRC_Handle_16  stm32l5xx_hal_crc.o
    0x0807adfc   0x0807adfc   0x00000066   Code   RO          747    .text.CRC_Handle_8  stm32l5xx_hal_crc.o
    0x0807ae62   0x0807ae62   0x00000002   PAD
    0x0807ae64   0x0807ae64   0x00000114   Code   RO         1108    .text.FW_UPDATE_DownloadNewFirmware  fw_update_app.o
    0x0807af78   0x0807af78   0x000000a8   Code   RO         1100    .text.FW_UPDATE_PrintWelcome  fw_update_app.o
    0x0807b020   0x0807b020   0x00000154   Code   RO         1098    .text.FW_UPDATE_Run  fw_update_app.o
    0x0807b174   0x0807b174   0x0000004e   Code   RO          763    .text.HAL_CRCEx_Polynomial_Set  stm32l5xx_hal_crc_ex.o
    0x0807b1c2   0x0807b1c2   0x00000046   Code   RO          751    .text.HAL_CRC_Calculate  stm32l5xx_hal_crc.o
    0x0807b208   0x0807b208   0x00000070   Code   RO          737    .text.HAL_CRC_Init  stm32l5xx_hal_crc.o
    0x0807b278   0x0807b278   0x00000002   Code   RO          739    .text.HAL_CRC_MspInit  stm32l5xx_hal_crc.o
    0x0807b27a   0x0807b27a   0x00000066   Code   RO          141    .text.HAL_DMA_Abort  stm32l5xx_hal_dma.o
    0x0807b2e0   0x0807b2e0   0x00000024   Code   RO           25    .text.HAL_Delay     stm32l5xx_hal.o
    0x0807b304   0x0807b304   0x000000e4   Code   RO          258    .text.HAL_GPIO_DeInit  stm32l5xx_hal_gpio.o
    0x0807b3e8   0x0807b3e8   0x00000168   Code   RO          256    .text.HAL_GPIO_Init  stm32l5xx_hal_gpio.o
    0x0807b550   0x0807b550   0x00000048   Code   RO         1149    .text.HAL_GetTick   tick.o
    0x0807b598   0x0807b598   0x00000020   Code   RO            5    .text.HAL_Init      stm32l5xx_hal.o
    0x0807b5b8   0x0807b5b8   0x00000020   Code   RO         1147    .text.HAL_InitTick  tick.o
    0x0807b5d8   0x0807b5d8   0x00000002   Code   RO            9    .text.HAL_MspInit   stm32l5xx_hal.o
    0x0807b5da   0x0807b5da   0x00000002   PAD
    0x0807b5dc   0x0807b5dc   0x00000020   Code   RO           85    .text.HAL_NVIC_SetPriorityGrouping  stm32l5xx_hal_cortex.o
    0x0807b5fc   0x0807b5fc   0x00000084   Code   RO          877    .text.HAL_OSPI_Abort  stm32l5xx_hal_ospi.o
    0x0807b680   0x0807b680   0x000000b2   Code   RO          867    .text.HAL_OSPI_AutoPolling  stm32l5xx_hal_ospi.o
    0x0807b732   0x0807b732   0x000000b6   Code   RO          839    .text.HAL_OSPI_Command  stm32l5xx_hal_ospi.o
    0x0807b7e8   0x0807b7e8   0x00000028   Code   RO          815    .text.HAL_OSPI_DeInit  stm32l5xx_hal_ospi.o
    0x0807b810   0x0807b810   0x000000f4   Code   RO          807    .text.HAL_OSPI_Init  stm32l5xx_hal_ospi.o
    0x0807b904   0x0807b904   0x00000002   Code   RO          817    .text.HAL_OSPI_MspDeInit  stm32l5xx_hal_ospi.o
    0x0807b906   0x0807b906   0x00000002   Code   RO          809    .text.HAL_OSPI_MspInit  stm32l5xx_hal_ospi.o
    0x0807b908   0x0807b908   0x000000b0   Code   RO          851    .text.HAL_OSPI_Receive  stm32l5xx_hal_ospi.o
    0x0807b9b8   0x0807b9b8   0x0000008e   Code   RO          849    .text.HAL_OSPI_Transmit  stm32l5xx_hal_ospi.o
    0x0807ba46   0x0807ba46   0x00000002   PAD
    0x0807ba48   0x0807ba48   0x0000001c   Code   RO          444    .text.HAL_RCC_GetHCLKFreq  stm32l5xx_hal_rcc.o
    0x0807ba64   0x0807ba64   0x00000018   Code   RO          452    .text.HAL_RCC_GetPCLK1Freq  stm32l5xx_hal_rcc.o
    0x0807ba7c   0x0807ba7c   0x00000020   Code   RO          454    .text.HAL_RCC_GetPCLK2Freq  stm32l5xx_hal_rcc.o
    0x0807ba9c   0x0807ba9c   0x0000008c   Code   RO          448    .text.HAL_RCC_GetSysClockFreq  stm32l5xx_hal_rcc.o
    0x0807bb28   0x0807bb28   0x00000064   Code   RO          548    .text.HAL_UART_Init  stm32l5xx_hal_uart.o
    0x0807bb8c   0x0807bb8c   0x00000098   Code   RO         1060    .text.HAL_UART_MspInit  com.o
    0x0807bc24   0x0807bc24   0x000000ea   Code   RO          572    .text.HAL_UART_Receive  stm32l5xx_hal_uart.o
    0x0807bd0e   0x0807bd0e   0x000000ce   Code   RO          568    .text.HAL_UART_Transmit  stm32l5xx_hal_uart.o
    0x0807bddc   0x0807bddc   0x000000da   Code   RO          996    .text.MX25LM51245G_AutoPollingMemReady  mx25lm51245g.o
    0x0807beb6   0x0807beb6   0x000000cc   Code   RO         1006    .text.MX25LM51245G_BlockErase  mx25lm51245g.o
    0x0807bf82   0x0807bf82   0x00000034   Code   RO          994    .text.MX25LM51245G_GetFlashInfo  mx25lm51245g.o
    0x0807bfb6   0x0807bfb6   0x000000b8   Code   RO         1002    .text.MX25LM51245G_PageProgram  mx25lm51245g.o
    0x0807c06e   0x0807c06e   0x00000084   Code   RO         1004    .text.MX25LM51245G_PageProgramDTR  mx25lm51245g.o
    0x0807c0f2   0x0807c0f2   0x000000cc   Code   RO         1032    .text.MX25LM51245G_ReadCfg2Register  mx25lm51245g.o
    0x0807c1be   0x0807c1be   0x0000008a   Code   RO         1000    .text.MX25LM51245G_ReadDTR  mx25lm51245g.o
    0x0807c248   0x0807c248   0x000000c2   Code   RO          998    .text.MX25LM51245G_ReadSTR  mx25lm51245g.o
    0x0807c30a   0x0807c30a   0x000000c4   Code   RO         1036    .text.MX25LM51245G_ReadSecurityRegister  mx25lm51245g.o
    0x0807c3ce   0x0807c3ce   0x000000c4   Code   RO         1022    .text.MX25LM51245G_ReadStatusRegister  mx25lm51245g.o
    0x0807c492   0x0807c492   0x00000074   Code   RO         1040    .text.MX25LM51245G_ResetEnable  mx25lm51245g.o
    0x0807c506   0x0807c506   0x00000074   Code   RO         1042    .text.MX25LM51245G_ResetMemory  mx25lm51245g.o
    0x0807c57a   0x0807c57a   0x000000c8   Code   RO         1030    .text.MX25LM51245G_WriteCfg2Register  mx25lm51245g.o
    0x0807c642   0x0807c642   0x0000010c   Code   RO         1018    .text.MX25LM51245G_WriteEnable  mx25lm51245g.o
    0x0807c74e   0x0807c74e   0x00000002   PAD
    0x0807c750   0x0807c750   0x00000044   Code   RO          949    .text.MX_OSPI_NOR_Init  stm32l562e_discovery_ospi.o
    0x0807c794   0x0807c794   0x000001bc   Code   RO          841    .text.OSPI_ConfigCmd  stm32l5xx_hal_ospi.o
    0x0807c950   0x0807c950   0x000000a8   Code   RO          973    .text.OSPI_NOR_EnterDOPIMode  stm32l562e_discovery_ospi.o
    0x0807c9f8   0x0807c9f8   0x0000008c   Code   RO          975    .text.OSPI_NOR_EnterSOPIMode  stm32l562e_discovery_ospi.o
    0x0807ca84   0x0807ca84   0x00000052   Code   RO          813    .text.OSPI_WaitFlagStateUntilTimeout  stm32l5xx_hal_ospi.o
    0x0807cad6   0x0807cad6   0x00000006   Code   RO         1202    .text.Ospi_Flash_EraseChip  low_level_ospi_flash.o
    0x0807cadc   0x0807cadc   0x00000068   Code   RO         1200    .text.Ospi_Flash_EraseSector  low_level_ospi_flash.o
    0x0807cb44   0x0807cb44   0x00000004   Code   RO         1188    .text.Ospi_Flash_GetCapabilities  low_level_ospi_flash.o
    0x0807cb48   0x0807cb48   0x00000008   Code   RO         1206    .text.Ospi_Flash_GetInfo  low_level_ospi_flash.o
    0x0807cb50   0x0807cb50   0x0000000c   Code   RO         1204    .text.Ospi_Flash_GetStatus  low_level_ospi_flash.o
    0x0807cb5c   0x0807cb5c   0x00000008   Code   RO         1186    .text.Ospi_Flash_GetVersion  low_level_ospi_flash.o
    0x0807cb64   0x0807cb64   0x0000001c   Code   RO         1190    .text.Ospi_Flash_Initialize  low_level_ospi_flash.o
    0x0807cb80   0x0807cb80   0x00000020   Code   RO         1194    .text.Ospi_Flash_PowerControl  low_level_ospi_flash.o
    0x0807cba0   0x0807cba0   0x00000074   Code   RO         1198    .text.Ospi_Flash_ProgramData  low_level_ospi_flash.o
    0x0807cc14   0x0807cc14   0x000000e4   Code   RO         1196    .text.Ospi_Flash_ReadData  low_level_ospi_flash.o
    0x0807ccf8   0x0807ccf8   0x00000012   Code   RO         1192    .text.Ospi_Flash_Uninitialize  low_level_ospi_flash.o
    0x0807cd0a   0x0807cd0a   0x00000014   Code   RO         1137    .text.Serial_PutByte  common.o
    0x0807cd1e   0x0807cd1e   0x000000aa   Code   RO         1135    .text.Str2Int       common.o
    0x0807cdc8   0x0807cdc8   0x00000084   Code   RO         1231    .text.SystemCoreClockUpdate  system_stm32l5xx.o
    0x0807ce4c   0x0807ce4c   0x00000010   Code   RO         1229    .text.SystemInit    system_stm32l5xx.o
    0x0807ce5c   0x0807ce5c   0x000000aa   Code   RO          554    .text.UART_AdvFeatureConfig  stm32l5xx_hal_uart.o
    0x0807cf06   0x0807cf06   0x00000064   Code   RO          556    .text.UART_CheckIdleState  stm32l5xx_hal_uart.o
    0x0807cf6a   0x0807cf6a   0x00000002   PAD
    0x0807cf6c   0x0807cf6c   0x00000224   Code   RO          552    .text.UART_SetConfig  stm32l5xx_hal_uart.o
    0x0807d190   0x0807d190   0x000000a0   Code   RO          570    .text.UART_WaitOnFlagUntilTimeout  stm32l5xx_hal_uart.o
    0x0807d230   0x0807d230   0x0000006c   Code   RO         1106    .text.Ymodem_DataPktRxCpltCallback  fw_update_app.o
    0x0807d29c   0x0807d29c   0x00000044   Code   RO         1104    .text.Ymodem_HeaderPktRxCpltCallback  fw_update_app.o
    0x0807d2e0   0x0807d2e0   0x0000004c   Code   RO         1121    .text.Ymodem_Init   ymodem.o
    0x0807d32c   0x0807d32c   0x00000334   Code   RO         1123    .text.Ymodem_Receive  ymodem.o
    0x0807d660   0x0807d660   0x00000024   Code   RO         1102    .text.__NVIC_SystemReset  fw_update_app.o
    0x0807d684   0x0807d684   0x0000001a   Code   RO         1083    .text.fputc         main.o
    0x0807d69e   0x0807d69e   0x00000002   PAD
    0x0807d6a0   0x0807d6a0   0x00000074   Code   RO         1085    .text.main          main.o
    0x0807d714   0x0807d714   0x0000001a   Code   RO         1454    x$fpl$fpinit        fz_wm.l(fpinit.o)
    0x0807d72e   0x0807d72e   0x00000028   Data   RO         1267    .constdata          c_w.l(_printf_hex_int.o)
    0x0807d756   0x0807d756   0x00000010   Data   RO         1234    .rodata.AHBPrescTable  system_stm32l5xx.o
    0x0807d766   0x0807d766   0x00000008   Data   RO         1235    .rodata.APBPrescTable  system_stm32l5xx.o
    0x0807d76e   0x0807d76e   0x00000002   PAD
    0x0807d770   0x0807d770   0x00000018   Data   RO         1211    .rodata.ARM_OSPI_FLASH0_DEV_DATA  low_level_ospi_flash.o
    0x0807d788   0x0807d788   0x00000040   Data   RO         1236    .rodata.MSIRangeTable  system_stm32l5xx.o
    0x0807d7c8   0x0807d7c8   0x00000010   Data   RO         1110    .rodata.MagicTrailerValue  fw_update_app.o
    0x0807d7d8   0x0807d7d8   0x0000002c   Data   RO         1210    .rodata.TFM_Driver_OSPI_FLASH0  low_level_ospi_flash.o
    0x0807d804   0x0807d804   0x00000018   Data   RO          686    .rodata.UARTPrescTable  stm32l5xx_hal_uart.o
    0x0807d81c   0x0807d81c   0x00000010   Data   RO          687    .rodata.cst16       stm32l5xx_hal_uart.o
    0x0807d82c   0x0807d82c   0x00000124   Data   RO         1087    .rodata.str1.1      main.o
    0x0807d950   0x0807d950   0x0000012f   Data   RO         1111    .rodata.str1.1      fw_update_app.o
    0x0807da7f   0x0807da7f   0x00000001   PAD
    0x0807da80   0x0807da80   0x00000020   Data   RO         1515    Region$$Table       anon$$obj.o


    Execution Region ER_DATA (Exec base: 0x20000000, Load base: 0x0807daa0, Size: 0x00000608, Max: 0x00030000, ABSOLUTE)

    Exec Addr    Load Addr    Size         Type   Attr      Idx    E Section Name        Object

    0x20000000   0x0807daa0   0x00000008   Data   RW           76    .data..L_MergedGlobals  stm32l5xx_hal.o
    0x20000008   0x0807daa8   0x00000014   Data   RW         1223    .data.OSPI_FLASH0_DEV  low_level_ospi_device.o
    0x2000001c   0x0807dabc   0x00000004   Data   RW         1233    .data.SystemCoreClock  system_stm32l5xx.o
    0x20000020   0x0807dac0   0x00000008   Data   RW         1221    .data.erase_vect    low_level_ospi_device.o
    0x20000028   0x0807dac8   0x00000008   Data   RW         1222    .data.write_vect    low_level_ospi_device.o
    0x20000030        -       0x00000060   Zero   RW          985    .bss..L_MergedGlobals  stm32l562e_discovery_ospi.o
    0x20000090        -       0x00000014   Zero   RW         1112    .bss..L_MergedGlobals  fw_update_app.o
    0x200000a4        -       0x00000065   Zero   RW         1126    .bss..L_MergedGlobals  ymodem.o
    0x20000109   0x0807dad0   0x00000003   PAD
    0x2000010c        -       0x0000000c   Zero   RW         1151    .bss..L_MergedGlobals  tick.o
    0x20000118        -       0x00000004   Zero   RW         1212    .bss.ARM_OSPI_FLASH0_STATUS  low_level_ospi_flash.o
    0x2000011c        -       0x00000090   Zero   RW         1074    .bss.UartHandle     com.o
    0x200001ac        -       0x00000054   Zero   RW         1088    .bss.__stdout       main.o
    0x20000200        -       0x00000406   Zero   RW         1125    .bss.m_aPacketData  ymodem.o


    Execution Region ARM_LIB_STACK_MSP (Exec base: 0x20000620, Load base: 0x0807dae0, Size: 0x00000400, Max: 0x00000400, ABSOLUTE)

    Exec Addr    Load Addr    Size         Type   Attr      Idx    E Section Name        Object

    0x20000620        -       0x00000400   Zero   RW            1    ARM_LIB_STACK_MSP.bss  anon$$obj.o


    Execution Region ARM_LIB_STACK (Exec base: 0x20000a20, Load base: 0x0807dae0, Size: 0x00000400, Max: 0x00000400, ABSOLUTE)

    Exec Addr    Load Addr    Size         Type   Attr      Idx    E Section Name        Object

    0x20000a20        -       0x00000400   Zero   RW            2    ARM_LIB_STACK.bss   anon$$obj.o


    Execution Region ARM_LIB_HEAP (Exec base: 0x20000e20, Load base: 0x0807dae0, Size: 0x00000200, Max: 0x00000200, ABSOLUTE)

    Exec Addr    Load Addr    Size         Type   Attr      Idx    E Section Name        Object

    0x20000e20        -       0x00000200   Zero   RW            3    ARM_LIB_HEAP.bss    anon$$obj.o


==============================================================================

Image component sizes


      Code (inc. data)   RO Data    RW Data    ZI Data      Debug   Object Name

       280         24          0          0        144       7451   com.o
       190          0          0          0          0       1558   common.o
       996        448        319          0         20       5705   fw_update_app.o
         0          0          0         36          0        926   low_level_ospi_device.o
       564         32         68          0          4       6657   low_level_ospi_flash.o
       142         56        292          0         84       1342   main.o
      2418          0          0          0          0      18685   mx25lm51245g.o
        68         28        500          0          0       1016   startup_stm32l562xx.o
      1868         40          0          0         96      15897   stm32l562e_discovery_ospi.o
        70          4          0          8          0      10300   stm32l5xx_hal.o
        32          8          0          0          0      10175   stm32l5xx_hal_cortex.o
       338          4          0          0          0       4848   stm32l5xx_hal_crc.o
        78          4          0          0          0       2724   stm32l5xx_hal_crc_ex.o
       102          0          0          0          0       9220   stm32l5xx_hal_dma.o
       588         12          0          0          0       4791   stm32l5xx_hal_gpio.o
      1624         12          0          0          0      20052   stm32l5xx_hal_ospi.o
       224         24          0          0          0      12230   stm32l5xx_hal_rcc.o
      1518         98         40          0          0      25952   stm32l5xx_hal_uart.o
       148         24         88          4          0       3774   system_stm32l5xx.o
       104         16          0          0         12       1470   tick.o
       896         40          0          0       1131       6200   ymodem.o

    ----------------------------------------------------------------------
     12260        874       1342         48       4056     170973   Object Totals
         0          0         32          0       2560          0   (incl. Generated)
        12          0          3          0          5          0   (incl. Padding)

    ----------------------------------------------------------------------

      Code (inc. data)   RO Data    RW Data    ZI Data      Debug   Library Member Name

         8          0          0          0          0         68   __main.o
       104          0          0          0          0         84   __printf.o
         0          0          0          0          0          0   __rtentry.o
        12          0          0          0          0          0   __rtentry2.o
         8          4          0          0          0          0   __rtentry7.o
        52          8          0          0          0          0   __scatter.o
        26          0          0          0          0          0   __scatter_copy.o
        28          0          0          0          0          0   __scatter_zi.o
        48          6          0          0          0         96   _printf_char_common.o
        36          4          0          0          0         80   _printf_char_file.o
       120         16          0          0          0         92   _printf_dec.o
        88          4         40          0          0         88   _printf_hex_int.o
       178          0          0          0          0         88   _printf_intcommon.o
         0          0          0          0          0          0   _printf_percent.o
         4          0          0          0          0          0   _printf_percent_end.o
         6          0          0          0          0          0   _printf_u.o
         6          0          0          0          0          0   _printf_x.o
        16          0          0          0          0         68   aeabi_memset.o
        18          0          0          0          0         80   exit.o
         8          0          0          0          0         68   ferror.o
         6          0          0          0          0        152   heapauxi.o
         0          0          0          0          0          0   indicate_semi.o
         2          0          0          0          0          0   libinit.o
         6          0          0          0          0          0   libinit2.o
         2          0          0          0          0          0   libshutdown.o
         2          0          0          0          0          0   libshutdown2.o
       240          0          0          0          0        100   lludivv7m.o
        24          4          0          0          0         84   noretval__2printf.o
        44          4          0          0          0         84   puts.o
        68          0          0          0          0         68   rt_memclr.o
        78          0          0          0          0         80   rt_memclr_w.o
         2          0          0          0          0          0   rtexit.o
        10          0          0          0          0          0   rtexit2.o
        70          0          0          0          0         80   setvbuf.o
        12          4          0          0          0         68   sys_exit.o
         2          0          0          0          0         68   use_no_semi.o
        26          0          0          0          0        116   fpinit.o

    ----------------------------------------------------------------------
      1366         54         40          0          0       1712   Library Totals
         6          0          0          0          0          0   (incl. Padding)

    ----------------------------------------------------------------------

      Code (inc. data)   RO Data    RW Data    ZI Data      Debug   Library Name

      1334         54         40          0          0       1596   c_w.l
        26          0          0          0          0        116   fz_wm.l

    ----------------------------------------------------------------------
      1366         54         40          0          0       1712   Library Totals

    ----------------------------------------------------------------------

==============================================================================


      Code (inc. data)   RO Data    RW Data    ZI Data      Debug   

     13626        928       1382         48       4056     171617   Grand Totals
     13626        928       1382         48       4056     171617   ELF Image Totals
     13626        928       1382         48          0          0   ROM Totals

==============================================================================

    Total RO  Size (Code + RO Data)                15008 (  14.66kB)
    Total RW  Size (RW Data + ZI Data)              4104 (   4.01kB)
    Total ROM Size (Code + RO Data + RW Data)      15056 (  14.70kB)

==============================================================================

