<html>
<body>
<pre>
<h1>µVision Build Log</h1>
<h2>Tool Versions:</h2>
IDE-Version: ¦ÌVision V5.31.0.0
Copyright (C) 2020 ARM Ltd and ARM Germany GmbH. All rights reserved.
License Information: mou fei, CMIOT, LIC=QF82M-XUL15-AREXW-QAEU2-31TV7-LCPR3
 
Tool Versions:
Toolchain:       MDK-ARM Plus  Version: 5.31.0.0
Toolchain Path:  D:\Program Files (x86)\Keil\ARM\ARMCLANG\Bin
C Compiler:      ArmClang.exe V6.14
Assembler:       Armasm.exe V6.14
Linker/Locator:  ArmLink.exe V6.14
Library Manager: ArmAr.exe V6.14
Hex Converter:   FromElf.exe V6.14
CPU DLL:         
Dialog DLL:      
Target DLL:      UL2V8M.DLL V1.6.5.0
Dialog DLL:      TCM.DLL V1.46.0.0
 
<h2>Project:</h2>
D:\GitLib\Sercure-Boot\en.stm32cubel5_v1-3-0\STM32Cube_FW_L5_V1.3.0\Projects\STM32L562E-DK\Applications\TFM\TFM_Loader\MDK-ARM\Project.uvprojx
Project File Date:  09/14/2020

<h2>Output:</h2>
*** Using Compiler 'V6.14', folder: 'D:\Program Files (x86)\Keil\ARM\ARMCLANG\Bin'
Rebuild target 'STM32L562E-DK_TFM_Loader'
compiling stm32l5xx_hal_cortex.c...
compiling stm32l5xx_hal_flash.c...
compiling stm32l5xx_hal_flash_ex.c...
compiling stm32l5xx_hal_dma_ex.c...
compiling stm32l5xx_hal_gpio.c...
compiling stm32l5xx_hal.c...
compiling stm32l5xx_hal_rcc.c...
compiling stm32l5xx_hal_pwr_ex.c...
compiling stm32l5xx_hal_pwr.c...
compiling stm32l5xx_hal_rcc_ex.c...
compiling stm32l5xx_hal_dma.c...
compiling stm32l5xx_hal_uart.c...
compiling stm32l5xx_hal_uart_ex.c...
compiling stm32l5xx_hal_crc.c...
compiling stm32l5xx_hal_exti.c...
compiling stm32l5xx_hal_crc_ex.c...
compiling com.c...
compiling stm32l5xx_hal_otfdec.c...
compiling main.c...
compiling stm32l562e_discovery_ospi.c...
compiling ymodem.c...
compiling fw_update_app.c...
compiling mx25lm51245g.c...
compiling stm32l5xx_hal_ospi.c...
assembling startup_stm32l562xx.s...
compiling tick.c...
compiling common.c...
compiling low_level_device.c...
compiling low_level_ospi_device.c...
compiling low_level_flash.c...
compiling system_stm32l5xx.c...
compiling low_level_ospi_flash.c...
linking...
Program Size: Code=13626 RO-data=1382 RW-data=48 ZI-data=4056  
After Build - User command #1: fromelf D:\GitLib\Sercure-Boot\en.stm32cubel5_v1-3-0\STM32Cube_FW_L5_V1.3.0\Projects\STM32L562E-DK\Applications\TFM\TFM_Loader\MDK-ARM\STM32L562E-DK_TFM_Loader\Exe\Project.axf --bin --output=D:\GitLib\Sercure-Boot\en.stm32cubel5_v1-3-0\STM32Cube_FW_L5_V1.3.0\Projects\STM32L562E-DK\Applications\TFM\TFM_Loader\MDK-ARM\STM32L562E-DK_TFM_Loader\Exe\Project.bin
After Build - User command #2: postbuild.bat .
D:\GitLib\Sercure-Boot\en.stm32cubel5_v1-3-0\STM32Cube_FW_L5_V1.3.0\Projects\STM32L562E-DK\Applications\TFM\TFM_Loader\MDK-ARM>set "projectdir=." 
D:\GitLib\Sercure-Boot\en.stm32cubel5_v1-3-0\STM32Cube_FW_L5_V1.3.0\Projects\STM32L562E-DK\Applications\TFM\TFM_Loader\MDK-ARM>set "operation=" 
D:\GitLib\Sercure-Boot\en.stm32cubel5_v1-3-0\STM32Cube_FW_L5_V1.3.0\Projects\STM32L562E-DK\Applications\TFM\TFM_Loader\MDK-ARM>set "userAppBinary=.\..\Binary" 
D:\GitLib\Sercure-Boot\en.stm32cubel5_v1-3-0\STM32Cube_FW_L5_V1.3.0\Projects\STM32L562E-DK\Applications\TFM\TFM_Loader\MDK-ARM>set "loader=.\STM32L562E-DK_TFM_Loader\Exe\Project.bin" 
D:\GitLib\Sercure-Boot\en.stm32cubel5_v1-3-0\STM32Cube_FW_L5_V1.3.0\Projects\STM32L562E-DK\Applications\TFM\TFM_Loader\MDK-ARM>set "binarydir=.\..\Binary" 
D:\GitLib\Sercure-Boot\en.stm32cubel5_v1-3-0\STM32Cube_FW_L5_V1.3.0\Projects\STM32L562E-DK\Applications\TFM\TFM_Loader\MDK-ARM>set "loader_bin=.\..\Binary\loader.bin" 
D:\GitLib\Sercure-Boot\en.stm32cubel5_v1-3-0\STM32Cube_FW_L5_V1.3.0\Projects\STM32L562E-DK\Applications\TFM\TFM_Loader\MDK-ARM>set loader_size=0x6000 
D:\GitLib\Sercure-Boot\en.stm32cubel5_v1-3-0\STM32Cube_FW_L5_V1.3.0\Projects\STM32L562E-DK\Applications\TFM\TFM_Loader\MDK-ARM>pushd .\..\..\..\..\..\..\Middlewares\Third_Party\mcuboot 
D:\GitLib\Sercure-Boot\en.stm32cubel5_v1-3-0\STM32Cube_FW_L5_V1.3.0\Middlewares\Third_Party\mcuboot>set mcuboot_dir=D:\GitLib\Sercure-Boot\en.stm32cubel5_v1-3-0\STM32Cube_FW_L5_V1.3.0\Middlewares\Third_Party\mcuboot 
D:\GitLib\Sercure-Boot\en.stm32cubel5_v1-3-0\STM32Cube_FW_L5_V1.3.0\Middlewares\Third_Party\mcuboot>popd
D:\GitLib\Sercure-Boot\en.stm32cubel5_v1-3-0\STM32Cube_FW_L5_V1.3.0\Projects\STM32L562E-DK\Applications\TFM\TFM_Loader\MDK-ARM>echo Postbuild with windows executable 
Postbuild with windows executable
D:\GitLib\Sercure-Boot\en.stm32cubel5_v1-3-0\STM32Cube_FW_L5_V1.3.0\Projects\STM32L562E-DK\Applications\TFM\TFM_Loader\MDK-ARM>set "imgtool=D:\GitLib\Sercure-Boot\en.stm32cubel5_v1-3-0\STM32Cube_FW_L5_V1.3.0\Middlewares\Third_Party\mcuboot\scripts\dist\imgtool\imgtool.exe" 
D:\GitLib\Sercure-Boot\en.stm32cubel5_v1-3-0\STM32Cube_FW_L5_V1.3.0\Projects\STM32L562E-DK\Applications\TFM\TFM_Loader\MDK-ARM>set "python=" 
D:\GitLib\Sercure-Boot\en.stm32cubel5_v1-3-0\STM32Cube_FW_L5_V1.3.0\Projects\STM32L562E-DK\Applications\TFM\TFM_Loader\MDK-ARM>if exist D:\GitLib\Sercure-Boot\en.stm32cubel5_v1-3-0\STM32Cube_FW_L5_V1.3.0\Middlewares\Third_Party\mcuboot\scripts\dist\imgtool\imgtool.exe (goto postbuild ) 
D:\GitLib\Sercure-Boot\en.stm32cubel5_v1-3-0\STM32Cube_FW_L5_V1.3.0\Projects\STM32L562E-DK\Applications\TFM\TFM_Loader\MDK-ARM>if not exist ".\..\Binary" (mkdir ".\..\Binary"  ) 
D:\GitLib\Sercure-Boot\en.stm32cubel5_v1-3-0\STM32Cube_FW_L5_V1.3.0\Projects\STM32L562E-DK\Applications\TFM\TFM_Loader\MDK-ARM>set "command=D:\GitLib\Sercure-Boot\en.stm32cubel5_v1-3-0\STM32Cube_FW_L5_V1.3.0\Middlewares\Third_Party\mcuboot\scripts\dist\imgtool\imgtool.exe ass  -i 0x6000 .\STM32L562E-DK_TFM_Loader\Exe\Project.bin .\..\Binary\loader.bin >> .\output.txt 2>&1" 
D:\GitLib\Sercure-Boot\en.stm32cubel5_v1-3-0\STM32Cube_FW_L5_V1.3.0\Projects\STM32L562E-DK\Applications\TFM\TFM_Loader\MDK-ARM>D:\GitLib\Sercure-Boot\en.stm32cubel5_v1-3-0\STM32Cube_FW_L5_V1.3.0\Middlewares\Third_Party\mcuboot\scripts\dist\imgtool\imgtool.exe ass  -i 0x6000 .\STM32L562E-DK_TFM_Loader\Exe\Project.bin .\..\Binary\loader.bin  1>>.\output.txt 2>&1 
D:\GitLib\Sercure-Boot\en.stm32cubel5_v1-3-0\STM32Cube_FW_L5_V1.3.0\Projects\STM32L562E-DK\Applications\TFM\TFM_Loader\MDK-ARM>IF 0 NEQ 0 goto :error 
D:\GitLib\Sercure-Boot\en.stm32cubel5_v1-3-0\STM32Cube_FW_L5_V1.3.0\Projects\STM32L562E-DK\Applications\TFM\TFM_Loader\MDK-ARM>exit 0 
".\STM32L562E-DK_TFM_Loader\Exe\Project.axf" - 0 Error(s), 0 Warning(s).

<h2>Software Packages used:</h2>

<h2>Collection of Component include folders:</h2>

<h2>Collection of Component Files used:</h2>
Build Time Elapsed:  00:00:07
</pre>
</body>
</html>
